Archive member included because of file (symbol)

C:\Iot_Fall_18_Workspace\soc-thermometer\platform\radio\rail_lib\autogen\librail_release\librail_efr32xg13_gcc_release.a(rail_pti.o)
                              ./pti.o (RAIL_ConfigPti)
C:\Iot_Fall_18_Workspace\soc-thermometer\platform\radio\rail_lib\autogen\librail_release\librail_efr32xg13_gcc_release.a(rail_rf_hal.o)
                              C:\Iot_Fall_18_Workspace\soc-thermometer\platform\radio\rail_lib\autogen\librail_release\librail_efr32xg13_gcc_release.a(rail_pti.o) (RFHAL_ConfigPti)
C:\Iot_Fall_18_Workspace\soc-thermometer\platform\radio\rail_lib\autogen\librail_release\librail_efr32xg13_gcc_release.a(rail_ieee802154_rf_hal.o)
                              C:\Iot_Fall_18_Workspace\soc-thermometer\platform\radio\rail_lib\autogen\librail_release\librail_efr32xg13_gcc_release.a(rail_rf_hal.o) (RFHAL_IEEE802154IsEnabled)
C:\Iot_Fall_18_Workspace\soc-thermometer\platform\radio\rail_lib\autogen\librail_release\librail_efr32xg13_gcc_release.a(ieee802154_efr32xg13_configurator_out.o)
                              C:\Iot_Fall_18_Workspace\soc-thermometer\platform\radio\rail_lib\autogen\librail_release\librail_efr32xg13_gcc_release.a(rail_ieee802154_rf_hal.o) (ieee802154_coherent_min)
C:\Iot_Fall_18_Workspace\soc-thermometer\platform\radio\rail_lib\autogen\librail_release\librail_efr32xg13_gcc_release.a(ieee802154_gb868_efr32xg13_configurator_out.o)
                              C:\Iot_Fall_18_Workspace\soc-thermometer\platform\radio\rail_lib\autogen\librail_release\librail_efr32xg13_gcc_release.a(rail_ieee802154_rf_hal.o) (ieee802154_gb868_config_915_min)
C:\Iot_Fall_18_Workspace\soc-thermometer\platform\radio\rail_lib\autogen\librail_release\librail_efr32xg13_gcc_release.a(rail_ble_rf_hal.o)
                              C:\Iot_Fall_18_Workspace\soc-thermometer\platform\radio\rail_lib\autogen\librail_release\librail_efr32xg13_gcc_release.a(rail_rf_hal.o) (RFHAL_IsBleLongRangeEnabled)
C:\Iot_Fall_18_Workspace\soc-thermometer\platform\radio\rail_lib\autogen\librail_release\librail_efr32xg13_gcc_release.a(ble_efr32xg13_configurator_out.o)
                              C:\Iot_Fall_18_Workspace\soc-thermometer\platform\radio\rail_lib\autogen\librail_release\librail_efr32xg13_gcc_release.a(rail_ble_rf_hal.o) (ble_viterbi2M_min)
C:\Iot_Fall_18_Workspace\soc-thermometer\platform\radio\rail_lib\autogen\librail_release\librail_efr32xg13_gcc_release.a(rail_singleprotocol.o)
                              C:\Iot_Fall_18_Workspace\soc-thermometer\platform\radio\rail_lib\autogen\librail_release\librail_efr32xg13_gcc_release.a(rail_rf_hal.o) (RAIL_ActiveHandle)
C:\Iot_Fall_18_Workspace\soc-thermometer\platform\radio\rail_lib\autogen\librail_release\librail_efr32xg13_gcc_release.a(rail_rf.o)
                              C:\Iot_Fall_18_Workspace\soc-thermometer\platform\radio\rail_lib\autogen\librail_release\librail_efr32xg13_gcc_release.a(rail_singleprotocol.o) (RAILCore_Init)
C:\Iot_Fall_18_Workspace\soc-thermometer\platform\radio\rail_lib\autogen\librail_release\librail_efr32xg13_gcc_release.a(rail_rx.o)
                              C:\Iot_Fall_18_Workspace\soc-thermometer\platform\radio\rail_lib\autogen\librail_release\librail_efr32xg13_gcc_release.a(rail_rf_hal.o) (RAILCore_StartRx)
C:\Iot_Fall_18_Workspace\soc-thermometer\platform\radio\rail_lib\autogen\librail_release\librail_efr32xg13_gcc_release.a(rail_tx.o)
                              C:\Iot_Fall_18_Workspace\soc-thermometer\platform\radio\rail_lib\autogen\librail_release\librail_efr32xg13_gcc_release.a(rail_singleprotocol.o) (RAILCore_StartTxStream)
C:\Iot_Fall_18_Workspace\soc-thermometer\platform\radio\rail_lib\autogen\librail_release\librail_efr32xg13_gcc_release.a(rail_calibration.o)
                              C:\Iot_Fall_18_Workspace\soc-thermometer\platform\radio\rail_lib\autogen\librail_release\librail_efr32xg13_gcc_release.a(rail_rf_hal.o) (RAILInt_PendCal)
C:\Iot_Fall_18_Workspace\soc-thermometer\platform\radio\rail_lib\autogen\librail_release\librail_efr32xg13_gcc_release.a(rail_data.o)
                              C:\Iot_Fall_18_Workspace\soc-thermometer\platform\radio\rail_lib\autogen\librail_release\librail_efr32xg13_gcc_release.a(rail_rf_hal.o) (RAILCb_SetupRxFifo)
C:\Iot_Fall_18_Workspace\soc-thermometer\platform\radio\rail_lib\autogen\librail_release\librail_efr32xg13_gcc_release.a(rail_assert.o)
                              C:\Iot_Fall_18_Workspace\soc-thermometer\platform\radio\rail_lib\autogen\librail_release\librail_efr32xg13_gcc_release.a(rail_rf.o) (RAILInt_Assert)
C:\Iot_Fall_18_Workspace\soc-thermometer\platform\radio\rail_lib\autogen\librail_release\librail_efr32xg13_gcc_release.a(rail_rssi.o)
                              C:\Iot_Fall_18_Workspace\soc-thermometer\platform\radio\rail_lib\autogen\librail_release\librail_efr32xg13_gcc_release.a(rail_singleprotocol.o) (RAILCore_GetRssi)
[...]
Memory Configuration

Name             Origin             Length             Attributes
FLASH_BOOTLOADER 0x0fe10000         0x00004000         xr
FLASH            0x00000000         0x0007f000         xr
RAM              0x20000000         0x00010000         xrw
*default*        0x00000000         0xffffffff

Linker script and memory map

LOAD c:/siliconlabs/simplicitystudio/v4/developer/toolchains/gnu_arm/4.9_2015q3/bin/../lib/gcc/arm-none-eabi/4.9.3/armv7e-m/softfp/crti.o
LOAD c:/siliconlabs/simplicitystudio/v4/developer/toolchains/gnu_arm/4.9_2015q3/bin/../lib/gcc/arm-none-eabi/4.9.3/armv7e-m/softfp/crtbegin.o
LOAD c:/siliconlabs/simplicitystudio/v4/developer/toolchains/gnu_arm/4.9_2015q3/bin/../lib/gcc/arm-none-eabi/4.9.3/../../../../arm-none-eabi/lib/armv7e-m/softfp/crt0.o
START GROUP
LOAD ./application_properties.o
LOAD ./gatt_db.o
LOAD ./init_app.o
LOAD ./init_board.o
LOAD ./init_mcu.o
LOAD ./main.o
LOAD ./pti.o
LOAD ./hardware/kit/common/bsp/bsp_stk.o
LOAD ./hardware/kit/common/drivers/i2cspm.o
LOAD ./hardware/kit/common/drivers/mx25flash_spi.o
LOAD ./hardware/kit/common/drivers/si7013.o
LOAD ./hardware/kit/common/drivers/tempsens.o
LOAD ./hardware/kit/common/drivers/udelay.o
LOAD ./platform/Device/SiliconLabs/EFR32BG13P/Source/GCC/startup_efr32bg13p.o
LOAD ./platform/Device/SiliconLabs/EFR32BG13P/Source/system_efr32bg13p.o
LOAD ./platform/emdrv/sleep/src/sleep.o
LOAD ./platform/emlib/src/em_cmu.o
LOAD ./platform/emlib/src/em_core.o
LOAD ./platform/emlib/src/em_cryotimer.o
LOAD ./platform/emlib/src/em_crypto.o
LOAD ./platform/emlib/src/em_emu.o
LOAD ./platform/emlib/src/em_gpio.o
LOAD ./platform/emlib/src/em_i2c.o
LOAD ./platform/emlib/src/em_msc.o
LOAD ./platform/emlib/src/em_rmu.o
LOAD ./platform/emlib/src/em_rtcc.o
LOAD ./platform/emlib/src/em_system.o
LOAD ./platform/emlib/src/em_timer.o
LOAD ./platform/emlib/src/em_usart.o
LOAD ./src/cmu.o
LOAD ./src/gpio.o
LOAD C:\Iot_Fall_18_Workspace\soc-thermometer\platform\radio\rail_lib\autogen\librail_release\librail_efr32xg13_gcc_release.a
LOAD C:\Iot_Fall_18_Workspace\soc-thermometer\protocol\bluetooth\lib\EFR32BG13P\GCC\binapploader.o
LOAD C:\Iot_Fall_18_Workspace\soc-thermometer\protocol\bluetooth\lib\EFR32BG13P\GCC\libbluetooth.a
LOAD C:\Iot_Fall_18_Workspace\soc-thermometer\protocol\bluetooth\lib\EFR32BG13P\GCC\libpsstore.a
LOAD C:\Iot_Fall_18_Workspace\soc-thermometer\protocol\bluetooth\lib\EFR32BG13P\GCC\libmbedtls.a
LOAD c:/siliconlabs/simplicitystudio/v4/developer/toolchains/gnu_arm/4.9_2015q3/bin/../lib/gcc/arm-none-eabi/4.9.3/../../../../arm-none-eabi/lib/armv7e-m/softfp\libm.a
END GROUP
START GROUP
LOAD c:/siliconlabs/simplicitystudio/v4/developer/toolchains/gnu_arm/4.9_2015q3/bin/../lib/gcc/arm-none-eabi/4.9.3/armv7e-m/softfp\libgcc.a
LOAD c:/siliconlabs/simplicitystudio/v4/developer/toolchains/gnu_arm/4.9_2015q3/bin/../lib/gcc/arm-none-eabi/4.9.3/../../../../arm-none-eabi/lib/armv7e-m/softfp\libc_nano.a
LOAD c:/siliconlabs/simplicitystudio/v4/developer/toolchains/gnu_arm/4.9_2015q3/bin/../lib/gcc/arm-none-eabi/4.9.3/../../../../arm-none-eabi/lib/armv7e-m/softfp\libnosys.a
END GROUP
START GROUP
LOAD c:/siliconlabs/simplicitystudio/v4/developer/toolchains/gnu_arm/4.9_2015q3/bin/../lib/gcc/arm-none-eabi/4.9.3/armv7e-m/softfp\libgcc.a
LOAD c:/siliconlabs/simplicitystudio/v4/developer/toolchains/gnu_arm/4.9_2015q3/bin/../lib/gcc/arm-none-eabi/4.9.3/../../../../arm-none-eabi/lib/armv7e-m/softfp\libg_nano.a
LOAD c:/siliconlabs/simplicitystudio/v4/developer/toolchains/gnu_arm/4.9_2015q3/bin/../lib/gcc/arm-none-eabi/4.9.3/../../../../arm-none-eabi/lib/armv7e-m/softfp\libc_nano.a
END GROUP
START GROUP
LOAD c:/siliconlabs/simplicitystudio/v4/developer/toolchains/gnu_arm/4.9_2015q3/bin/../lib/gcc/arm-none-eabi/4.9.3/armv7e-m/softfp\libgcc.a
LOAD c:/siliconlabs/simplicitystudio/v4/developer/toolchains/gnu_arm/4.9_2015q3/bin/../lib/gcc/arm-none-eabi/4.9.3/../../../../arm-none-eabi/lib/armv7e-m/softfp\libc_nano.a
END GROUP
LOAD c:/siliconlabs/simplicitystudio/v4/developer/toolchains/gnu_arm/4.9_2015q3/bin/../lib/gcc/arm-none-eabi/4.9.3/armv7e-m/softfp/crtend.o
LOAD c:/siliconlabs/simplicitystudio/v4/developer/toolchains/gnu_arm/4.9_2015q3/bin/../lib/gcc/arm-none-eabi/4.9.3/armv7e-m/softfp/crtn.o

.text_bootloader
                0x0fe10000        0x0
 *(.binbootloader*)
                0x0fe10000                . = ALIGN (0x4000)

.text_apploader
                0x00000000     0x8fc0
 *(.binapploader*)
 .binapploader  0x00000000     0x8fc0 C:\Iot_Fall_18_Workspace\soc-thermometer\protocol\bluetooth\lib\EFR32BG13P\GCC\binapploader.o

.text_signature
                0x00008fc0       0x40
                0x00009000                . = ALIGN (0x800)
 *fill*         0x00008fc0       0x40 
                0x00009000                __text_start__ = .

.text_application
                0x00009000    0x1f6e4
 *(.vectors)
 .vectors       0x00009000       0xfc ./platform/Device/SiliconLabs/EFR32BG13P/Source/GCC/startup_efr32bg13p.o
                0x00009000                __Vectors
                0x000090fc                __Vectors_End = .
                0x000000fc                __Vectors_Size = (__Vectors_End - __Vectors)
                0x000090fc                __end__ = .
 *(.application_properties)
 .application_properties
                0x000090fc       0x38 ./application_properties.o
                0x000090fc                applicationProperties
 *(.gecko_configuration)
 *(.xo_configuration)
 *(.gatt_header)
 .gatt_header   0x00009134       0x34 ./gatt_db.o
                0x00009134                bg_gattdb_data
 *(.gatt_data)
 .gatt_data     0x00009168      0x1c6 ./gatt_db.o
                0x00009168                bg_gattdb_data_adv_uuid128_map
                0x0000916c                bg_gattdb_data_adv_uuid16_map
                0x00009170                bg_gattdb_data_attributes_dynamic_mapping_map
                0x00009178                bg_gattdb_data_attributes_map
                0x0000925c                bg_gattdb_data_attribute_field_0
                0x00009260                bg_gattdb_data_attribute_field_1
                0x00009268                bg_gattdb_data_attribute_field_2
                0x00009270                bg_gattdb_data_attribute_field_4
                0x00009274                bg_gattdb_data_attribute_field_5
                0x0000927c                bg_gattdb_data_attribute_field_6
                0x00009284                bg_gattdb_data_attribute_field_7
                0x0000928c                bg_gattdb_data_attribute_field_8
                0x00009290                bg_gattdb_data_attribute_field_9
                0x00009294                bg_gattdb_data_attribute_field_10
                0x0000929c                bg_gattdb_data_attribute_field_11
                0x000092ac                bg_gattdb_data_attribute_field_12
                0x000092b0                bg_gattdb_data_attribute_field_13
                0x000092b8                bg_gattdb_data_attribute_field_14
                0x000092c0                bg_gattdb_data_attribute_field_16
                0x000092d4                bg_gattdb_data_attribute_field_17
                0x000092ec                bg_gattdb_data_attribute_field_18
                0x000092f4                bg_gattdb_data_uuidtable_128_map
                0x00009314                bg_gattdb_data_uuidtable_16_map
 *(.text*)
 *fill*         0x0000932e        0x2 
 .text          0x00009330       0x5c c:/siliconlabs/simplicitystudio/v4/developer/toolchains/gnu_arm/4.9_2015q3/bin/../lib/gcc/arm-none-eabi/4.9.3/armv7e-m/softfp/crtbegin.o
 .text          0x0000938c       0x74 c:/siliconlabs/simplicitystudio/v4/developer/toolchains/gnu_arm/4.9_2015q3/bin/../lib/gcc/arm-none-eabi/4.9.3/../../../../arm-none-eabi/lib/armv7e-m/softfp/crt0.o
                0x0000938c                _start
                0x0000938c                _mainCRTStartup
 .text.initBoard
                0x00009400       0x48 ./init_board.o
                0x00009400                initBoard
 .text.initMcu  0x00009448      0x118 ./init_mcu.o
                0x00009448                initMcu
 .text.main     0x00009560       0x80 ./main.o
                0x00009560                main
 .text.Wait_Flash_WarmUp
                0x000095e0       0x20 ./hardware/kit/common/drivers/mx25flash_spi.o
                0x000095e0                Wait_Flash_WarmUp
 .text.MX25_init
                0x00009600       0x90 ./hardware/kit/common/drivers/mx25flash_spi.o
                0x00009600                MX25_init
 .text.InsertDummyCycle
                0x00009690       0x20 ./hardware/kit/common/drivers/mx25flash_spi.o
                0x00009690                InsertDummyCycle
 .text.SendByte
                0x000096b0       0x14 ./hardware/kit/common/drivers/mx25flash_spi.o
                0x000096b0                SendByte
 .text.MX25_DP  0x000096c4       0x38 ./hardware/kit/common/drivers/mx25flash_spi.o
                0x000096c4                MX25_DP
 .text.Default_Handler
                0x000096fc        0x4 ./platform/Device/SiliconLabs/EFR32BG13P/Source/GCC/startup_efr32bg13p.o
                0x000096fc                DebugMon_Handler
                0x000096fc                USART0_TX_IRQHandler
                0x000096fc                I2C0_IRQHandler
                0x000096fc                HardFault_Handler
                0x000096fc                SysTick_Handler
                0x000096fc                USART1_RX_IRQHandler
                0x000096fc                PendSV_Handler
                0x000096fc                NMI_Handler
                0x000096fc                I2C1_IRQHandler
                0x000096fc                WTIMER0_IRQHandler
                0x000096fc                CRYPTO0_IRQHandler
                0x000096fc                WDOG0_IRQHandler
                0x000096fc                USART1_TX_IRQHandler
                0x000096fc                SMU_IRQHandler
                0x000096fc                MSC_IRQHandler
                0x000096fc                ADC0_IRQHandler
                0x000096fc                UsageFault_Handler
                0x000096fc                WDOG1_IRQHandler
                0x000096fc                LEUART0_IRQHandler
                0x000096fc                FPUEH_IRQHandler
                0x000096fc                GPIO_EVEN_IRQHandler
                0x000096fc                VDAC0_IRQHandler
                0x000096fc                LDMA_IRQHandler
                0x000096fc                CSEN_IRQHandler
                0x000096fc                CRYPTO1_IRQHandler
                0x000096fc                TIMER0_IRQHandler
                0x000096fc                LETIMER0_IRQHandler
                0x000096fc                TIMER1_IRQHandler
                0x000096fc                TRNG0_IRQHandler
                0x000096fc                USART2_RX_IRQHandler
                0x000096fc                Default_Handler
                0x000096fc                EMU_IRQHandler
                0x000096fc                CRYOTIMER_IRQHandler
                0x000096fc                PCNT0_IRQHandler
                0x000096fc                ACMP0_IRQHandler
                0x000096fc                USART0_RX_IRQHandler
                0x000096fc                MemManage_Handler
                0x000096fc                SVC_Handler
                0x000096fc                RTCC_IRQHandler
                0x000096fc                CMU_IRQHandler
                0x000096fc                LESENSE_IRQHandler
                0x000096fc                GPIO_ODD_IRQHandler
                0x000096fc                BusFault_Handler
                0x000096fc                USART2_TX_IRQHandler
                0x000096fc                IDAC0_IRQHandler
 .text.Reset_Handler
                0x00009700       0x2c ./platform/Device/SiliconLabs/EFR32BG13P/Source/GCC/startup_efr32bg13p.o
                0x00009700                Reset_Handler
 .text.SystemMaxCoreClockGet
                0x0000972c        0x8 ./platform/Device/SiliconLabs/EFR32BG13P/Source/system_efr32bg13p.o
                0x0000972c                SystemMaxCoreClockGet
 .text.SystemHFClockGet
                0x00009734       0x50 ./platform/Device/SiliconLabs/EFR32BG13P/Source/system_efr32bg13p.o
                0x00009734                SystemHFClockGet
 .text.SystemCoreClockGet
                0x00009784       0x24 ./platform/Device/SiliconLabs/EFR32BG13P/Source/system_efr32bg13p.o
                0x00009784                SystemCoreClockGet
 .text.SystemHFXOClockGet
                0x000097a8        0xc ./platform/Device/SiliconLabs/EFR32BG13P/Source/system_efr32bg13p.o
                0x000097a8                SystemHFXOClockGet
 .text.SystemHFXOClockSet
                0x000097b4       0x24 ./platform/Device/SiliconLabs/EFR32BG13P/Source/system_efr32bg13p.o
                0x000097b4                SystemHFXOClockSet
 .text.SystemInit
                0x000097d8       0x14 ./platform/Device/SiliconLabs/EFR32BG13P/Source/system_efr32bg13p.o
                0x000097d8                SystemInit
 .text.SystemLFRCOClockGet
                0x000097ec        0x8 ./platform/Device/SiliconLabs/EFR32BG13P/Source/system_efr32bg13p.o
                0x000097ec                SystemLFRCOClockGet
 .text.SystemULFRCOClockGet
                0x000097f4        0x8 ./platform/Device/SiliconLabs/EFR32BG13P/Source/system_efr32bg13p.o
                0x000097f4                SystemULFRCOClockGet
 .text.SystemLFXOClockGet
                0x000097fc        0xc ./platform/Device/SiliconLabs/EFR32BG13P/Source/system_efr32bg13p.o
                0x000097fc                SystemLFXOClockGet
 .text.SystemLFXOClockSet
                0x00009808       0x24 ./platform/Device/SiliconLabs/EFR32BG13P/Source/system_efr32bg13p.o
                0x00009808                SystemLFXOClockSet
 .text.sleepCallbackWrapper
                0x0000982c       0x14 ./platform/emdrv/sleep/src/sleep.o
 .text.SLEEP_Init
                0x00009840       0x40 ./platform/emdrv/sleep/src/sleep.o
                0x00009840                SLEEP_Init
 .text.SLEEP_SleepBlockBegin
                0x00009880       0x28 ./platform/emdrv/sleep/src/sleep.o
                0x00009880                SLEEP_SleepBlockBegin
 .text.setHfLeConfig
                0x000098a8       0x44 ./platform/emlib/src/em_cmu.o
 .text.flashWaitStateControl
                0x000098ec       0x50 ./platform/emlib/src/em_cmu.o
 .text.flashWaitStateMax
                0x0000993c       0x24 ./platform/emlib/src/em_cmu.o
 .text.CMU_UpdateWaitStates
                0x00009960       0x20 ./platform/emlib/src/em_cmu.o
                0x00009960                CMU_UpdateWaitStates
 .text.CMU_ClockEnable
                0x00009980       0x90 ./platform/emlib/src/em_cmu.o
                0x00009980                CMU_ClockEnable
 .text.CMU_ClockSelectGet
                0x00009a10       0xf4 ./platform/emlib/src/em_cmu.o
                0x00009a10                CMU_ClockSelectGet
 .text.lfClkGet
                0x00009b04       0x8c ./platform/emlib/src/em_cmu.o
 .text.CMU_ClockFreqGet
                0x00009b90      0x1d0 ./platform/emlib/src/em_cmu.o
                0x00009b90                CMU_ClockFreqGet
 .text.CMU_HFXOAutostartEnable
                0x00009d60       0x68 ./platform/emlib/src/em_cmu.o
                0x00009d60                CMU_HFXOAutostartEnable
 .text.CMU_OscillatorTuningSet
                0x00009dc8       0xa4 ./platform/emlib/src/em_cmu.o
                0x00009dc8                CMU_OscillatorTuningSet
 .text.CMU_OscillatorTuningWait
                0x00009e6c       0x50 ./platform/emlib/src/em_cmu.o
                0x00009e6c                CMU_OscillatorTuningWait
 .text.CMU_OscillatorTuningOptimize
                0x00009ebc       0x2c ./platform/emlib/src/em_cmu.o
                0x00009ebc                CMU_OscillatorTuningOptimize
 .text.CMU_OscillatorEnable
                0x00009ee8      0x124 ./platform/emlib/src/em_cmu.o
                0x00009ee8                CMU_OscillatorEnable
 .text.CMU_ClockSelectSet
                0x0000a00c      0x1d0 ./platform/emlib/src/em_cmu.o
                0x0000a00c                CMU_ClockSelectSet
 .text.CMU_HFXOInit
                0x0000a1dc       0x7c ./platform/emlib/src/em_cmu.o
                0x0000a1dc                CMU_HFXOInit
 .text.CMU_LFXOInit
                0x0000a258       0x40 ./platform/emlib/src/em_cmu.o
                0x0000a258                CMU_LFXOInit
 .text.CORE_EnterCritical
                0x0000a298        0x8 ./platform/emlib/src/em_core.o
                0x0000a298                CORE_EnterCritical
 .text.CORE_ExitCritical
                0x0000a2a0        0x8 ./platform/emlib/src/em_core.o
                0x0000a2a0                CORE_ExitCritical
 .text.CORE_EnterAtomic
                0x0000a2a8        0x8 ./platform/emlib/src/em_core.o
                0x0000a2a8                CORE_EnterAtomic
 .text.CORE_ExitAtomic
                0x0000a2b0        0x8 ./platform/emlib/src/em_core.o
                0x0000a2b0                CORE_ExitAtomic
 .text.CORE_SetNvicRamTableHandler
                0x0000a2b8       0x10 ./platform/emlib/src/em_core.o
                0x0000a2b8                CORE_SetNvicRamTableHandler
 .text.CORE_InitNvicVectorTable
                0x0000a2c8       0x4c ./platform/emlib/src/em_core.o
                0x0000a2c8                CORE_InitNvicVectorTable
 .text.CRYPTO_ModulusSet
                0x0000a314       0x30 ./platform/emlib/src/em_crypto.o
                0x0000a314                CRYPTO_ModulusSet
 .text.CRYPTO_KeyRead
                0x0000a344       0x2c ./platform/emlib/src/em_crypto.o
                0x0000a344                CRYPTO_KeyRead
 .text.lpGetDevinfoVrefLowHigh
                0x0000a370       0xc0 ./platform/emlib/src/em_emu.o
 .text.EMU_VScaleEM01
                0x0000a430       0x6c ./platform/emlib/src/em_emu.o
                0x0000a430                EMU_VScaleEM01
 .text.EMU_VScaleEM01ByClock
                0x0000a49c       0x48 ./platform/emlib/src/em_emu.o
                0x0000a49c                EMU_VScaleEM01ByClock
 .text.EMU_EM01Init
                0x0000a4e4       0x18 ./platform/emlib/src/em_emu.o
                0x0000a4e4                EMU_EM01Init
 .text.EMU_EM23Init
                0x0000a4fc       0x18 ./platform/emlib/src/em_emu.o
                0x0000a4fc                EMU_EM23Init
 .text.EMU_DCDCModeSet
                0x0000a514       0x9c ./platform/emlib/src/em_emu.o
                0x0000a514                EMU_DCDCModeSet
 .text.EMU_DCDCOutputVoltageSet
                0x0000a5b0      0x1e4 ./platform/emlib/src/em_emu.o
                0x0000a5b0                EMU_DCDCOutputVoltageSet
 .text.EMU_DCDCOptimizeSlice
                0x0000a794      0x10c ./platform/emlib/src/em_emu.o
                0x0000a794                EMU_DCDCOptimizeSlice
 .text.EMU_DCDCLnRcoBandSet
                0x0000a8a0       0x28 ./platform/emlib/src/em_emu.o
                0x0000a8a0                EMU_DCDCLnRcoBandSet
 .text.EMU_DCDCInit
                0x0000a8c8       0xec ./platform/emlib/src/em_emu.o
                0x0000a8c8                EMU_DCDCInit
 .text.GPIO_DriveStrengthSet
                0x0000a9b4       0x20 ./platform/emlib/src/em_gpio.o
                0x0000a9b4                GPIO_DriveStrengthSet
 .text.GPIO_PinModeSet
                0x0000a9d4       0xb0 ./platform/emlib/src/em_gpio.o
                0x0000a9d4                GPIO_PinModeSet
 .text.MSC_Init
                0x0000aa84       0x20 ./platform/emlib/src/em_msc.o
                0x0000aa84                MSC_Init
 .text.MSC_Deinit
                0x0000aaa4       0x14 ./platform/emlib/src/em_msc.o
                0x0000aaa4                MSC_Deinit
 .text.RMU_ResetCauseClear
                0x0000aab8        0xc ./platform/emlib/src/em_rmu.o
                0x0000aab8                RMU_ResetCauseClear
 .text.RMU_ResetCauseGet
                0x0000aac4       0x64 ./platform/emlib/src/em_rmu.o
                0x0000aac4                RMU_ResetCauseGet
 .text.RTCC_Init
                0x0000ab28       0x64 ./platform/emlib/src/em_rtcc.o
                0x0000ab28                RTCC_Init
 .text.SYSTEM_ChipRevisionGet
                0x0000ab8c       0x34 ./platform/emlib/src/em_system.o
                0x0000ab8c                SYSTEM_ChipRevisionGet
 .text.USART_BaudrateSyncSet
                0x0000abc0       0x24 ./platform/emlib/src/em_usart.o
                0x0000abc0                USART_BaudrateSyncSet
 .text.USART_Reset
                0x0000abe4       0x5c ./platform/emlib/src/em_usart.o
                0x0000abe4                USART_Reset
 .text.USART_InitSync
                0x0000ac40       0x84 ./platform/emlib/src/em_usart.o
                0x0000ac40                USART_InitSync
 .text.USART_SpiTransfer
                0x0000acc4       0x18 ./platform/emlib/src/em_usart.o
                0x0000acc4                USART_SpiTransfer
 .text.cmu_init
                0x0000acdc       0x10 ./src/cmu.o
                0x0000acdc                cmu_init
 .text.gpio_init
                0x0000acec       0x2c ./src/gpio.o
                0x0000acec                gpio_init
 .text.eventDefault
                0x0000ad18        0x2 C:\Iot_Fall_18_Workspace\soc-thermometer\platform\radio\rail_lib\autogen\librail_release\librail_efr32xg13_gcc_release.a(rail_rf_hal.o)
 *fill*         0x0000ad1a        0x2 
 .text.RFHAL_NotifyUserOfIrCal
                0x0000ad1c       0x78 C:\Iot_Fall_18_Workspace\soc-thermometer\platform\radio\rail_lib\autogen\librail_release\librail_efr32xg13_gcc_release.a(rail_rf_hal.o)
 *fill*         0x0000ad94        0x4 
 .text.GENERIC_PHY_EventCallback
                0x0000ad98      0x194 C:\Iot_Fall_18_Workspace\soc-thermometer\platform\radio\rail_lib\autogen\librail_release\librail_efr32xg13_gcc_release.a(rail_rf_hal.o)
                0x0000ad98                GENERIC_PHY_EventCallback
 .text.RFHAL_IntEnable
                0x0000af2c       0x58 C:\Iot_Fall_18_Workspace\soc-thermometer\platform\radio\rail_lib\autogen\librail_release\librail_efr32xg13_gcc_release.a(rail_rf_hal.o)
                0x0000af2c                RFHAL_IntEnable
 .text.RFHAL_SetEventCallback
                0x0000af84       0x18 C:\Iot_Fall_18_Workspace\soc-thermometer\platform\radio\rail_lib\autogen\librail_release\librail_efr32xg13_gcc_release.a(rail_rf_hal.o)
                0x0000af84                RFHAL_SetEventCallback
 .text.RFHAL_SetPtiProtocol
                0x0000af9c       0x20 C:\Iot_Fall_18_Workspace\soc-thermometer\platform\radio\rail_lib\autogen\librail_release\librail_efr32xg13_gcc_release.a(rail_rf_hal.o)
                0x0000af9c                RFHAL_SetPtiProtocol
 .text.RFHAL_Idle
                0x0000afbc       0x2a C:\Iot_Fall_18_Workspace\soc-thermometer\platform\radio\rail_lib\autogen\librail_release\librail_efr32xg13_gcc_release.a(rail_rf_hal.o)
                0x0000afbc                RFHAL_Idle
 *fill*         0x0000afe6        0x2 
 .text.RFHAL_GetRadioState
                0x0000afe8       0x48 C:\Iot_Fall_18_Workspace\soc-thermometer\platform\radio\rail_lib\autogen\librail_release\librail_efr32xg13_gcc_release.a(rail_rf_hal.o)
                0x0000afe8                RFHAL_GetRadioState
 .text.RFHAL_OkToTransmit
                0x0000b030       0x18 C:\Iot_Fall_18_Workspace\soc-thermometer\platform\radio\rail_lib\autogen\librail_release\librail_efr32xg13_gcc_release.a(rail_rf_hal.o)
                0x0000b030                RFHAL_OkToTransmit
 .text.RFHAL_ScheduleRx
                0x0000b048       0x5a C:\Iot_Fall_18_Workspace\soc-thermometer\platform\radio\rail_lib\autogen\librail_release\librail_efr32xg13_gcc_release.a(rail_rf_hal.o)
                0x0000b048                RFHAL_ScheduleRx
 *fill*         0x0000b0a2        0x2 
 .text.RFHAL_EnableRxRawCapture
                0x0000b0a4       0x58 C:\Iot_Fall_18_Workspace\soc-thermometer\platform\radio\rail_lib\autogen\librail_release\librail_efr32xg13_gcc_release.a(rail_rf_hal.o)
                0x0000b0a4                RFHAL_EnableRxRawCapture
 .text.RFHAL_DisableRxRawCapture
                0x0000b0fc       0x50 C:\Iot_Fall_18_Workspace\soc-thermometer\platform\radio\rail_lib\autogen\librail_release\librail_efr32xg13_gcc_release.a(rail_rf_hal.o)
                0x0000b0fc                RFHAL_DisableRxRawCapture
 .text.RFHAL_AcceptCrcErrors
                0x0000b14c       0x18 C:\Iot_Fall_18_Workspace\soc-thermometer\platform\radio\rail_lib\autogen\librail_release\librail_efr32xg13_gcc_release.a(rail_rf_hal.o)
                0x0000b14c                RFHAL_AcceptCrcErrors
 .text.RFHAL_ConfigRxOptions
                0x0000b164      0x124 C:\Iot_Fall_18_Workspace\soc-thermometer\platform\radio\rail_lib\autogen\librail_release\librail_efr32xg13_gcc_release.a(rail_rf_hal.o)
                0x0000b164                RFHAL_ConfigRxOptions
 .text.RFHAL_GetTimer
                0x0000b288        0xc C:\Iot_Fall_18_Workspace\soc-thermometer\platform\radio\rail_lib\autogen\librail_release\librail_efr32xg13_gcc_release.a(rail_rf_hal.o)
                0x0000b288                RFHAL_GetTimer
 .text.RFHAL_CancelTimer
                0x0000b294       0x28 C:\Iot_Fall_18_Workspace\soc-thermometer\platform\radio\rail_lib\autogen\librail_release\librail_efr32xg13_gcc_release.a(rail_rf_hal.o)
                0x0000b294                RFHAL_CancelTimer
 .text.RFHAL_SetTimer
                0x0000b2bc       0x7c C:\Iot_Fall_18_Workspace\soc-thermometer\platform\radio\rail_lib\autogen\librail_release\librail_efr32xg13_gcc_release.a(rail_rf_hal.o)
                0x0000b2bc                RFHAL_SetTimer
 .text.RFHAL_IsTimerExpired
                0x0000b338       0x1c C:\Iot_Fall_18_Workspace\soc-thermometer\platform\radio\rail_lib\autogen\librail_release\librail_efr32xg13_gcc_release.a(rail_rf_hal.o)
                0x0000b338                RFHAL_IsTimerExpired
 .text.RFHAL_IsTimerRunning
                0x0000b354        0x6 C:\Iot_Fall_18_Workspace\soc-thermometer\platform\radio\rail_lib\autogen\librail_release\librail_efr32xg13_gcc_release.a(rail_rf_hal.o)
                0x0000b354                RFHAL_IsTimerRunning
 *fill*         0x0000b35a        0x2 
 .text.RFHAL_CalcBitRate
                0x0000b35c        0xc C:\Iot_Fall_18_Workspace\soc-thermometer\platform\radio\rail_lib\autogen\librail_release\librail_efr32xg13_gcc_release.a(rail_rf_hal.o)
                0x0000b35c                RFHAL_CalcBitRate
 .text.RFHAL_GetBitRate
                0x0000b368       0x22 C:\Iot_Fall_18_Workspace\soc-thermometer\platform\radio\rail_lib\autogen\librail_release\librail_efr32xg13_gcc_release.a(rail_rf_hal.o)
                0x0000b368                RFHAL_GetBitRate
 *fill*         0x0000b38a        0x2 
 .text.RFHAL_SetTxTransitions
                0x0000b38c       0x1c C:\Iot_Fall_18_Workspace\soc-thermometer\platform\radio\rail_lib\autogen\librail_release\librail_efr32xg13_gcc_release.a(rail_rf_hal.o)
                0x0000b38c                RFHAL_SetTxTransitions
 .text.RFHAL_SetRxTransitions
                0x0000b3a8       0x1c C:\Iot_Fall_18_Workspace\soc-thermometer\platform\radio\rail_lib\autogen\librail_release\librail_efr32xg13_gcc_release.a(rail_rf_hal.o)
                0x0000b3a8                RFHAL_SetRxTransitions
 .text.RFHAL_SetCRCInitVal
                0x0000b3c4        0x4 C:\Iot_Fall_18_Workspace\soc-thermometer\platform\radio\rail_lib\autogen\librail_release\librail_efr32xg13_gcc_release.a(rail_rf_hal.o)
                0x0000b3c4                RFHAL_SetCRCInitVal
 .text.RFHAL_ConfigTxPower
                0x0000b3c8        0xc C:\Iot_Fall_18_Workspace\soc-thermometer\platform\radio\rail_lib\autogen\librail_release\librail_efr32xg13_gcc_release.a(rail_rf_hal.o)
                0x0000b3c8                RFHAL_ConfigTxPower
 .text.RFHAL_SetTxPowerUnchecked
                0x0000b3d4       0x18 C:\Iot_Fall_18_Workspace\soc-thermometer\platform\radio\rail_lib\autogen\librail_release\librail_efr32xg13_gcc_release.a(rail_rf_hal.o)
                0x0000b3d4                RFHAL_SetTxPowerUnchecked
 .text.RFHAL_SetTxPower
                0x0000b3ec       0x40 C:\Iot_Fall_18_Workspace\soc-thermometer\platform\radio\rail_lib\autogen\librail_release\librail_efr32xg13_gcc_release.a(rail_rf_hal.o)
                0x0000b3ec                RFHAL_SetTxPower
 .text.RFHAL_GetTxPowerConfig
                0x0000b42c        0xc C:\Iot_Fall_18_Workspace\soc-thermometer\platform\radio\rail_lib\autogen\librail_release\librail_efr32xg13_gcc_release.a(rail_rf_hal.o)
                0x0000b42c                RFHAL_GetTxPowerConfig
 .text.RFHAL_GetTxPower
                0x0000b438        0x4 C:\Iot_Fall_18_Workspace\soc-thermometer\platform\radio\rail_lib\autogen\librail_release\librail_efr32xg13_gcc_release.a(rail_rf_hal.o)
                0x0000b438                RFHAL_GetTxPower
 .text.RFHAL_SetChannel
                0x0000b43c       0xc4 C:\Iot_Fall_18_Workspace\soc-thermometer\platform\radio\rail_lib\autogen\librail_release\librail_efr32xg13_gcc_release.a(rail_rf_hal.o)
                0x0000b43c                RFHAL_SetChannel
 .text.RFHAL_IsAutoAckEnabled
                0x0000b500        0x6 C:\Iot_Fall_18_Workspace\soc-thermometer\platform\radio\rail_lib\autogen\librail_release\librail_efr32xg13_gcc_release.a(rail_rf_hal.o)
                0x0000b500                RFHAL_IsAutoAckEnabled
 *fill*         0x0000b506        0x2 
 .text.RFHAL_AutoAckWaitForAck
                0x0000b508       0x18 C:\Iot_Fall_18_Workspace\soc-thermometer\platform\radio\rail_lib\autogen\librail_release\librail_efr32xg13_gcc_release.a(rail_rf_hal.o)
                0x0000b508                RFHAL_AutoAckWaitForAck
 .text.preTxOps
                0x0000b520       0xf4 C:\Iot_Fall_18_Workspace\soc-thermometer\platform\radio\rail_lib\autogen\librail_release\librail_efr32xg13_gcc_release.a(rail_rf_hal.o)
 .text.RFHAL_StartTx
                0x0000b614       0x12 C:\Iot_Fall_18_Workspace\soc-thermometer\platform\radio\rail_lib\autogen\librail_release\librail_efr32xg13_gcc_release.a(rail_rf_hal.o)
                0x0000b614                RFHAL_StartTx
 .text.RFHAL_StartScheduledTx
                0x0000b626       0x3c C:\Iot_Fall_18_Workspace\soc-thermometer\platform\radio\rail_lib\autogen\librail_release\librail_efr32xg13_gcc_release.a(rail_rf_hal.o)
                0x0000b626                RFHAL_StartScheduledTx
 *fill*         0x0000b662        0x2 
 .text.RFHAL_GetRxPacketInfo
                0x0000b664       0x48 C:\Iot_Fall_18_Workspace\soc-thermometer\platform\radio\rail_lib\autogen\librail_release\librail_efr32xg13_gcc_release.a(rail_rf_hal.o)
                0x0000b664                RFHAL_GetRxPacketInfo
 .text.RFHAL_GetRxPacketDetailsAlt
                0x0000b6ac       0x98 C:\Iot_Fall_18_Workspace\soc-thermometer\platform\radio\rail_lib\autogen\librail_release\librail_efr32xg13_gcc_release.a(rail_rf_hal.o)
                0x0000b6ac                RFHAL_GetRxPacketDetailsAlt
 .text.RFHAL_GetRxPacketDetails
                0x0000b744       0x22 C:\Iot_Fall_18_Workspace\soc-thermometer\platform\radio\rail_lib\autogen\librail_release\librail_efr32xg13_gcc_release.a(rail_rf_hal.o)
                0x0000b744                RFHAL_GetRxPacketDetails
 .text.RFHAL_SetTxBuffer
                0x0000b766       0x34 C:\Iot_Fall_18_Workspace\soc-thermometer\platform\radio\rail_lib\autogen\librail_release\librail_efr32xg13_gcc_release.a(rail_rf_hal.o)
                0x0000b766                RFHAL_SetTxBuffer
 .text.RFHAL_SetRxBuffer
                0x0000b79a       0x2c C:\Iot_Fall_18_Workspace\soc-thermometer\platform\radio\rail_lib\autogen\librail_release\librail_efr32xg13_gcc_release.a(rail_rf_hal.o)
                0x0000b79a                RFHAL_SetRxBuffer
 *fill*         0x0000b7c6        0x2 
 .text.RFHAL_ResetTxFifo
                0x0000b7c8       0x2c C:\Iot_Fall_18_Workspace\soc-thermometer\platform\radio\rail_lib\autogen\librail_release\librail_efr32xg13_gcc_release.a(rail_rf_hal.o)
                0x0000b7c8                RFHAL_ResetTxFifo
 .text.RFHAL_WriteTxFifo
                0x0000b7f4       0x4c C:\Iot_Fall_18_Workspace\soc-thermometer\platform\radio\rail_lib\autogen\librail_release\librail_efr32xg13_gcc_release.a(rail_rf_hal.o)
                0x0000b7f4                RFHAL_WriteTxFifo
 .text.RFHAL_ResetRxFifo
                0x0000b840       0x40 C:\Iot_Fall_18_Workspace\soc-thermometer\platform\radio\rail_lib\autogen\librail_release\librail_efr32xg13_gcc_release.a(rail_rf_hal.o)
                0x0000b840                RFHAL_ResetRxFifo
 .text.RFHAL_ConfigData
                0x0000b880       0x7c C:\Iot_Fall_18_Workspace\soc-thermometer\platform\radio\rail_lib\autogen\librail_release\librail_efr32xg13_gcc_release.a(rail_rf_hal.o)
                0x0000b880                RFHAL_ConfigData
 .text.RFHAL_SetAbortScheduledTxDuringRx
                0x0000b8fc       0x18 C:\Iot_Fall_18_Workspace\soc-thermometer\platform\radio\rail_lib\autogen\librail_release\librail_efr32xg13_gcc_release.a(rail_rf_hal.o)
                0x0000b8fc                RFHAL_SetAbortScheduledTxDuringRx
 .text.RFHAL_ConfigRadio
                0x0000b914       0xac C:\Iot_Fall_18_Workspace\soc-thermometer\platform\radio\rail_lib\autogen\librail_release\librail_efr32xg13_gcc_release.a(rail_rf_hal.o)
                0x0000b914                RFHAL_ConfigRadio
 .text.RFHAL_ConfigFrameTypeLength
                0x0000b9c0       0x70 C:\Iot_Fall_18_Workspace\soc-thermometer\platform\radio\rail_lib\autogen\librail_release\librail_efr32xg13_gcc_release.a(rail_rf_hal.o)
                0x0000b9c0                RFHAL_ConfigFrameTypeLength
 .text.RFHAL_GetTime
                0x0000ba30        0x4 C:\Iot_Fall_18_Workspace\soc-thermometer\platform\radio\rail_lib\autogen\librail_release\librail_efr32xg13_gcc_release.a(rail_rf_hal.o)
                0x0000ba30                RFHAL_GetTime
 .text.RFHAL_ResetAddressFilter
                0x0000ba34       0x10 C:\Iot_Fall_18_Workspace\soc-thermometer\platform\radio\rail_lib\autogen\librail_release\librail_efr32xg13_gcc_release.a(rail_rf_hal.o)
                0x0000ba34                RFHAL_ResetAddressFilter
 .text.RFHAL_Init
                0x0000ba44       0xa8 C:\Iot_Fall_18_Workspace\soc-thermometer\platform\radio\rail_lib\autogen\librail_release\librail_efr32xg13_gcc_release.a(rail_rf_hal.o)
                0x0000ba44                RFHAL_Init
 .text.RFHAL_GetRadioEntropy
                0x0000baec        0x4 C:\Iot_Fall_18_Workspace\soc-thermometer\platform\radio\rail_lib\autogen\librail_release\librail_efr32xg13_gcc_release.a(rail_rf_hal.o)
                0x0000baec                RFHAL_GetRadioEntropy
 .text.RFHAL_SetStateTiming
                0x0000baf0       0x56 C:\Iot_Fall_18_Workspace\soc-thermometer\platform\radio\rail_lib\autogen\librail_release\librail_efr32xg13_gcc_release.a(rail_rf_hal.o)
                0x0000baf0                RFHAL_SetStateTiming
 .text.RFHAL_IEEE802154IsEnabled
                0x0000bb46        0x6 C:\Iot_Fall_18_Workspace\soc-thermometer\platform\radio\rail_lib\autogen\librail_release\librail_efr32xg13_gcc_release.a(rail_ieee802154_rf_hal.o)
                0x0000bb46                RFHAL_IEEE802154IsEnabled
 .text.RFHAL_ConfigBle2MbpsViterbi
                0x0000bb4c       0x28 C:\Iot_Fall_18_Workspace\soc-thermometer\platform\radio\rail_lib\autogen\librail_release\librail_efr32xg13_gcc_release.a(rail_ble_rf_hal.o)
                0x0000bb4c                RFHAL_ConfigBle2MbpsViterbi
 .text.RFHAL_ConfigBle1MbpsViterbi
                0x0000bb74       0x28 C:\Iot_Fall_18_Workspace\soc-thermometer\platform\radio\rail_lib\autogen\librail_release\librail_efr32xg13_gcc_release.a(rail_ble_rf_hal.o)
                0x0000bb74                RFHAL_ConfigBle1MbpsViterbi
 .text.RFHAL_ConfigBleCoded
                0x0000bb9c       0x34 C:\Iot_Fall_18_Workspace\soc-thermometer\platform\radio\rail_lib\autogen\librail_release\librail_efr32xg13_gcc_release.a(rail_ble_rf_hal.o)
                0x0000bb9c                RFHAL_ConfigBleCoded
 .text.RFHAL_BleReinit
                0x0000bbd0       0x1c C:\Iot_Fall_18_Workspace\soc-thermometer\platform\radio\rail_lib\autogen\librail_release\librail_efr32xg13_gcc_release.a(rail_ble_rf_hal.o)
                0x0000bbd0                RFHAL_BleReinit
 .text.RFHAL_BleInit
                0x0000bbec       0x12 C:\Iot_Fall_18_Workspace\soc-thermometer\platform\radio\rail_lib\autogen\librail_release\librail_efr32xg13_gcc_release.a(rail_ble_rf_hal.o)
                0x0000bbec                RFHAL_BleInit
 *fill*         0x0000bbfe        0x2 
 .text.RFHAL_IsBleLongRangeEnabled
                0x0000bc00       0x18 C:\Iot_Fall_18_Workspace\soc-thermometer\platform\radio\rail_lib\autogen\librail_release\librail_efr32xg13_gcc_release.a(rail_ble_rf_hal.o)
                0x0000bc00                RFHAL_IsBleLongRangeEnabled
 .text.RFHAL_BLEPreambleSyncWordSet
                0x0000bc18       0x44 C:\Iot_Fall_18_Workspace\soc-thermometer\platform\radio\rail_lib\autogen\librail_release\librail_efr32xg13_gcc_release.a(rail_ble_rf_hal.o)
                0x0000bc18                RFHAL_BLEPreambleSyncWordSet
 .text.RFHAL_BLEWhiteningSet
                0x0000bc5c       0x68 C:\Iot_Fall_18_Workspace\soc-thermometer\platform\radio\rail_lib\autogen\librail_release\librail_efr32xg13_gcc_release.a(rail_ble_rf_hal.o)
                0x0000bc5c                RFHAL_BLEWhiteningSet
 .text.setMultiTimer
                0x0000bcc4        0x4 C:\Iot_Fall_18_Workspace\soc-thermometer\platform\radio\rail_lib\autogen\librail_release\librail_efr32xg13_gcc_release.a(rail_singleprotocol.o)
 .text.cancelMultiTimer
                0x0000bcc8        0x4 C:\Iot_Fall_18_Workspace\soc-thermometer\platform\radio\rail_lib\autogen\librail_release\librail_efr32xg13_gcc_release.a(rail_singleprotocol.o)
 .text.isMultiTimerExpired
                0x0000bccc        0x4 C:\Iot_Fall_18_Workspace\soc-thermometer\platform\radio\rail_lib\autogen\librail_release\librail_efr32xg13_gcc_release.a(rail_singleprotocol.o)
 .text.getMultiTimer
                0x0000bcd0        0x4 C:\Iot_Fall_18_Workspace\soc-thermometer\platform\radio\rail_lib\autogen\librail_release\librail_efr32xg13_gcc_release.a(rail_singleprotocol.o)
 .text.getActiveTimerCb
                0x0000bcd4       0x18 C:\Iot_Fall_18_Workspace\soc-thermometer\platform\radio\rail_lib\autogen\librail_release\librail_efr32xg13_gcc_release.a(rail_singleprotocol.o)
 .text.isMultiTimerRunning
                0x0000bcec        0x4 C:\Iot_Fall_18_Workspace\soc-thermometer\platform\radio\rail_lib\autogen\librail_release\librail_efr32xg13_gcc_release.a(rail_singleprotocol.o)
 .text.RAIL_Init
                0x0000bcf0       0x20 C:\Iot_Fall_18_Workspace\soc-thermometer\platform\radio\rail_lib\autogen\librail_release\librail_efr32xg13_gcc_release.a(rail_singleprotocol.o)
                0x0000bcf0                RAIL_Init
 .text.RAIL_GetSchedulerStatus
                0x0000bd10        0x4 C:\Iot_Fall_18_Workspace\soc-thermometer\platform\radio\rail_lib\autogen\librail_release\librail_efr32xg13_gcc_release.a(rail_singleprotocol.o)
                0x0000bd10                RAIL_GetSchedulerStatus
 .text.RAIL_Idle
                0x0000bd14        0x8 C:\Iot_Fall_18_Workspace\soc-thermometer\platform\radio\rail_lib\autogen\librail_release\librail_efr32xg13_gcc_release.a(rail_singleprotocol.o)
                0x0000bd14                RAIL_Idle
 .text.RAIL_YieldRadio
                0x0000bd1c        0x2 C:\Iot_Fall_18_Workspace\soc-thermometer\platform\radio\rail_lib\autogen\librail_release\librail_efr32xg13_gcc_release.a(rail_singleprotocol.o)
                0x0000bd1c                RAIL_YieldRadio
 .text.RAIL_GetRadioEntropy
                0x0000bd1e        0x8 C:\Iot_Fall_18_Workspace\soc-thermometer\platform\radio\rail_lib\autogen\librail_release\librail_efr32xg13_gcc_release.a(rail_singleprotocol.o)
                0x0000bd1e                RAIL_GetRadioEntropy
 .text.RAIL_SetTimer
                0x0000bd26       0x1c C:\Iot_Fall_18_Workspace\soc-thermometer\platform\radio\rail_lib\autogen\librail_release\librail_efr32xg13_gcc_release.a(rail_singleprotocol.o)
                0x0000bd26                RAIL_SetTimer
 .text.RAIL_CancelTimer
                0x0000bd42        0xe C:\Iot_Fall_18_Workspace\soc-thermometer\platform\radio\rail_lib\autogen\librail_release\librail_efr32xg13_gcc_release.a(rail_singleprotocol.o)
                0x0000bd42                RAIL_CancelTimer
 .text.RAIL_StartTx
                0x0000bd50        0x6 C:\Iot_Fall_18_Workspace\soc-thermometer\platform\radio\rail_lib\autogen\librail_release\librail_efr32xg13_gcc_release.a(rail_singleprotocol.o)
                0x0000bd50                RAIL_StartTx
 .text.RAIL_StartScheduledTx
                0x0000bd56        0x6 C:\Iot_Fall_18_Workspace\soc-thermometer\platform\radio\rail_lib\autogen\librail_release\librail_efr32xg13_gcc_release.a(rail_singleprotocol.o)
                0x0000bd56                RAIL_StartScheduledTx
 .text.RAIL_ScheduleRx
                0x0000bd5c        0x6 C:\Iot_Fall_18_Workspace\soc-thermometer\platform\radio\rail_lib\autogen\librail_release\librail_efr32xg13_gcc_release.a(rail_singleprotocol.o)
                0x0000bd5c                RAIL_ScheduleRx
 .text.radioConfigChangedDefault
                0x0000bd62        0x2 C:\Iot_Fall_18_Workspace\soc-thermometer\platform\radio\rail_lib\autogen\librail_release\librail_efr32xg13_gcc_release.a(rail_rf.o)
 .text.isTransitionState
                0x0000bd64       0x12 C:\Iot_Fall_18_Workspace\soc-thermometer\platform\radio\rail_lib\autogen\librail_release\librail_efr32xg13_gcc_release.a(rail_rf.o)
 .text.RAILCore_Init
                0x0000bd76       0x12 C:\Iot_Fall_18_Workspace\soc-thermometer\platform\radio\rail_lib\autogen\librail_release\librail_efr32xg13_gcc_release.a(rail_rf.o)
                0x0000bd76                RAILCore_Init
 .text.RAILInt_SetCallbackConfig
                0x0000bd88       0x20 C:\Iot_Fall_18_Workspace\soc-thermometer\platform\radio\rail_lib\autogen\librail_release\librail_efr32xg13_gcc_release.a(rail_rf.o)
                0x0000bd88                RAILInt_SetCallbackConfig
 .text.RAILCore_Idle
                0x0000bda8       0x14 C:\Iot_Fall_18_Workspace\soc-thermometer\platform\radio\rail_lib\autogen\librail_release\librail_efr32xg13_gcc_release.a(rail_rf.o)
                0x0000bda8                RAILCore_Idle
 .text.RAILCb_CalcBitRate
                0x0000bdbc        0x6 C:\Iot_Fall_18_Workspace\soc-thermometer\platform\radio\rail_lib\autogen\librail_release\librail_efr32xg13_gcc_release.a(rail_rf.o)
                0x0000bdbc                RAILCb_CalcBitRate
 .text.RAIL_SetStateTiming
                0x0000bdc2        0x6 C:\Iot_Fall_18_Workspace\soc-thermometer\platform\radio\rail_lib\autogen\librail_release\librail_efr32xg13_gcc_release.a(rail_rf.o)
                0x0000bdc2                RAIL_SetStateTiming
 .text.RAILInt_IsPowerInRange
                0x0000bdc8       0x3c C:\Iot_Fall_18_Workspace\soc-thermometer\platform\radio\rail_lib\autogen\librail_release\librail_efr32xg13_gcc_release.a(rail_rf.o)
                0x0000bdc8                RAILInt_IsPowerInRange
 .text.RAILInt_SetChannel
                0x0000be04      0x1c0 C:\Iot_Fall_18_Workspace\soc-thermometer\platform\radio\rail_lib\autogen\librail_release\librail_efr32xg13_gcc_release.a(rail_rf.o)
                0x0000be04                RAILInt_SetChannel
 .text.RAILCore_ConfigChannels
                0x0000bfc4       0x60 C:\Iot_Fall_18_Workspace\soc-thermometer\platform\radio\rail_lib\autogen\librail_release\librail_efr32xg13_gcc_release.a(rail_rf.o)
                0x0000bfc4                RAILCore_ConfigChannels
 .text.RAILInt_GetChannel
                0x0000c024        0x4 C:\Iot_Fall_18_Workspace\soc-thermometer\platform\radio\rail_lib\autogen\librail_release\librail_efr32xg13_gcc_release.a(rail_rf.o)
                0x0000c024                RAILInt_GetChannel
 .text.RAILCore_SetTxTransitions
                0x0000c028       0x3c C:\Iot_Fall_18_Workspace\soc-thermometer\platform\radio\rail_lib\autogen\librail_release\librail_efr32xg13_gcc_release.a(rail_rf.o)
                0x0000c028                RAILCore_SetTxTransitions
 .text.RAIL_SetTxTransitions
                0x0000c064        0x6 C:\Iot_Fall_18_Workspace\soc-thermometer\platform\radio\rail_lib\autogen\librail_release\librail_efr32xg13_gcc_release.a(rail_rf.o)
                0x0000c064                RAIL_SetTxTransitions
 .text.RAILCore_SetRxTransitions
                0x0000c06a       0x38 C:\Iot_Fall_18_Workspace\soc-thermometer\platform\radio\rail_lib\autogen\librail_release\librail_efr32xg13_gcc_release.a(rail_rf.o)
                0x0000c06a                RAILCore_SetRxTransitions
 .text.RAIL_SetRxTransitions
                0x0000c0a2        0x6 C:\Iot_Fall_18_Workspace\soc-thermometer\platform\radio\rail_lib\autogen\librail_release\librail_efr32xg13_gcc_release.a(rail_rf.o)
                0x0000c0a2                RAIL_SetRxTransitions
 .text.RAIL_ConfigEvents
                0x0000c0a8        0x6 C:\Iot_Fall_18_Workspace\soc-thermometer\platform\radio\rail_lib\autogen\librail_release\librail_efr32xg13_gcc_release.a(rail_rf.o)
                0x0000c0a8                RAIL_ConfigEvents
 .text.RAIL_ConfigRxOptions
                0x0000c0ae        0x6 C:\Iot_Fall_18_Workspace\soc-thermometer\platform\radio\rail_lib\autogen\librail_release\librail_efr32xg13_gcc_release.a(rail_rx.o)
                0x0000c0ae                RAIL_ConfigRxOptions
 .text.RAILCore_ScheduleRx
                0x0000c0b4       0x2c C:\Iot_Fall_18_Workspace\soc-thermometer\platform\radio\rail_lib\autogen\librail_release\librail_efr32xg13_gcc_release.a(rail_rx.o)
                0x0000c0b4                RAILCore_ScheduleRx
 .text.RAILCb_ConfigFrameTypeLength
                0x0000c0e0        0x6 C:\Iot_Fall_18_Workspace\soc-thermometer\platform\radio\rail_lib\autogen\librail_release\librail_efr32xg13_gcc_release.a(rail_rx.o)
                0x0000c0e0                RAILCb_ConfigFrameTypeLength
 .text.RAIL_SetTxPower
                0x0000c0e6        0x6 C:\Iot_Fall_18_Workspace\soc-thermometer\platform\radio\rail_lib\autogen\librail_release\librail_efr32xg13_gcc_release.a(rail_tx.o)
                0x0000c0e6                RAIL_SetTxPower
 .text.RAIL_ConfigTxPower
                0x0000c0ec       0x1c C:\Iot_Fall_18_Workspace\soc-thermometer\platform\radio\rail_lib\autogen\librail_release\librail_efr32xg13_gcc_release.a(rail_tx.o)
                0x0000c0ec                RAIL_ConfigTxPower
 .text.RAILInt_PendCal
                0x0000c108       0x24 C:\Iot_Fall_18_Workspace\soc-thermometer\platform\radio\rail_lib\autogen\librail_release\librail_efr32xg13_gcc_release.a(rail_calibration.o)
                0x0000c108                RAILInt_PendCal
 .text.RAIL_WriteTxFifo
                0x0000c12c        0x6 C:\Iot_Fall_18_Workspace\soc-thermometer\platform\radio\rail_lib\autogen\librail_release\librail_efr32xg13_gcc_release.a(rail_data.o)
                0x0000c12c                RAIL_WriteTxFifo
 .text.RAIL_SetTxFifo
                0x0000c132        0x6 C:\Iot_Fall_18_Workspace\soc-thermometer\platform\radio\rail_lib\autogen\librail_release\librail_efr32xg13_gcc_release.a(rail_data.o)
                0x0000c132                RAIL_SetTxFifo
 .text.RAIL_SetRxFifo
                0x0000c138        0x6 C:\Iot_Fall_18_Workspace\soc-thermometer\platform\radio\rail_lib\autogen\librail_release\librail_efr32xg13_gcc_release.a(rail_data.o)
                0x0000c138                RAIL_SetRxFifo
 *fill*         0x0000c13e        0x2 
 .text.RAILCb_SetupRxFifo
                0x0000c140       0x30 C:\Iot_Fall_18_Workspace\soc-thermometer\platform\radio\rail_lib\autogen\librail_release\librail_efr32xg13_gcc_release.a(rail_data.o)
                0x0000c140                RAILCb_SetupRxFifo
 .text.RAIL_GetRxPacketInfo
                0x0000c170        0x8 C:\Iot_Fall_18_Workspace\soc-thermometer\platform\radio\rail_lib\autogen\librail_release\librail_efr32xg13_gcc_release.a(rail_data.o)
                0x0000c170                RAIL_GetRxPacketInfo
 .text.RAIL_GetRxPacketDetails
                0x0000c178        0x6 C:\Iot_Fall_18_Workspace\soc-thermometer\platform\radio\rail_lib\autogen\librail_release\librail_efr32xg13_gcc_release.a(rail_data.o)
                0x0000c178                RAIL_GetRxPacketDetails
 .text.RAIL_ResetFifo
                0x0000c17e       0x1e C:\Iot_Fall_18_Workspace\soc-thermometer\platform\radio\rail_lib\autogen\librail_release\librail_efr32xg13_gcc_release.a(rail_data.o)
                0x0000c17e                RAIL_ResetFifo
 .text.RAILCb_AssertFailed
                0x0000c19c       0x14 C:\Iot_Fall_18_Workspace\soc-thermometer\platform\radio\rail_lib\autogen\librail_release\librail_efr32xg13_gcc_release.a(rail_assert.o)
                0x0000c19c                RAILCb_AssertFailed
 .text.RAILInt_Assert
                0x0000c1b0       0x1c C:\Iot_Fall_18_Workspace\soc-thermometer\platform\radio\rail_lib\autogen\librail_release\librail_efr32xg13_gcc_release.a(rail_assert.o)
                0x0000c1b0                RAILInt_Assert
 .text.RAIL_GetTime
                0x0000c1cc        0x4 C:\Iot_Fall_18_Workspace\soc-thermometer\platform\radio\rail_lib\autogen\librail_release\librail_efr32xg13_gcc_release.a(rail_timer.o)
                0x0000c1cc                RAIL_GetTime
 .text.checkAndAddRxLenOverflowEntry.part.0
                0x0000c1d0       0x2c C:\Iot_Fall_18_Workspace\soc-thermometer\platform\radio\rail_lib\autogen\librail_release\librail_efr32xg13_gcc_release.a(bufc.o)
 .text.BUFC_ReadHelper
                0x0000c1fc       0x7a C:\Iot_Fall_18_Workspace\soc-thermometer\platform\radio\rail_lib\autogen\librail_release\librail_efr32xg13_gcc_release.a(bufc.o)
 *fill*         0x0000c276        0x2 
 .text.BUFC_SetTxBuffer
                0x0000c278       0x38 C:\Iot_Fall_18_Workspace\soc-thermometer\platform\radio\rail_lib\autogen\librail_release\librail_efr32xg13_gcc_release.a(bufc.o)
                0x0000c278                BUFC_SetTxBuffer
 .text.BUFC_SetRxBuffer
                0x0000c2b0       0x1c C:\Iot_Fall_18_Workspace\soc-thermometer\platform\radio\rail_lib\autogen\librail_release\librail_efr32xg13_gcc_release.a(bufc.o)
                0x0000c2b0                BUFC_SetRxBuffer
 .text.BUFC_WriteBuffer
                0x0000c2cc       0xb0 C:\Iot_Fall_18_Workspace\soc-thermometer\platform\radio\rail_lib\autogen\librail_release\librail_efr32xg13_gcc_release.a(bufc.o)
                0x0000c2cc                BUFC_WriteBuffer
 .text.BUFC_Peek
                0x0000c37c       0x12 C:\Iot_Fall_18_Workspace\soc-thermometer\platform\radio\rail_lib\autogen\librail_release\librail_efr32xg13_gcc_release.a(bufc.o)
                0x0000c37c                BUFC_Peek
 .text.BUFC_PeekByte
                0x0000c38e       0x46 C:\Iot_Fall_18_Workspace\soc-thermometer\platform\radio\rail_lib\autogen\librail_release\librail_efr32xg13_gcc_release.a(bufc.o)
                0x0000c38e                BUFC_PeekByte
 .text.BUFC_GetSpaceAvailable
                0x0000c3d4       0x24 C:\Iot_Fall_18_Workspace\soc-thermometer\platform\radio\rail_lib\autogen\librail_release\librail_efr32xg13_gcc_release.a(bufc.o)
                0x0000c3d4                BUFC_GetSpaceAvailable
 .text.BUFC_GetBytesAvailable
                0x0000c3f8       0x14 C:\Iot_Fall_18_Workspace\soc-thermometer\platform\radio\rail_lib\autogen\librail_release\librail_efr32xg13_gcc_release.a(bufc.o)
                0x0000c3f8                BUFC_GetBytesAvailable
 .text.BUFC_TxAckBufferSet
                0x0000c40c       0x2c C:\Iot_Fall_18_Workspace\soc-thermometer\platform\radio\rail_lib\autogen\librail_release\librail_efr32xg13_gcc_release.a(bufc.o)
                0x0000c40c                BUFC_TxAckBufferSet
 .text.BUFC_RxBufferReset
                0x0000c438       0x5c C:\Iot_Fall_18_Workspace\soc-thermometer\platform\radio\rail_lib\autogen\librail_release\librail_efr32xg13_gcc_release.a(bufc.o)
                0x0000c438                BUFC_RxBufferReset
 .text.BUFC_Init
                0x0000c494       0x50 C:\Iot_Fall_18_Workspace\soc-thermometer\platform\radio\rail_lib\autogen\librail_release\librail_efr32xg13_gcc_release.a(bufc.o)
                0x0000c494                BUFC_Init
 .text.BUFC_ReleaseRxPacket
                0x0000c4e4      0x118 C:\Iot_Fall_18_Workspace\soc-thermometer\platform\radio\rail_lib\autogen\librail_release\librail_efr32xg13_gcc_release.a(bufc.o)
                0x0000c4e4                BUFC_ReleaseRxPacket
 .text.BUFC_StartRxLenThrEvent
                0x0000c5fc       0x50 C:\Iot_Fall_18_Workspace\soc-thermometer\platform\radio\rail_lib\autogen\librail_release\librail_efr32xg13_gcc_release.a(bufc.o)
                0x0000c5fc                BUFC_StartRxLenThrEvent
 .text.BUFC_EndRxLenThrEvent
                0x0000c64c       0x1c C:\Iot_Fall_18_Workspace\soc-thermometer\platform\radio\rail_lib\autogen\librail_release\librail_efr32xg13_gcc_release.a(bufc.o)
                0x0000c64c                BUFC_EndRxLenThrEvent
 .text.BUFC_HandleRxLenOvfEvent
                0x0000c668       0x30 C:\Iot_Fall_18_Workspace\soc-thermometer\platform\radio\rail_lib\autogen\librail_release\librail_efr32xg13_gcc_release.a(bufc.o)
                0x0000c668                BUFC_HandleRxLenOvfEvent
 .text.BUFC_GetRxPacketInfo
                0x0000c698      0x168 C:\Iot_Fall_18_Workspace\soc-thermometer\platform\radio\rail_lib\autogen\librail_release\librail_efr32xg13_gcc_release.a(bufc.o)
                0x0000c698                BUFC_GetRxPacketInfo
 .text.IRCAL_Set
                0x0000c800       0x1c C:\Iot_Fall_18_Workspace\soc-thermometer\platform\radio\rail_lib\autogen\librail_release\librail_efr32xg13_gcc_release.a(ir_cal.o)
                0x0000c800                IRCAL_Set
 .text.getRampTimeFromLevelAndRate
                0x0000c81c       0x20 C:\Iot_Fall_18_Workspace\soc-thermometer\platform\radio\rail_lib\autogen\librail_release\librail_efr32xg13_gcc_release.a(pa.o)
 .text.PA_ProtectPa
                0x0000c83c       0xa0 C:\Iot_Fall_18_Workspace\soc-thermometer\platform\radio\rail_lib\autogen\librail_release\librail_efr32xg13_gcc_release.a(pa.o)
 .text.PA_GetTxPowerConfig
                0x0000c8dc       0x14 C:\Iot_Fall_18_Workspace\soc-thermometer\platform\radio\rail_lib\autogen\librail_release\librail_efr32xg13_gcc_release.a(pa.o)
                0x0000c8dc                PA_GetTxPowerConfig
 .text.PA_GetPowerLevel
                0x0000c8f0        0xc C:\Iot_Fall_18_Workspace\soc-thermometer\platform\radio\rail_lib\autogen\librail_release\librail_efr32xg13_gcc_release.a(pa.o)
                0x0000c8f0                PA_GetPowerLevel
 .text.PA_SetPowerLevel
                0x0000c8fc      0x178 C:\Iot_Fall_18_Workspace\soc-thermometer\platform\radio\rail_lib\autogen\librail_release\librail_efr32xg13_gcc_release.a(pa.o)
                0x0000c8fc                PA_SetPowerLevel
 .text.PA_RunPeakDetectorHigh
                0x0000ca74       0x40 C:\Iot_Fall_18_Workspace\soc-thermometer\platform\radio\rail_lib\autogen\librail_release\librail_efr32xg13_gcc_release.a(pa.o)
                0x0000ca74                PA_RunPeakDetectorHigh
 .text.PA_RunPeakDetectorLow
                0x0000cab4        0x2 C:\Iot_Fall_18_Workspace\soc-thermometer\platform\radio\rail_lib\autogen\librail_release\librail_efr32xg13_gcc_release.a(pa.o)
                0x0000cab4                PA_RunPeakDetectorLow
 *fill*         0x0000cab6        0x2 
 .text.PA_RunBatHigh
                0x0000cab8       0x2c C:\Iot_Fall_18_Workspace\soc-thermometer\platform\radio\rail_lib\autogen\librail_release\librail_efr32xg13_gcc_release.a(pa.o)
                0x0000cab8                PA_RunBatHigh
 .text.PA_GetRampTime
                0x0000cae4        0xc C:\Iot_Fall_18_Workspace\soc-thermometer\platform\radio\rail_lib\autogen\librail_release\librail_efr32xg13_gcc_release.a(pa.o)
                0x0000cae4                PA_GetRampTime
 .text.PA_CalcRampTime
                0x0000caf0       0x3c C:\Iot_Fall_18_Workspace\soc-thermometer\platform\radio\rail_lib\autogen\librail_release\librail_efr32xg13_gcc_release.a(pa.o)
                0x0000caf0                PA_CalcRampTime
 .text.PA_SetRampTime
                0x0000cb2c      0x100 C:\Iot_Fall_18_Workspace\soc-thermometer\platform\radio\rail_lib\autogen\librail_release\librail_efr32xg13_gcc_release.a(pa.o)
                0x0000cb2c                PA_SetRampTime
 .text.PA_SetCTune
                0x0000cc2c       0x34 C:\Iot_Fall_18_Workspace\soc-thermometer\platform\radio\rail_lib\autogen\librail_release\librail_efr32xg13_gcc_release.a(pa.o)
                0x0000cc2c                PA_SetCTune
 .text.PA_SelectBand
                0x0000cc60       0x38 C:\Iot_Fall_18_Workspace\soc-thermometer\platform\radio\rail_lib\autogen\librail_release\librail_efr32xg13_gcc_release.a(pa.o)
                0x0000cc60                PA_SelectBand
 .text.PA_Config
                0x0000cc98      0x114 C:\Iot_Fall_18_Workspace\soc-thermometer\platform\radio\rail_lib\autogen\librail_release\librail_efr32xg13_gcc_release.a(pa.o)
                0x0000cc98                PA_Config
 .text.PA_UpdateConfig
                0x0000cdac       0x38 C:\Iot_Fall_18_Workspace\soc-thermometer\platform\radio\rail_lib\autogen\librail_release\librail_efr32xg13_gcc_release.a(pa.o)
                0x0000cdac                PA_UpdateConfig
 .text.PROTIMER_Init
                0x0000cde4       0xe4 C:\Iot_Fall_18_Workspace\soc-thermometer\platform\radio\rail_lib\autogen\librail_release\librail_efr32xg13_gcc_release.a(protimer.o)
                0x0000cde4                PROTIMER_Init
 .text.PROTIMER_Start
                0x0000cec8       0x1c C:\Iot_Fall_18_Workspace\soc-thermometer\platform\radio\rail_lib\autogen\librail_release\librail_efr32xg13_gcc_release.a(protimer.o)
                0x0000cec8                PROTIMER_Start
 .text.PROTIMER_ElapsedTime
                0x0000cee4       0x40 C:\Iot_Fall_18_Workspace\soc-thermometer\platform\radio\rail_lib\autogen\librail_release\librail_efr32xg13_gcc_release.a(protimer.o)
                0x0000cee4                PROTIMER_ElapsedTime
 .text.PROTIMER_CCTimerStop
                0x0000cf24       0x20 C:\Iot_Fall_18_Workspace\soc-thermometer\platform\radio\rail_lib\autogen\librail_release\librail_efr32xg13_gcc_release.a(protimer.o)
                0x0000cf24                PROTIMER_CCTimerStop
 .text.PROTIMER_CCTimerIsEnabled
                0x0000cf44       0x14 C:\Iot_Fall_18_Workspace\soc-thermometer\platform\radio\rail_lib\autogen\librail_release\librail_efr32xg13_gcc_release.a(protimer.o)
                0x0000cf44                PROTIMER_CCTimerIsEnabled
 .text.PROTIMER_CCTimerCapture
                0x0000cf58       0x18 C:\Iot_Fall_18_Workspace\soc-thermometer\platform\radio\rail_lib\autogen\librail_release\librail_efr32xg13_gcc_release.a(protimer.o)
                0x0000cf58                PROTIMER_CCTimerCapture
 .text.PROTIMER_ClearRxEnable
                0x0000cf70       0x10 C:\Iot_Fall_18_Workspace\soc-thermometer\platform\radio\rail_lib\autogen\librail_release\librail_efr32xg13_gcc_release.a(protimer.o)
                0x0000cf70                PROTIMER_ClearRxEnable
 .text.PROTIMER_GetTime
                0x0000cf80       0x38 C:\Iot_Fall_18_Workspace\soc-thermometer\platform\radio\rail_lib\autogen\librail_release\librail_efr32xg13_gcc_release.a(protimer.o)
                0x0000cf80                PROTIMER_GetTime
 .text.PROTIMER_LBTStop
                0x0000cfb8       0x18 C:\Iot_Fall_18_Workspace\soc-thermometer\platform\radio\rail_lib\autogen\librail_release\librail_efr32xg13_gcc_release.a(protimer.o)
                0x0000cfb8                PROTIMER_LBTStop
 .text.PROTIMER_PrecntOverflowToUs
                0x0000cfd0       0x34 C:\Iot_Fall_18_Workspace\soc-thermometer\platform\radio\rail_lib\autogen\librail_release\librail_efr32xg13_gcc_release.a(protimer.o)
                0x0000cfd0                PROTIMER_PrecntOverflowToUs
 .text.PROTIMER_GetUsTime
                0x0000d004       0x18 C:\Iot_Fall_18_Workspace\soc-thermometer\platform\radio\rail_lib\autogen\librail_release\librail_efr32xg13_gcc_release.a(protimer.o)
                0x0000d004                PROTIMER_GetUsTime
 .text.PROTIMER_GetUsFromRawWrap
                0x0000d01c       0x2e C:\Iot_Fall_18_Workspace\soc-thermometer\platform\radio\rail_lib\autogen\librail_release\librail_efr32xg13_gcc_release.a(protimer.o)
                0x0000d01c                PROTIMER_GetUsFromRawWrap
 *fill*         0x0000d04a        0x2 
 .text.PROTIMER_UsToPrecntOverflow
                0x0000d04c       0x40 C:\Iot_Fall_18_Workspace\soc-thermometer\platform\radio\rail_lib\autogen\librail_release\librail_efr32xg13_gcc_release.a(protimer.o)
                0x0000d04c                PROTIMER_UsToPrecntOverflow
 .text.PROTIMER_CCTimerStart
                0x0000d08c      0x1a8 C:\Iot_Fall_18_Workspace\soc-thermometer\platform\radio\rail_lib\autogen\librail_release\librail_efr32xg13_gcc_release.a(protimer.o)
                0x0000d08c                PROTIMER_CCTimerStart
 .text.PROTIMER_ScheduleTxEnable
                0x0000d234       0x28 C:\Iot_Fall_18_Workspace\soc-thermometer\platform\radio\rail_lib\autogen\librail_release\librail_efr32xg13_gcc_release.a(protimer.o)
                0x0000d234                PROTIMER_ScheduleTxEnable
 .text.PROTIMER_ScheduleRxEnable
                0x0000d25c       0x28 C:\Iot_Fall_18_Workspace\soc-thermometer\platform\radio\rail_lib\autogen\librail_release\librail_efr32xg13_gcc_release.a(protimer.o)
                0x0000d25c                PROTIMER_ScheduleRxEnable
 .text.PROTIMER_ScheduleRxDisable
                0x0000d284       0x34 C:\Iot_Fall_18_Workspace\soc-thermometer\platform\radio\rail_lib\autogen\librail_release\librail_efr32xg13_gcc_release.a(protimer.o)
                0x0000d284                PROTIMER_ScheduleRxDisable
 .text.PROTIMER_DelayUs
                0x0000d2b8       0x16 C:\Iot_Fall_18_Workspace\soc-thermometer\platform\radio\rail_lib\autogen\librail_release\librail_efr32xg13_gcc_release.a(protimer.o)
                0x0000d2b8                PROTIMER_DelayUs
 *fill*         0x0000d2ce        0x2 
 .text.PTI_EnableAppendedInfo
                0x0000d2d0       0x18 C:\Iot_Fall_18_Workspace\soc-thermometer\platform\radio\rail_lib\autogen\librail_release\librail_efr32xg13_gcc_release.a(pti.o)
                0x0000d2d0                PTI_EnableAppendedInfo
 .text.PTI_Enable
                0x0000d2e8       0x50 C:\Iot_Fall_18_Workspace\soc-thermometer\platform\radio\rail_lib\autogen\librail_release\librail_efr32xg13_gcc_release.a(pti.o)
                0x0000d2e8                PTI_Enable
 .text.PTI_AuxdataOutput
                0x0000d338       0x1c C:\Iot_Fall_18_Workspace\soc-thermometer\platform\radio\rail_lib\autogen\librail_release\librail_efr32xg13_gcc_release.a(pti.o)
                0x0000d338                PTI_AuxdataOutput
 .text.PTI_EnableSyncword
                0x0000d354       0x18 C:\Iot_Fall_18_Workspace\soc-thermometer\platform\radio\rail_lib\autogen\librail_release\librail_efr32xg13_gcc_release.a(pti.o)
                0x0000d354                PTI_EnableSyncword
 .text.RADIO_SetAndForgetWrite
                0x0000d36c       0x74 C:\Iot_Fall_18_Workspace\soc-thermometer\platform\radio\rail_lib\autogen\librail_release\librail_efr32xg13_gcc_release.a(radio.o)
                0x0000d36c                RADIO_SetAndForgetWrite
 .text.RADIO_RewriteCcTableData
                0x0000d3e0       0x34 C:\Iot_Fall_18_Workspace\soc-thermometer\platform\radio\rail_lib\autogen\librail_release\librail_efr32xg13_gcc_release.a(radio.o)
                0x0000d3e0                RADIO_RewriteCcTableData
 .text.RADIO_SeqInit
                0x0000d414       0x64 C:\Iot_Fall_18_Workspace\soc-thermometer\platform\radio\rail_lib\autogen\librail_release\librail_efr32xg13_gcc_release.a(radio.o)
                0x0000d414                RADIO_SeqInit
 .text.RADIO_ClockEnable
                0x0000d478       0x14 C:\Iot_Fall_18_Workspace\soc-thermometer\platform\radio\rail_lib\autogen\librail_release\librail_efr32xg13_gcc_release.a(radio.o)
                0x0000d478                RADIO_ClockEnable
 .text.RADIO_Init
                0x0000d48c       0x5c C:\Iot_Fall_18_Workspace\soc-thermometer\platform\radio\rail_lib\autogen\librail_release\librail_efr32xg13_gcc_release.a(radio.o)
                0x0000d48c                RADIO_Init
 .text.RADIO_ClockPrescGet
                0x0000d4e8       0x10 C:\Iot_Fall_18_Workspace\soc-thermometer\platform\radio\rail_lib\autogen\librail_release\librail_efr32xg13_gcc_release.a(radio.o)
                0x0000d4e8                RADIO_ClockPrescGet
 .text.RADIO_ClockFreqGet
                0x0000d4f8       0x14 C:\Iot_Fall_18_Workspace\soc-thermometer\platform\radio\rail_lib\autogen\librail_release\librail_efr32xg13_gcc_release.a(radio.o)
                0x0000d4f8                RADIO_ClockFreqGet
 .text.RADIO_Config
                0x0000d50c       0xb0 C:\Iot_Fall_18_Workspace\soc-thermometer\platform\radio\rail_lib\autogen\librail_release\librail_efr32xg13_gcc_release.a(radio.o)
                0x0000d50c                RADIO_Config
 .text.RADIO_IsRxOnForRssi
                0x0000d5bc       0x18 C:\Iot_Fall_18_Workspace\soc-thermometer\platform\radio\rail_lib\autogen\librail_release\librail_efr32xg13_gcc_release.a(radio.o)
                0x0000d5bc                RADIO_IsRxOnForRssi
 .text.RADIO_RxTrailDataLength
                0x0000d5d4       0x3c C:\Iot_Fall_18_Workspace\soc-thermometer\platform\radio\rail_lib\autogen\librail_release\librail_efr32xg13_gcc_release.a(radio.o)
                0x0000d5d4                RADIO_RxTrailDataLength
 .text.RADIO_ComputeTxBaudrate
                0x0000d610       0x24 C:\Iot_Fall_18_Workspace\soc-thermometer\platform\radio\rail_lib\autogen\librail_release\librail_efr32xg13_gcc_release.a(radio.o)
                0x0000d610                RADIO_ComputeTxBaudrate
 .text.RADIO_ComputeTxSymbolRate
                0x0000d634       0x54 C:\Iot_Fall_18_Workspace\soc-thermometer\platform\radio\rail_lib\autogen\librail_release\librail_efr32xg13_gcc_release.a(radio.o)
                0x0000d634                RADIO_ComputeTxSymbolRate
 .text.RADIO_ComputeTxBitRate
                0x0000d688       0x44 C:\Iot_Fall_18_Workspace\soc-thermometer\platform\radio\rail_lib\autogen\librail_release\librail_efr32xg13_gcc_release.a(radio.o)
                0x0000d688                RADIO_ComputeTxBitRate
 .text.RADIO_GetRssi
                0x0000d6cc       0x64 C:\Iot_Fall_18_Workspace\soc-thermometer\platform\radio\rail_lib\autogen\librail_release\librail_efr32xg13_gcc_release.a(radio.o)
                0x0000d6cc                RADIO_GetRssi
 .text.RADIO_SetCRCInitVal
                0x0000d730       0x10 C:\Iot_Fall_18_Workspace\soc-thermometer\platform\radio\rail_lib\autogen\librail_release\librail_efr32xg13_gcc_release.a(radio.o)
                0x0000d730                RADIO_SetCRCInitVal
 .text.RADIO_RACClearRxOverflow
                0x0000d740       0x20 C:\Iot_Fall_18_Workspace\soc-thermometer\platform\radio\rail_lib\autogen\librail_release\librail_efr32xg13_gcc_release.a(radio.o)
                0x0000d740                RADIO_RACClearRxOverflow
 .text.RFSENSE_IRQHandler
                0x0000d760       0x10 C:\Iot_Fall_18_Workspace\soc-thermometer\platform\radio\rail_lib\autogen\librail_release\librail_efr32xg13_gcc_release.a(rfsense.o)
                0x0000d760                RFSENSE_IRQHandler
 .text.PRORTC_IRQHandler
                0x0000d770       0x10 C:\Iot_Fall_18_Workspace\soc-thermometer\platform\radio\rail_lib\autogen\librail_release\librail_efr32xg13_gcc_release.a(rtccsync.o)
                0x0000d770                PRORTC_IRQHandler
 .text.RTCCSYNC_Init
                0x0000d780       0x88 C:\Iot_Fall_18_Workspace\soc-thermometer\platform\radio\rail_lib\autogen\librail_release\librail_efr32xg13_gcc_release.a(rtccsync.o)
                0x0000d780                RTCCSYNC_Init
 .text.SYNTH_RfFreqGet
                0x0000d808        0xc C:\Iot_Fall_18_Workspace\soc-thermometer\platform\radio\rail_lib\autogen\librail_release\librail_efr32xg13_gcc_release.a(synth.o)
                0x0000d808                SYNTH_RfFreqGet
 .text.SYNTH_ChSpacingGet
                0x0000d814        0xc C:\Iot_Fall_18_Workspace\soc-thermometer\platform\radio\rail_lib\autogen\librail_release\librail_efr32xg13_gcc_release.a(synth.o)
                0x0000d814                SYNTH_ChSpacingGet
 .text.SYNTH_LoDivGet
                0x0000d820       0x20 C:\Iot_Fall_18_Workspace\soc-thermometer\platform\radio\rail_lib\autogen\librail_release\librail_efr32xg13_gcc_release.a(synth.o)
                0x0000d820                SYNTH_LoDivGet
 .text.SYNTH_Is2p4GHz
                0x0000d840       0x14 C:\Iot_Fall_18_Workspace\soc-thermometer\platform\radio\rail_lib\autogen\librail_release\librail_efr32xg13_gcc_release.a(synth.o)
                0x0000d840                SYNTH_Is2p4GHz
 .text.SYNTH_VcoRangeIsValid
                0x0000d854       0x30 C:\Iot_Fall_18_Workspace\soc-thermometer\platform\radio\rail_lib\autogen\librail_release\librail_efr32xg13_gcc_release.a(synth.o)
                0x0000d854                SYNTH_VcoRangeIsValid
 .text.SYNTH_RetimeLimitsConfig
                0x0000d884       0x64 C:\Iot_Fall_18_Workspace\soc-thermometer\platform\radio\rail_lib\autogen\librail_release\librail_efr32xg13_gcc_release.a(synth.o)
                0x0000d884                SYNTH_RetimeLimitsConfig
 .text.SYNTH_RetimeClkConfig
                0x0000d8e8       0xb4 C:\Iot_Fall_18_Workspace\soc-thermometer\platform\radio\rail_lib\autogen\librail_release\librail_efr32xg13_gcc_release.a(synth.o)
                0x0000d8e8                SYNTH_RetimeClkConfig
 .text.SYNTH_Config
                0x0000d99c      0x104 C:\Iot_Fall_18_Workspace\soc-thermometer\platform\radio\rail_lib\autogen\librail_release\librail_efr32xg13_gcc_release.a(synth.o)
                0x0000d99c                SYNTH_Config
 .text.SYNTH_ChannelSet
                0x0000daa0       0x40 C:\Iot_Fall_18_Workspace\soc-thermometer\platform\radio\rail_lib\autogen\librail_release\librail_efr32xg13_gcc_release.a(synth.o)
                0x0000daa0                SYNTH_ChannelSet
 .text.SYNTH_DCDCRetimeClkSet
                0x0000dae0       0x68 C:\Iot_Fall_18_Workspace\soc-thermometer\platform\radio\rail_lib\autogen\librail_release\librail_efr32xg13_gcc_release.a(synth.o)
                0x0000dae0                SYNTH_DCDCRetimeClkSet
 .text.SYNTH_DCDCRetimeEnable
                0x0000db48       0x18 C:\Iot_Fall_18_Workspace\soc-thermometer\platform\radio\rail_lib\autogen\librail_release\librail_efr32xg13_gcc_release.a(synth.o)
                0x0000db48                SYNTH_DCDCRetimeEnable
 .text.SYNTH_DCDCRetimeDisable
                0x0000db60       0x18 C:\Iot_Fall_18_Workspace\soc-thermometer\platform\radio\rail_lib\autogen\librail_release\librail_efr32xg13_gcc_release.a(synth.o)
                0x0000db60                SYNTH_DCDCRetimeDisable
 .text.SYNTH_KvnFreqCompensationEnable
                0x0000db78        0xc C:\Iot_Fall_18_Workspace\soc-thermometer\platform\radio\rail_lib\autogen\librail_release\librail_efr32xg13_gcc_release.a(synth.o)
                0x0000db78                SYNTH_KvnFreqCompensationEnable
 .text.TEMPCAL_Init
                0x0000db84       0x38 C:\Iot_Fall_18_Workspace\soc-thermometer\platform\radio\rail_lib\autogen\librail_release\librail_efr32xg13_gcc_release.a(tempcal.o)
                0x0000db84                TEMPCAL_Init
 .text.TIMING_NsToStimerTickCalc
                0x0000dbbc       0x2c C:\Iot_Fall_18_Workspace\soc-thermometer\platform\radio\rail_lib\autogen\librail_release\librail_efr32xg13_gcc_release.a(timings.o)
 .text.TIMING_Recalculate
                0x0000dbe8      0x1ec C:\Iot_Fall_18_Workspace\soc-thermometer\platform\radio\rail_lib\autogen\librail_release\librail_efr32xg13_gcc_release.a(timings.o)
 .text.TIMING_InitStimer
                0x0000ddd4       0x8c C:\Iot_Fall_18_Workspace\soc-thermometer\platform\radio\rail_lib\autogen\librail_release\librail_efr32xg13_gcc_release.a(timings.o)
                0x0000ddd4                TIMING_InitStimer
 .text.TIMING_SeqTimingInit
                0x0000de60       0x90 C:\Iot_Fall_18_Workspace\soc-thermometer\platform\radio\rail_lib\autogen\librail_release\librail_efr32xg13_gcc_release.a(timings.o)
                0x0000de60                TIMING_SeqTimingInit
 .text.TIMING_SetTransitionTime
                0x0000def0       0x18 C:\Iot_Fall_18_Workspace\soc-thermometer\platform\radio\rail_lib\autogen\librail_release\librail_efr32xg13_gcc_release.a(timings.o)
                0x0000def0                TIMING_SetTransitionTime
 .text.TIMING_RxSearchTimeSet
                0x0000df08       0x10 C:\Iot_Fall_18_Workspace\soc-thermometer\platform\radio\rail_lib\autogen\librail_release\librail_efr32xg13_gcc_release.a(timings.o)
                0x0000df08                TIMING_RxSearchTimeSet
 .text.TIMING_TxToRxSearchTimeSet
                0x0000df18       0x10 C:\Iot_Fall_18_Workspace\soc-thermometer\platform\radio\rail_lib\autogen\librail_release\librail_efr32xg13_gcc_release.a(timings.o)
                0x0000df18                TIMING_TxToRxSearchTimeSet
 .text.TIMING_RecalculateAll
                0x0000df28        0x6 C:\Iot_Fall_18_Workspace\soc-thermometer\platform\radio\rail_lib\autogen\librail_release\librail_efr32xg13_gcc_release.a(timings.o)
                0x0000df28                TIMING_RecalculateAll
 .text.TIMING_RecalculatePaRampChanged
                0x0000df2e        0x6 C:\Iot_Fall_18_Workspace\soc-thermometer\platform\radio\rail_lib\autogen\librail_release\librail_efr32xg13_gcc_release.a(timings.o)
                0x0000df2e                TIMING_RecalculatePaRampChanged
 .text.TIMING_RecalculateViterbiChanged
                0x0000df34        0x6 C:\Iot_Fall_18_Workspace\soc-thermometer\platform\radio\rail_lib\autogen\librail_release\librail_efr32xg13_gcc_release.a(timings.o)
                0x0000df34                TIMING_RecalculateViterbiChanged
 .text.TIMING_SetChainDelays
                0x0000df3a        0x8 C:\Iot_Fall_18_Workspace\soc-thermometer\platform\radio\rail_lib\autogen\librail_release\librail_efr32xg13_gcc_release.a(timings.o)
                0x0000df3a                TIMING_SetChainDelays
 *fill*         0x0000df42        0x2 
 .text.TIMING_CalcAdjustUs
                0x0000df44       0x40 C:\Iot_Fall_18_Workspace\soc-thermometer\platform\radio\rail_lib\autogen\librail_release\librail_efr32xg13_gcc_release.a(timings.o)
                0x0000df44                TIMING_CalcAdjustUs
 .text.TIMING_PacketBits
                0x0000df84       0x14 C:\Iot_Fall_18_Workspace\soc-thermometer\platform\radio\rail_lib\autogen\librail_release\librail_efr32xg13_gcc_release.a(timings.o)
                0x0000df84                TIMING_PacketBits
 .text.TIMING_PreambleSyncBits
                0x0000df98       0x38 C:\Iot_Fall_18_Workspace\soc-thermometer\platform\radio\rail_lib\autogen\librail_release\librail_efr32xg13_gcc_release.a(timings.o)
                0x0000df98                TIMING_PreambleSyncBits
 .text.TIMING_CalcRxTimeStampUs
                0x0000dfd0       0x66 C:\Iot_Fall_18_Workspace\soc-thermometer\platform\radio\rail_lib\autogen\librail_release\librail_efr32xg13_gcc_release.a(timings.o)
                0x0000dfd0                TIMING_CalcRxTimeStampUs
 *fill*         0x0000e036        0x2 
 .text.TIMING_AdjustRxTimeStampUs
                0x0000e038       0x40 C:\Iot_Fall_18_Workspace\soc-thermometer\platform\radio\rail_lib\autogen\librail_release\librail_efr32xg13_gcc_release.a(timings.o)
                0x0000e038                TIMING_AdjustRxTimeStampUs
 .text.RFRAND_GetRadioEntropy
                0x0000e078      0x100 C:\Iot_Fall_18_Workspace\soc-thermometer\platform\radio\rail_lib\autogen\librail_release\librail_efr32xg13_gcc_release.a(rf_rand.o)
                0x0000e078                RFRAND_GetRadioEntropy
 .text.RFRAND_SeedProtimerRandom
                0x0000e178       0x3c C:\Iot_Fall_18_Workspace\soc-thermometer\platform\radio\rail_lib\autogen\librail_release\librail_efr32xg13_gcc_release.a(rf_rand.o)
                0x0000e178                RFRAND_SeedProtimerRandom
 .text.RAIL_GetTxPowerCurve
                0x0000e1b4       0x14 C:\Iot_Fall_18_Workspace\soc-thermometer\platform\radio\rail_lib\autogen\librail_release\librail_efr32xg13_gcc_release.a(pa_conversions_efr32.o)
                0x0000e1b4                RAIL_GetTxPowerCurve
 .text.RAIL_InitTxPowerCurves
                0x0000e1c8       0x2c C:\Iot_Fall_18_Workspace\soc-thermometer\platform\radio\rail_lib\autogen\librail_release\librail_efr32xg13_gcc_release.a(pa_conversions_efr32.o)
                0x0000e1c8                RAIL_InitTxPowerCurves
 .text.RAIL_ConvertDbmToRaw
                0x0000e1f4       0xd8 C:\Iot_Fall_18_Workspace\soc-thermometer\platform\radio\rail_lib\autogen\librail_release\librail_efr32xg13_gcc_release.a(pa_conversions_efr32.o)
                0x0000e1f4                RAIL_ConvertDbmToRaw
 .text.RAIL_ConvertRawToDbm
                0x0000e2cc       0xb8 C:\Iot_Fall_18_Workspace\soc-thermometer\platform\radio\rail_lib\autogen\librail_release\librail_efr32xg13_gcc_release.a(pa_conversions_efr32.o)
                0x0000e2cc                RAIL_ConvertRawToDbm
 .text.GENERIC_PHY_EnableDisableInt
                0x0000e384       0x22 C:\Iot_Fall_18_Workspace\soc-thermometer\platform\radio\rail_lib\autogen\librail_release\librail_efr32xg13_gcc_release.a(generic_phy.o)
 *fill*         0x0000e3a6        0x2 
 .text.GENERIC_PHY_DisableRadioIrqs
                0x0000e3a8       0x50 C:\Iot_Fall_18_Workspace\soc-thermometer\platform\radio\rail_lib\autogen\librail_release\librail_efr32xg13_gcc_release.a(generic_phy.o)
 .text.GENERIC_PHY_ConfigureRollbackReporting
                0x0000e3f8       0x68 C:\Iot_Fall_18_Workspace\soc-thermometer\platform\radio\rail_lib\autogen\librail_release\librail_efr32xg13_gcc_release.a(generic_phy.o)
 .text.GENERIC_PHY_ClearPendedRxWindowEnd
                0x0000e460       0x1c C:\Iot_Fall_18_Workspace\soc-thermometer\platform\radio\rail_lib\autogen\librail_release\librail_efr32xg13_gcc_release.a(generic_phy.o)
 .text.GENERIC_PHY_RxOverflowHook
                0x0000e47c       0x34 C:\Iot_Fall_18_Workspace\soc-thermometer\platform\radio\rail_lib\autogen\librail_release\librail_efr32xg13_gcc_release.a(generic_phy.o)
 .text.RADIO_RACRxAbort
                0x0000e4b0       0x3c C:\Iot_Fall_18_Workspace\soc-thermometer\platform\radio\rail_lib\autogen\librail_release\librail_efr32xg13_gcc_release.a(generic_phy.o)
 .text.GENERIC_PHY_CheckPendedRxWindowEnd
                0x0000e4ec       0x44 C:\Iot_Fall_18_Workspace\soc-thermometer\platform\radio\rail_lib\autogen\librail_release\librail_efr32xg13_gcc_release.a(generic_phy.o)
 .text.GENERIC_PHY_ConfigureEvents
                0x0000e530      0x2c8 C:\Iot_Fall_18_Workspace\soc-thermometer\platform\radio\rail_lib\autogen\librail_release\librail_efr32xg13_gcc_release.a(generic_phy.o)
                0x0000e530                GENERIC_PHY_ConfigureEvents
 .text.GENERIC_PHY_PacketTxCommon
                0x0000e7f8       0x3c C:\Iot_Fall_18_Workspace\soc-thermometer\platform\radio\rail_lib\autogen\librail_release\librail_efr32xg13_gcc_release.a(generic_phy.o)
                0x0000e7f8                GENERIC_PHY_PacketTxCommon
 .text.GENERIC_PHY_PacketTx
                0x0000e834       0x40 C:\Iot_Fall_18_Workspace\soc-thermometer\platform\radio\rail_lib\autogen\librail_release\librail_efr32xg13_gcc_release.a(generic_phy.o)
                0x0000e834                GENERIC_PHY_PacketTx
 .text.GENERIC_PHY_SchedulePacketRx
                0x0000e874      0x100 C:\Iot_Fall_18_Workspace\soc-thermometer\platform\radio\rail_lib\autogen\librail_release\librail_efr32xg13_gcc_release.a(generic_phy.o)
                0x0000e874                GENERIC_PHY_SchedulePacketRx
 .text.GENERIC_PHY_SchedulePacketTx
                0x0000e974       0x78 C:\Iot_Fall_18_Workspace\soc-thermometer\platform\radio\rail_lib\autogen\librail_release\librail_efr32xg13_gcc_release.a(generic_phy.o)
                0x0000e974                GENERIC_PHY_SchedulePacketTx
 .text.GENERIC_PHY_SeqAtomicLock
                0x0000e9ec       0x30 C:\Iot_Fall_18_Workspace\soc-thermometer\platform\radio\rail_lib\autogen\librail_release\librail_efr32xg13_gcc_release.a(generic_phy.o)
                0x0000e9ec                GENERIC_PHY_SeqAtomicLock
 .text.GENERIC_PHY_RACConfig
                0x0000ea1c       0x40 C:\Iot_Fall_18_Workspace\soc-thermometer\platform\radio\rail_lib\autogen\librail_release\librail_efr32xg13_gcc_release.a(generic_phy.o)
                0x0000ea1c                GENERIC_PHY_RACConfig
 .text.GENERIC_PHY_Init
                0x0000ea5c       0x70 C:\Iot_Fall_18_Workspace\soc-thermometer\platform\radio\rail_lib\autogen\librail_release\librail_efr32xg13_gcc_release.a(generic_phy.o)
                0x0000ea5c                GENERIC_PHY_Init
 .text.GENERIC_PHY_ResetRxFifo
                0x0000eacc       0x30 C:\Iot_Fall_18_Workspace\soc-thermometer\platform\radio\rail_lib\autogen\librail_release\librail_efr32xg13_gcc_release.a(generic_phy.o)
                0x0000eacc                GENERIC_PHY_ResetRxFifo
 .text.GENERIC_PHY_RadioIdle
                0x0000eafc      0x154 C:\Iot_Fall_18_Workspace\soc-thermometer\platform\radio\rail_lib\autogen\librail_release\librail_efr32xg13_gcc_release.a(generic_phy.o)
                0x0000eafc                GENERIC_PHY_RadioIdle
 .text.FRC_IRQHandler
                0x0000ec50      0x528 C:\Iot_Fall_18_Workspace\soc-thermometer\platform\radio\rail_lib\autogen\librail_release\librail_efr32xg13_gcc_release.a(generic_phy.o)
                0x0000ec50                FRC_IRQHandler
 .text.FRC_PRI_IRQHandler
                0x0000f178        0x4 C:\Iot_Fall_18_Workspace\soc-thermometer\platform\radio\rail_lib\autogen\librail_release\librail_efr32xg13_gcc_release.a(generic_phy.o)
                0x0000f178                FRC_PRI_IRQHandler
 .text.BUFC_IRQHandler
                0x0000f17c        0x4 C:\Iot_Fall_18_Workspace\soc-thermometer\platform\radio\rail_lib\autogen\librail_release\librail_efr32xg13_gcc_release.a(generic_phy.o)
                0x0000f17c                BUFC_IRQHandler
 .text.PROTIMER_IRQHandler
                0x0000f180        0x4 C:\Iot_Fall_18_Workspace\soc-thermometer\platform\radio\rail_lib\autogen\librail_release\librail_efr32xg13_gcc_release.a(generic_phy.o)
                0x0000f180                PROTIMER_IRQHandler
 .text.RAC_SEQ_IRQHandler
                0x0000f184        0x4 C:\Iot_Fall_18_Workspace\soc-thermometer\platform\radio\rail_lib\autogen\librail_release\librail_efr32xg13_gcc_release.a(generic_phy.o)
                0x0000f184                RAC_SEQ_IRQHandler
 .text.RAILCb_RadioStateChanged
                0x0000f188       0x14 C:\Iot_Fall_18_Workspace\soc-thermometer\platform\radio\rail_lib\autogen\librail_release\librail_efr32xg13_gcc_release.a(generic_phy.o)
                0x0000f188                RAILCb_RadioStateChanged
 .text.RAC_RSM_IRQHandler
                0x0000f19c       0x48 C:\Iot_Fall_18_Workspace\soc-thermometer\platform\radio\rail_lib\autogen\librail_release\librail_efr32xg13_gcc_release.a(generic_phy.o)
                0x0000f19c                RAC_RSM_IRQHandler
 .text.MODEM_IRQHandler
                0x0000f1e4        0x4 C:\Iot_Fall_18_Workspace\soc-thermometer\platform\radio\rail_lib\autogen\librail_release\librail_efr32xg13_gcc_release.a(generic_phy.o)
                0x0000f1e4                MODEM_IRQHandler
 .text.AGC_IRQHandler
                0x0000f1e8       0x40 C:\Iot_Fall_18_Workspace\soc-thermometer\platform\radio\rail_lib\autogen\librail_release\librail_efr32xg13_gcc_release.a(generic_phy.o)
                0x0000f1e8                AGC_IRQHandler
 .text.SYNTH_IRQHandler
                0x0000f228       0x10 C:\Iot_Fall_18_Workspace\soc-thermometer\platform\radio\rail_lib\autogen\librail_release\librail_efr32xg13_gcc_release.a(generic_phy.o)
                0x0000f228                SYNTH_IRQHandler
 .text.GENERIC_PHY_SetFeatures
                0x0000f238       0x24 C:\Iot_Fall_18_Workspace\soc-thermometer\platform\radio\rail_lib\autogen\librail_release\librail_efr32xg13_gcc_release.a(generic_phy.o)
                0x0000f238                GENERIC_PHY_SetFeatures
 .text.GENERIC_PHY_IsFeatureEnabled
                0x0000f25c       0x14 C:\Iot_Fall_18_Workspace\soc-thermometer\platform\radio\rail_lib\autogen\librail_release\librail_efr32xg13_gcc_release.a(generic_phy.o)
                0x0000f25c                GENERIC_PHY_IsFeatureEnabled
 .text.CORTEX_UTILS_BitsetLowestSetBit
                0x0000f270       0x26 C:\Iot_Fall_18_Workspace\soc-thermometer\platform\radio\rail_lib\autogen\librail_release\librail_efr32xg13_gcc_release.a(cortex_utils.o)
                0x0000f270                CORTEX_UTILS_BitsetLowestSetBit
 *fill*         0x0000f296        0x2 
 .text.gecko_init_alloc
                0x0000f298       0x38 C:\Iot_Fall_18_Workspace\soc-thermometer\protocol\bluetooth\lib\EFR32BG13P\GCC\libbluetooth.a(bglib.c.obj)
                0x0000f298                gecko_init_alloc
 .text.user_signal_message_handler
                0x0000f2d0       0x2c C:\Iot_Fall_18_Workspace\soc-thermometer\protocol\bluetooth\lib\EFR32BG13P\GCC\libbluetooth.a(bglib.c.obj)
 .text.set_ctune
                0x0000f2fc       0x64 C:\Iot_Fall_18_Workspace\soc-thermometer\protocol\bluetooth\lib\EFR32BG13P\GCC\libbluetooth.a(bglib.c.obj)
                0x0000f2fc                set_ctune
 .text.check_ctune_override
                0x0000f360       0x2c C:\Iot_Fall_18_Workspace\soc-thermometer\protocol\bluetooth\lib\EFR32BG13P\GCC\libbluetooth.a(bglib.c.obj)
                0x0000f360                check_ctune_override
 .text.gecko_stack_init
                0x0000f38c      0x25c C:\Iot_Fall_18_Workspace\soc-thermometer\protocol\bluetooth\lib\EFR32BG13P\GCC\libbluetooth.a(bglib.c.obj)
                0x0000f38c                gecko_stack_init
 .text.gecko_stack_update_callback
                0x0000f5e8       0x10 C:\Iot_Fall_18_Workspace\soc-thermometer\protocol\bluetooth\lib\EFR32BG13P\GCC\libbluetooth.a(bglib.c.obj)
                0x0000f5e8                gecko_stack_update_callback
 .text.gap_is_scanning_or_advertising.part.0
                0x0000f5f8       0x2c C:\Iot_Fall_18_Workspace\soc-thermometer\protocol\bluetooth\lib\EFR32BG13P\GCC\libbluetooth.a(gap.c.obj)
 .text.gap_is_resolvable
                0x0000f624       0x18 C:\Iot_Fall_18_Workspace\soc-thermometer\protocol\bluetooth\lib\EFR32BG13P\GCC\libbluetooth.a(gap.c.obj)
                0x0000f624                gap_is_resolvable
 .text.gap_init
                0x0000f63c       0x14 C:\Iot_Fall_18_Workspace\soc-thermometer\protocol\bluetooth\lib\EFR32BG13P\GCC\libbluetooth.a(gap.c.obj)
                0x0000f63c                gap_init
 .text.gap_reset_state
                0x0000f650       0xb8 C:\Iot_Fall_18_Workspace\soc-thermometer\protocol\bluetooth\lib\EFR32BG13P\GCC\libbluetooth.a(gap.c.obj)
                0x0000f650                gap_reset_state
 .text.gap_notify_connection_parameters
                0x0000f708       0x60 C:\Iot_Fall_18_Workspace\soc-thermometer\protocol\bluetooth\lib\EFR32BG13P\GCC\libbluetooth.a(gap.c.obj)
                0x0000f708                gap_notify_connection_parameters
 .text.gap_connection_complete.part.4
                0x0000f768       0xc8 C:\Iot_Fall_18_Workspace\soc-thermometer\protocol\bluetooth\lib\EFR32BG13P\GCC\libbluetooth.a(gap.c.obj)
 .text.gap_notify_phy_status
                0x0000f830       0x3c C:\Iot_Fall_18_Workspace\soc-thermometer\protocol\bluetooth\lib\EFR32BG13P\GCC\libbluetooth.a(gap.c.obj)
                0x0000f830                gap_notify_phy_status
 .text.gap_resolver_completed
                0x0000f86c       0x90 C:\Iot_Fall_18_Workspace\soc-thermometer\protocol\bluetooth\lib\EFR32BG13P\GCC\libbluetooth.a(gap.c.obj)
                0x0000f86c                gap_resolver_completed
 .text.check_private_address_and_timer
                0x0000f8fc       0x64 C:\Iot_Fall_18_Workspace\soc-thermometer\protocol\bluetooth\lib\EFR32BG13P\GCC\libbluetooth.a(gap.c.obj)
                0x0000f8fc                check_private_address_and_timer
 .text.gap_scan_update
                0x0000f960       0xb8 C:\Iot_Fall_18_Workspace\soc-thermometer\protocol\bluetooth\lib\EFR32BG13P\GCC\libbluetooth.a(gap.c.obj)
                0x0000f960                gap_scan_update
 .text.gap_listener
                0x0000fa18       0xa4 C:\Iot_Fall_18_Workspace\soc-thermometer\protocol\bluetooth\lib\EFR32BG13P\GCC\libbluetooth.a(gap.c.obj)
                0x0000fa18                gap_listener
 .text.gap_disconnect_acl
                0x0000fabc       0x12 C:\Iot_Fall_18_Workspace\soc-thermometer\protocol\bluetooth\lib\EFR32BG13P\GCC\libbluetooth.a(gap.c.obj)
                0x0000fabc                gap_disconnect_acl
 *fill*         0x0000face        0x2 
 .text.gap_connection_disconnected
                0x0000fad0       0x34 C:\Iot_Fall_18_Workspace\soc-thermometer\protocol\bluetooth\lib\EFR32BG13P\GCC\libbluetooth.a(gap.c.obj)
                0x0000fad0                gap_connection_disconnected
 .text.gap_connection_complete
                0x0000fb04       0x5c C:\Iot_Fall_18_Workspace\soc-thermometer\protocol\bluetooth\lib\EFR32BG13P\GCC\libbluetooth.a(gap.c.obj)
                0x0000fb04                gap_connection_complete
 .text.gap_encryption_changed
                0x0000fb60       0x50 C:\Iot_Fall_18_Workspace\soc-thermometer\protocol\bluetooth\lib\EFR32BG13P\GCC\libbluetooth.a(gap.c.obj)
                0x0000fb60                gap_encryption_changed
 .text.ubt_gap_set_static_address_identity
                0x0000fbb0       0x50 C:\Iot_Fall_18_Workspace\soc-thermometer\protocol\bluetooth\lib\EFR32BG13P\GCC\libbluetooth.a(gap.c.obj)
                0x0000fbb0                ubt_gap_set_static_address_identity
 .text.ubt_gap_get_identity_address
                0x0000fc00       0x1c C:\Iot_Fall_18_Workspace\soc-thermometer\protocol\bluetooth\lib\EFR32BG13P\GCC\libbluetooth.a(gap.c.obj)
                0x0000fc00                ubt_gap_get_identity_address
 .text.gap_acl_new
                0x0000fc1c       0x30 C:\Iot_Fall_18_Workspace\soc-thermometer\protocol\bluetooth\lib\EFR32BG13P\GCC\libbluetooth.a(gap.c.obj)
                0x0000fc1c                gap_acl_new
 .text.ubt_gap_get_identity_address_type
                0x0000fc4c       0x10 C:\Iot_Fall_18_Workspace\soc-thermometer\protocol\bluetooth\lib\EFR32BG13P\GCC\libbluetooth.a(gap.c.obj)
                0x0000fc4c                ubt_gap_get_identity_address_type
 .text.use_legacy_advertising
                0x0000fc5c       0x36 C:\Iot_Fall_18_Workspace\soc-thermometer\protocol\bluetooth\lib\EFR32BG13P\GCC\libbluetooth.a(gap_adv.c.obj)
 *fill*         0x0000fc92        0x2 
 .text.gap_alloc_mem
                0x0000fc94       0x28 C:\Iot_Fall_18_Workspace\soc-thermometer\protocol\bluetooth\lib\EFR32BG13P\GCC\libbluetooth.a(gap_adv.c.obj)
                0x0000fc94                gap_alloc_mem
 .text.gap_adv_terminated_callback
                0x0000fcbc       0x64 C:\Iot_Fall_18_Workspace\soc-thermometer\protocol\bluetooth\lib\EFR32BG13P\GCC\libbluetooth.a(gap_adv.c.obj)
                0x0000fcbc                gap_adv_terminated_callback
 .text.gap_get_advertising_scan_report_enable
                0x0000fd20       0x24 C:\Iot_Fall_18_Workspace\soc-thermometer\protocol\bluetooth\lib\EFR32BG13P\GCC\libbluetooth.a(gap_adv.c.obj)
                0x0000fd20                gap_get_advertising_scan_report_enable
 .text.gap_adv_update
                0x0000fd44      0x204 C:\Iot_Fall_18_Workspace\soc-thermometer\protocol\bluetooth\lib\EFR32BG13P\GCC\libbluetooth.a(gap_adv.c.obj)
                0x0000fd44                gap_adv_update
 .text.gap_address_resolver_step
                0x0000ff48       0x98 C:\Iot_Fall_18_Workspace\soc-thermometer\protocol\bluetooth\lib\EFR32BG13P\GCC\libbluetooth.a(gap_resolver.c.obj)
                0x0000ff48                gap_address_resolver_step
 .text.gap_resolver_start
                0x0000ffe0       0x40 C:\Iot_Fall_18_Workspace\soc-thermometer\protocol\bluetooth\lib\EFR32BG13P\GCC\libbluetooth.a(gap_resolver.c.obj)
                0x0000ffe0                gap_resolver_start
 .text.gap_status_set_scan_packet
                0x00010020       0x20 C:\Iot_Fall_18_Workspace\soc-thermometer\protocol\bluetooth\lib\EFR32BG13P\GCC\libbluetooth.a(gap_scan.c.obj)
                0x00010020                gap_status_set_scan_packet
 .text.gat_status_get_scan_packet
                0x00010040        0xc C:\Iot_Fall_18_Workspace\soc-thermometer\protocol\bluetooth\lib\EFR32BG13P\GCC\libbluetooth.a(gap_scan.c.obj)
                0x00010040                gat_status_get_scan_packet
 .text.gap_status_set_scan_response
                0x0001004c       0x20 C:\Iot_Fall_18_Workspace\soc-thermometer\protocol\bluetooth\lib\EFR32BG13P\GCC\libbluetooth.a(gap_scan.c.obj)
                0x0001004c                gap_status_set_scan_response
 .text.gat_status_get_scan_response
                0x0001006c        0xc C:\Iot_Fall_18_Workspace\soc-thermometer\protocol\bluetooth\lib\EFR32BG13P\GCC\libbluetooth.a(gap_scan.c.obj)
                0x0001006c                gat_status_get_scan_response
 .text.handle_scan_response_callback
                0x00010078      0x164 C:\Iot_Fall_18_Workspace\soc-thermometer\protocol\bluetooth\lib\EFR32BG13P\GCC\libbluetooth.a(gap_scan.c.obj)
                0x00010078                handle_scan_response_callback
 .text.gatt_init
                0x000101dc        0xc C:\Iot_Fall_18_Workspace\soc-thermometer\protocol\bluetooth\lib\EFR32BG13P\GCC\libbluetooth.a(gatt.c.obj)
                0x000101dc                gatt_init
 .text.gatt_init_connection
                0x000101e8       0x50 C:\Iot_Fall_18_Workspace\soc-thermometer\protocol\bluetooth\lib\EFR32BG13P\GCC\libbluetooth.a(gatt.c.obj)
                0x000101e8                gatt_init_connection