Archive member included because of file (symbol)

F:\MS Embedded Systems\IOT\Practicals\SERVER\BG_SERVER\platform\radio\rail_lib\autogen\librail_release\librail_efr32xg13_gcc_release.a(rail_pti.o)
                              ./pti.o (RAIL_ConfigPti)
F:\MS Embedded Systems\IOT\Practicals\SERVER\BG_SERVER\platform\radio\rail_lib\autogen\librail_release\librail_efr32xg13_gcc_release.a(rail_rf_hal.o)
                              F:\MS Embedded Systems\IOT\Practicals\SERVER\BG_SERVER\platform\radio\rail_lib\autogen\librail_release\librail_efr32xg13_gcc_release.a(rail_pti.o) (RFHAL_ConfigPti)
F:\MS Embedded Systems\IOT\Practicals\SERVER\BG_SERVER\platform\radio\rail_lib\autogen\librail_release\librail_efr32xg13_gcc_release.a(rail_ieee802154_rf_hal.o)
                              F:\MS Embedded Systems\IOT\Practicals\SERVER\BG_SERVER\platform\radio\rail_lib\autogen\librail_release\librail_efr32xg13_gcc_release.a(rail_rf_hal.o) (RFHAL_IEEE802154IsEnabled)
F:\MS Embedded Systems\IOT\Practicals\SERVER\BG_SERVER\platform\radio\rail_lib\autogen\librail_release\librail_efr32xg13_gcc_release.a(ieee802154_efr32xg13_configurator_out.o)
                              F:\MS Embedded Systems\IOT\Practicals\SERVER\BG_SERVER\platform\radio\rail_lib\autogen\librail_release\librail_efr32xg13_gcc_release.a(rail_ieee802154_rf_hal.o) (ieee802154_coherent_min)
F:\MS Embedded Systems\IOT\Practicals\SERVER\BG_SERVER\platform\radio\rail_lib\autogen\librail_release\librail_efr32xg13_gcc_release.a(ieee802154_gb868_efr32xg13_configurator_out.o)
                              F:\MS Embedded Systems\IOT\Practicals\SERVER\BG_SERVER\platform\radio\rail_lib\autogen\librail_release\librail_efr32xg13_gcc_release.a(rail_ieee802154_rf_hal.o) (ieee802154_gb868_config_915_min)
F:\MS Embedded Systems\IOT\Practicals\SERVER\BG_SERVER\platform\radio\rail_lib\autogen\librail_release\librail_efr32xg13_gcc_release.a(rail_ble_rf_hal.o)
                              F:\MS Embedded Systems\IOT\Practicals\SERVER\BG_SERVER\platform\radio\rail_lib\autogen\librail_release\librail_efr32xg13_gcc_release.a(rail_rf_hal.o) (RFHAL_IsBleLongRangeEnabled)
F:\MS Embedded Systems\IOT\Practicals\SERVER\BG_SERVER\platform\radio\rail_lib\autogen\librail_release\librail_efr32xg13_gcc_release.a(ble_efr32xg13_configurator_out.o)
                              F:\MS Embedded Systems\IOT\Practicals\SERVER\BG_SERVER\platform\radio\rail_lib\autogen\librail_release\librail_efr32xg13_gcc_release.a(rail_ble_rf_hal.o) (ble_viterbi2M_min)
F:\MS Embedded Systems\IOT\Practicals\SERVER\BG_SERVER\platform\radio\rail_lib\autogen\librail_release\librail_efr32xg13_gcc_release.a(rail_singleprotocol.o)
                              F:\MS Embedded Systems\IOT\Practicals\SERVER\BG_SERVER\platform\radio\rail_lib\autogen\librail_release\librail_efr32xg13_gcc_release.a(rail_rf_hal.o) (RAIL_ActiveHandle)
F:\MS Embedded Systems\IOT\Practicals\SERVER\BG_SERVER\platform\radio\rail_lib\autogen\librail_release\librail_efr32xg13_gcc_release.a(rail_rf.o)
                              F:\MS Embedded Systems\IOT\Practicals\SERVER\BG_SERVER\platform\radio\rail_lib\autogen\librail_release\librail_efr32xg13_gcc_release.a(rail_singleprotocol.o) (RAILCore_Init)
F:\MS Embedded Systems\IOT\Practicals\SERVER\BG_SERVER\platform\radio\rail_lib\autogen\librail_release\librail_efr32xg13_gcc_release.a(rail_rx.o)
                              F:\MS Embedded Systems\IOT\Practicals\SERVER\BG_SERVER\platform\radio\rail_lib\autogen\librail_release\librail_efr32xg13_gcc_release.a(rail_rf_hal.o) (RAILCore_StartRx)
F:\MS Embedded Systems\IOT\Practicals\SERVER\BG_SERVER\platform\radio\rail_lib\autogen\librail_release\librail_efr32xg13_gcc_release.a(rail_tx.o)
                              F:\MS Embedded Systems\IOT\Practicals\SERVER\BG_SERVER\platform\radio\rail_lib\autogen\librail_release\librail_efr32xg13_gcc_release.a(rail_singleprotocol.o) (RAILCore_StartTxStream)
F:\MS Embedded Systems\IOT\Practicals\SERVER\BG_SERVER\platform\radio\rail_lib\autogen\librail_release\librail_efr32xg13_gcc_release.a(rail_calibration.o)
                              F:\MS Embedded Systems\IOT\Practicals\SERVER\BG_SERVER\platform\radio\rail_lib\autogen\librail_release\librail_efr32xg13_gcc_release.a(rail_rf_hal.o) (RAILInt_PendCal)
F:\MS Embedded Systems\IOT\Practicals\SERVER\BG_SERVER\platform\radio\rail_lib\autogen\librail_release\librail_efr32xg13_gcc_release.a(rail_data.o)
                              F:\MS Embedded Systems\IOT\Practicals\SERVER\BG_SERVER\platform\radio\rail_lib\autogen\librail_release\librail_efr32xg13_gcc_release.a(rail_rf_hal.o) (RAILCb_SetupRxFifo)
F:\MS Embedded Systems\IOT\Practicals\SERVER\BG_SERVER\platform\radio\rail_lib\autogen\librail_release\librail_efr32xg13_gcc_release.a(rail_assert.o)
                              F:\MS Embedded Systems\IOT\Practicals\SERVER\BG_SERVER\platform\radio\rail_lib\autogen\librail_release\librail_efr32xg13_gcc_release.a(rail_rf.o) (RAILInt_Assert)
[...]
Memory Configuration

Name             Origin             Length             Attributes
FLASH_BOOTLOADER 0x0fe10000         0x00004000         xr
FLASH            0x00000000         0x0007f000         xr
RAM              0x20000000         0x00010000         xrw
*default*        0x00000000         0xffffffff

Linker script and memory map

LOAD h:/simplicity/developer/toolchains/gnu_arm/4.9_2015q3/bin/../lib/gcc/arm-none-eabi/4.9.3/armv7e-m/softfp/crti.o
LOAD h:/simplicity/developer/toolchains/gnu_arm/4.9_2015q3/bin/../lib/gcc/arm-none-eabi/4.9.3/armv7e-m/softfp/crtbegin.o
LOAD h:/simplicity/developer/toolchains/gnu_arm/4.9_2015q3/bin/../lib/gcc/arm-none-eabi/4.9.3/../../../../arm-none-eabi/lib/armv7e-m/softfp/crt0.o
START GROUP
LOAD ./application_properties.o
LOAD ./gatt_db.o
LOAD ./init_app.o
LOAD ./init_board.o
LOAD ./init_mcu.o
LOAD ./main.o
LOAD ./pti.o
LOAD ./hardware/kit/common/bsp/bsp_stk.o
LOAD ./hardware/kit/common/drivers/i2cspm.o
LOAD ./hardware/kit/common/drivers/mx25flash_spi.o
LOAD ./hardware/kit/common/drivers/si7013.o
LOAD ./hardware/kit/common/drivers/tempsens.o
LOAD ./hardware/kit/common/drivers/udelay.o
LOAD ./lcdGraphics/dmd/dmd_display.o
LOAD ./lcdGraphics/drivers/display.o
LOAD ./lcdGraphics/drivers/displayls013b7dh03.o
LOAD ./lcdGraphics/drivers/displaypalemlib.o
LOAD ./lcdGraphics/glib/bmp.o
LOAD ./lcdGraphics/glib/glib.o
LOAD ./lcdGraphics/glib/glib_bitmap.o
LOAD ./lcdGraphics/glib/glib_circle.o
LOAD ./lcdGraphics/glib/glib_font_narrow_6x8.o
LOAD ./lcdGraphics/glib/glib_font_normal_8x8.o
LOAD ./lcdGraphics/glib/glib_font_number_16x20.o
LOAD ./lcdGraphics/glib/glib_line.o
LOAD ./lcdGraphics/glib/glib_polygon.o
LOAD ./lcdGraphics/glib/glib_rectangle.o
LOAD ./lcdGraphics/glib/glib_string.o
LOAD ./lcdGraphics/graphics.o
LOAD ./lcdGraphics/lcd_driver.o
LOAD ./platform/Device/SiliconLabs/EFR32BG13P/Source/GCC/startup_efr32bg13p.o
LOAD ./platform/Device/SiliconLabs/EFR32BG13P/Source/system_efr32bg13p.o
LOAD ./platform/emdrv/sleep/src/sleep.o
LOAD ./platform/emlib/src/em_acmp.o
LOAD ./platform/emlib/src/em_adc.o
LOAD ./platform/emlib/src/em_aes.o
LOAD ./platform/emlib/src/em_assert.o
LOAD ./platform/emlib/src/em_burtc.o
LOAD ./platform/emlib/src/em_can.o
LOAD ./platform/emlib/src/em_cmu.o
LOAD ./platform/emlib/src/em_core.o
LOAD ./platform/emlib/src/em_cryotimer.o
LOAD ./platform/emlib/src/em_crypto.o
LOAD ./platform/emlib/src/em_csen.o
LOAD ./platform/emlib/src/em_dac.o
LOAD ./platform/emlib/src/em_dbg.o
LOAD ./platform/emlib/src/em_dma.o
LOAD ./platform/emlib/src/em_ebi.o
LOAD ./platform/emlib/src/em_emu.o
LOAD ./platform/emlib/src/em_gpcrc.o
LOAD ./platform/emlib/src/em_gpio.o
LOAD ./platform/emlib/src/em_i2c.o
LOAD ./platform/emlib/src/em_idac.o
LOAD ./platform/emlib/src/em_int.o
LOAD ./platform/emlib/src/em_lcd.o
LOAD ./platform/emlib/src/em_ldma.o
LOAD ./platform/emlib/src/em_lesense.o
LOAD ./platform/emlib/src/em_letimer.o
LOAD ./platform/emlib/src/em_leuart.o
LOAD ./platform/emlib/src/em_mpu.o
LOAD ./platform/emlib/src/em_msc.o
LOAD ./platform/emlib/src/em_opamp.o
LOAD ./platform/emlib/src/em_pcnt.o
LOAD ./platform/emlib/src/em_prs.o
LOAD ./platform/emlib/src/em_qspi.o
LOAD ./platform/emlib/src/em_rmu.o
LOAD ./platform/emlib/src/em_rtc.o
LOAD ./platform/emlib/src/em_rtcc.o
LOAD ./platform/emlib/src/em_system.o
LOAD ./platform/emlib/src/em_timer.o
LOAD ./platform/emlib/src/em_usart.o
LOAD ./platform/emlib/src/em_vcmp.o
LOAD ./platform/emlib/src/em_vdac.o
LOAD ./platform/emlib/src/em_wdog.o
LOAD ./src/I2C.o
LOAD ./src/Timer0.o
LOAD ./src/cmu.o
LOAD ./src/gpio.o
LOAD ./src/letimer.o
LOAD ./src/sleepblock.o
LOAD ./src/tempsensor.o
LOAD F:\MS Embedded Systems\IOT\Practicals\SERVER\BG_SERVER\platform\radio\rail_lib\autogen\librail_release\librail_efr32xg13_gcc_release.a
LOAD F:\MS Embedded Systems\IOT\Practicals\SERVER\BG_SERVER\protocol\bluetooth\lib\EFR32BG13P\GCC\binapploader.o
LOAD F:\MS Embedded Systems\IOT\Practicals\SERVER\BG_SERVER\protocol\bluetooth\lib\EFR32BG13P\GCC\libbluetooth.a
LOAD F:\MS Embedded Systems\IOT\Practicals\SERVER\BG_SERVER\protocol\bluetooth\lib\EFR32BG13P\GCC\libpsstore.a
LOAD F:\MS Embedded Systems\IOT\Practicals\SERVER\BG_SERVER\protocol\bluetooth\lib\EFR32BG13P\GCC\libmbedtls.a
LOAD h:/simplicity/developer/toolchains/gnu_arm/4.9_2015q3/bin/../lib/gcc/arm-none-eabi/4.9.3/../../../../arm-none-eabi/lib/armv7e-m/softfp\libm.a
END GROUP
START GROUP
LOAD h:/simplicity/developer/toolchains/gnu_arm/4.9_2015q3/bin/../lib/gcc/arm-none-eabi/4.9.3/armv7e-m/softfp\libgcc.a
LOAD h:/simplicity/developer/toolchains/gnu_arm/4.9_2015q3/bin/../lib/gcc/arm-none-eabi/4.9.3/../../../../arm-none-eabi/lib/armv7e-m/softfp\libc_nano.a
LOAD h:/simplicity/developer/toolchains/gnu_arm/4.9_2015q3/bin/../lib/gcc/arm-none-eabi/4.9.3/../../../../arm-none-eabi/lib/armv7e-m/softfp\libnosys.a
END GROUP
START GROUP
LOAD h:/simplicity/developer/toolchains/gnu_arm/4.9_2015q3/bin/../lib/gcc/arm-none-eabi/4.9.3/armv7e-m/softfp\libgcc.a
LOAD h:/simplicity/developer/toolchains/gnu_arm/4.9_2015q3/bin/../lib/gcc/arm-none-eabi/4.9.3/../../../../arm-none-eabi/lib/armv7e-m/softfp\libg_nano.a
LOAD h:/simplicity/developer/toolchains/gnu_arm/4.9_2015q3/bin/../lib/gcc/arm-none-eabi/4.9.3/../../../../arm-none-eabi/lib/armv7e-m/softfp\libc_nano.a
END GROUP
START GROUP
LOAD h:/simplicity/developer/toolchains/gnu_arm/4.9_2015q3/bin/../lib/gcc/arm-none-eabi/4.9.3/armv7e-m/softfp\libgcc.a
LOAD h:/simplicity/developer/toolchains/gnu_arm/4.9_2015q3/bin/../lib/gcc/arm-none-eabi/4.9.3/../../../../arm-none-eabi/lib/armv7e-m/softfp\libc_nano.a
END GROUP
LOAD h:/simplicity/developer/toolchains/gnu_arm/4.9_2015q3/bin/../lib/gcc/arm-none-eabi/4.9.3/armv7e-m/softfp/crtend.o
LOAD h:/simplicity/developer/toolchains/gnu_arm/4.9_2015q3/bin/../lib/gcc/arm-none-eabi/4.9.3/armv7e-m/softfp/crtn.o

.text_bootloader
                0x0fe10000        0x0
 *(.binbootloader*)
                0x0fe10000                . = ALIGN (0x4000)

.text_apploader
                0x00000000     0x8fc0
 *(.binapploader*)
 .binapploader  0x00000000     0x8fc0 F:\MS Embedded Systems\IOT\Practicals\SERVER\BG_SERVER\protocol\bluetooth\lib\EFR32BG13P\GCC\binapploader.o

.text_signature
                0x00008fc0       0x40
                0x00009000                . = ALIGN (0x800)
 *fill*         0x00008fc0       0x40 
                0x00009000                __text_start__ = .

.text_application
                0x00009000    0x2aeb4
 *(.vectors)
 .vectors       0x00009000       0xfc ./platform/Device/SiliconLabs/EFR32BG13P/Source/GCC/startup_efr32bg13p.o
                0x00009000                __Vectors
                0x000090fc                __Vectors_End = .
                0x000000fc                __Vectors_Size = (__Vectors_End - __Vectors)
                0x000090fc                __end__ = .
 *(.application_properties)
 .application_properties
                0x000090fc       0x38 ./application_properties.o
                0x000090fc                applicationProperties
 *(.gecko_configuration)
 *(.xo_configuration)
 *(.gatt_header)
 .gatt_header   0x00009134       0x34 ./gatt_db.o
                0x00009134                bg_gattdb_data
 *(.gatt_data)
 .gatt_data     0x00009168      0x4a5 ./gatt_db.o
                0x00009168                bg_gattdb_data_uuidtable_16_map
                0x000091a0                bg_gattdb_data_uuidtable_128_map
                0x000091c0                bg_gattdb_data_attribute_field_54
                0x000091c8                bg_gattdb_data_attribute_field_53
                0x000091d0                bg_gattdb_data_attribute_field_52
                0x000091d4                bg_gattdb_data_attribute_field_50
                0x000091dc                bg_gattdb_data_attribute_field_49
                0x000091f4                bg_gattdb_data_attribute_field_48
                0x00009208                bg_gattdb_data_attribute_field_47
                0x00009210                bg_gattdb_data_attribute_field_46
                0x00009218                bg_gattdb_data_attribute_field_45
                0x00009220                bg_gattdb_data_attribute_field_44
                0x00009228                bg_gattdb_data_attribute_field_43
                0x00009230                bg_gattdb_data_attribute_field_42
                0x00009238                bg_gattdb_data_attribute_field_41
                0x00009240                bg_gattdb_data_attribute_field_40
                0x00009248                bg_gattdb_data_attribute_field_39
                0x00009250                bg_gattdb_data_attribute_field_38
                0x00009258                bg_gattdb_data_attribute_field_37
                0x00009260                bg_gattdb_data_attribute_field_36
                0x00009268                bg_gattdb_data_attribute_field_35
                0x00009270                bg_gattdb_data_attribute_field_34
                0x00009278                bg_gattdb_data_attribute_field_33
                0x00009280                bg_gattdb_data_attribute_field_32
                0x00009288                bg_gattdb_data_attribute_field_31
                0x00009290                bg_gattdb_data_attribute_field_30
                0x00009298                bg_gattdb_data_attribute_field_29
                0x0000929c                bg_gattdb_data_attribute_field_28
                0x000092a4                bg_gattdb_data_attribute_field_26
                0x000092ac                bg_gattdb_data_attribute_field_25
                0x000092b4                bg_gattdb_data_attribute_field_23
                0x000092bc                bg_gattdb_data_attribute_field_22
                0x000092c4                bg_gattdb_data_attribute_field_21
                0x000092cc                bg_gattdb_data_attribute_field_20
                0x000092d4                bg_gattdb_data_attribute_field_18
                0x000092dc                bg_gattdb_data_attribute_field_17
                0x000092e4                bg_gattdb_data_attribute_field_16
                0x000092e8                bg_gattdb_data_attribute_field_14
                0x000092f0                bg_gattdb_data_attribute_field_13
                0x000092f8                bg_gattdb_data_attribute_field_12
                0x000092fc                bg_gattdb_data_attribute_field_11
                0x0000930c                bg_gattdb_data_attribute_field_10
                0x00009314                bg_gattdb_data_attribute_field_9
                0x00009318                bg_gattdb_data_attribute_field_8
                0x0000931c                bg_gattdb_data_attribute_field_7
                0x00009324                bg_gattdb_data_attribute_field_6
                0x0000932c                bg_gattdb_data_attribute_field_5
                0x00009334                bg_gattdb_data_attribute_field_4
                0x00009338                bg_gattdb_data_attribute_field_2
                0x00009340                bg_gattdb_data_attribute_field_1
                0x00009348                bg_gattdb_data_attribute_field_0
                0x0000934c                bg_gattdb_data_attributes_map
                0x000095e0                bg_gattdb_data_attributes_dynamic_mapping_map
                0x00009608                bg_gattdb_data_adv_uuid16_map
                0x0000960c                bg_gattdb_data_adv_uuid128_map
 *(.text*)
 *fill*         0x0000960d        0x3 
 .text          0x00009610       0x5c h:/simplicity/developer/toolchains/gnu_arm/4.9_2015q3/bin/../lib/gcc/arm-none-eabi/4.9.3/armv7e-m/softfp/crtbegin.o
 .text          0x0000966c       0x74 h:/simplicity/developer/toolchains/gnu_arm/4.9_2015q3/bin/../lib/gcc/arm-none-eabi/4.9.3/../../../../arm-none-eabi/lib/armv7e-m/softfp/crt0.o
                0x0000966c                _start
                0x0000966c                _mainCRTStartup
 .text.initBoard
                0x000096e0       0x48 ./init_board.o
                0x000096e0                initBoard
 .text.CHIP_Init
                0x00009728       0x1c ./init_mcu.o
 .text.initMcu  0x00009744       0x94 ./init_mcu.o
                0x00009744                initMcu
 .text.initMcu_clocks
                0x000097d8       0xb0 ./init_mcu.o
 .text.BUS_RegBitRead
                0x00009888       0x2c ./main.o
 .text.BUS_RegMaskedSet
                0x000098b4       0x24 ./main.o
 .text.BUS_RegMaskedClear
                0x000098d8       0x24 ./main.o
 .text.GPIO_PinInGet
                0x000098fc       0x54 ./main.o
 .text.GPIO_PinOutClear
                0x00009950       0x58 ./main.o
 .text.GPIO_PinOutSet
                0x000099a8       0x58 ./main.o
 .text.gecko_initCoexHAL
                0x00009a00        0xc ./main.o
 .text.gecko_init
                0x00009a0c       0x44 ./main.o
 .text.gecko_cmd_system_reset
                0x00009a50       0x5c ./main.o
 .text.gecko_cmd_system_get_bt_address
                0x00009aac       0x5c ./main.o
 .text.gecko_cmd_system_set_tx_power
                0x00009b08       0x68 ./main.o
 .text.gecko_cmd_system_halt
                0x00009b70       0x68 ./main.o
 .text.gecko_cmd_le_gap_set_advertise_timing
                0x00009bd8       0x94 ./main.o
 .text.gecko_cmd_le_gap_start_advertising
                0x00009c6c       0x7c ./main.o
 .text.gecko_cmd_le_connection_set_parameters
                0x00009ce8       0x98 ./main.o
 .text.gecko_cmd_le_connection_get_rssi
                0x00009d80       0x68 ./main.o
 .text.gecko_cmd_gatt_server_send_characteristic_notification
                0x00009de8       0xa4 ./main.o
 .text.gecko_cmd_endpoint_close
                0x00009e8c       0x68 ./main.o
 .text.gecko_cmd_sm_set_bondable_mode
                0x00009ef4       0x64 ./main.o
 .text.gecko_cmd_sm_configure
                0x00009f58       0x74 ./main.o
 .text.gecko_cmd_sm_store_bonding_configuration
                0x00009fcc       0x74 ./main.o
 .text.gecko_cmd_sm_increase_security
                0x0000a040       0x68 ./main.o
 .text.gecko_cmd_sm_delete_bondings
                0x0000a0a8       0x5c ./main.o
 .text.gecko_cmd_sm_passkey_confirm
                0x0000a104       0x74 ./main.o
 .text.EMU_EnterEM1
                0x0000a178       0x20 ./main.o
 .text.TIMER_Valid
                0x0000a198       0x44 ./main.o
 .text.TIMER_Enable
                0x0000a1dc       0x2c ./main.o
 .text.temperatureMeasure
                0x0000a208      0x128 ./main.o
                0x0000a208                temperatureMeasure
 .text.main     0x0000a330      0x470 ./main.o
                0x0000a330                main
 .text.BUS_RegMaskedSet
                0x0000a7a0       0x24 ./hardware/kit/common/drivers/mx25flash_spi.o
 .text.BUS_RegMaskedClear
                0x0000a7c4       0x24 ./hardware/kit/common/drivers/mx25flash_spi.o
 .text.GPIO_PinOutClear
                0x0000a7e8       0x58 ./hardware/kit/common/drivers/mx25flash_spi.o
 .text.GPIO_PinOutSet
                0x0000a840       0x58 ./hardware/kit/common/drivers/mx25flash_spi.o
 .text.MX25_init
                0x0000a898       0x98 ./hardware/kit/common/drivers/mx25flash_spi.o
                0x0000a898                MX25_init
 .text.Wait_Flash_WarmUp
                0x0000a930       0x24 ./hardware/kit/common/drivers/mx25flash_spi.o
                0x0000a930                Wait_Flash_WarmUp
 .text.Initial_Spi
                0x0000a954        0xc ./hardware/kit/common/drivers/mx25flash_spi.o
                0x0000a954                Initial_Spi
 .text.CS_Low   0x0000a960       0x10 ./hardware/kit/common/drivers/mx25flash_spi.o
                0x0000a960                CS_Low
 .text.CS_High  0x0000a970       0x10 ./hardware/kit/common/drivers/mx25flash_spi.o
                0x0000a970                CS_High
 .text.InsertDummyCycle
                0x0000a980       0x38 ./hardware/kit/common/drivers/mx25flash_spi.o
                0x0000a980                InsertDummyCycle
 .text.SendByte
                0x0000a9b8       0x3c ./hardware/kit/common/drivers/mx25flash_spi.o
                0x0000a9b8                SendByte
 .text.MX25_DP  0x0000a9f4       0x34 ./hardware/kit/common/drivers/mx25flash_spi.o
                0x0000a9f4                MX25_DP
 .text.NVIC_ClearPendingIRQ
                0x0000aa28       0x34 ./hardware/kit/common/drivers/udelay.o
 .text.RTCC_CounterGet
                0x0000aa5c       0x18 ./hardware/kit/common/drivers/udelay.o
 .text.UDELAY_Calibrate
                0x0000aa74      0x190 ./hardware/kit/common/drivers/udelay.o
                0x0000aa74                UDELAY_Calibrate
 .text.UDELAY_Delay
                0x0000ac04       0x38 ./hardware/kit/common/drivers/udelay.o
                0x0000ac04                UDELAY_Delay
 .text.calibrate_delay
                0x0000ac3c       0xd8 ./hardware/kit/common/drivers/udelay.o
 .text.clock    0x0000ad14       0x10 ./hardware/kit/common/drivers/udelay.o
 .text._delay   0x0000ad24       0x18 ./hardware/kit/common/drivers/udelay.o
 .text.DMD_init
                0x0000ad3c       0xc8 ./lcdGraphics/dmd/dmd_display.o
                0x0000ad3c                DMD_init
 .text.DMD_getDisplayGeometry
                0x0000ae04       0x38 ./lcdGraphics/dmd/dmd_display.o
                0x0000ae04                DMD_getDisplayGeometry
 .text.DMD_setClippingArea
                0x0000ae3c       0x8c ./lcdGraphics/dmd/dmd_display.o
                0x0000ae3c                DMD_setClippingArea
 .text.DMD_writeColor
                0x0000aec8      0x2b4 ./lcdGraphics/dmd/dmd_display.o
                0x0000aec8                DMD_writeColor
 .text.DMD_allocateFramebuffer
                0x0000b17c       0x54 ./lcdGraphics/dmd/dmd_display.o
                0x0000b17c                DMD_allocateFramebuffer
 .text.DMD_updateDisplay
                0x0000b1d0      0x114 ./lcdGraphics/dmd/dmd_display.o
                0x0000b1d0                DMD_updateDisplay
 .text.DISPLAY_Init
                0x0000b2e4       0x54 ./lcdGraphics/drivers/display.o
                0x0000b2e4                DISPLAY_Init
 .text.DISPLAY_DeviceGet
                0x0000b338       0x60 ./lcdGraphics/drivers/display.o
                0x0000b338                DISPLAY_DeviceGet
 .text.DISPLAY_DeviceRegister
                0x0000b398       0x6c ./lcdGraphics/drivers/display.o
                0x0000b398                DISPLAY_DeviceRegister
 .text.DISPLAY_Ls013b7dh03Init
                0x0000b404       0xd0 ./lcdGraphics/drivers/displayls013b7dh03.o
                0x0000b404                DISPLAY_Ls013b7dh03Init
 .text.DriverRefresh
                0x0000b4d4       0x20 ./lcdGraphics/drivers/displayls013b7dh03.o
 .text.DisplayEnable
                0x0000b4f4       0x30 ./lcdGraphics/drivers/displayls013b7dh03.o
 .text.DisplayClear
                0x0000b524       0x48 ./lcdGraphics/drivers/displayls013b7dh03.o
 .text.DisplayPolarityInverse
                0x0000b56c       0x10 ./lcdGraphics/drivers/displayls013b7dh03.o
 .text.PixelMatrixAllocate
                0x0000b57c       0x70 ./lcdGraphics/drivers/displayls013b7dh03.o
 .text.PixelMatrixFree
                0x0000b5ec       0x1c ./lcdGraphics/drivers/displayls013b7dh03.o
 .text.PixelMatrixClear
                0x0000b608       0x40 ./lcdGraphics/drivers/displayls013b7dh03.o
 .text.PixelMatrixDraw
                0x0000b648       0xb8 ./lcdGraphics/drivers/displayls013b7dh03.o
 .text.BUS_RegMaskedSet
                0x0000b700       0x24 ./lcdGraphics/drivers/displaypalemlib.o
 .text.BUS_RegMaskedClear
                0x0000b724       0x24 ./lcdGraphics/drivers/displaypalemlib.o
 .text.GPIO_PinOutClear
                0x0000b748       0x58 ./lcdGraphics/drivers/displaypalemlib.o
 .text.GPIO_PinOutSet
                0x0000b7a0       0x58 ./lcdGraphics/drivers/displaypalemlib.o
 .text.PAL_SpiInit
                0x0000b7f8       0x64 ./lcdGraphics/drivers/displaypalemlib.o
                0x0000b7f8                PAL_SpiInit
 .text.PAL_SpiTransmit
                0x0000b85c       0x74 ./lcdGraphics/drivers/displaypalemlib.o
                0x0000b85c                PAL_SpiTransmit
 .text.PAL_TimerInit
                0x0000b8d0       0x18 ./lcdGraphics/drivers/displaypalemlib.o
                0x0000b8d0                PAL_TimerInit
 .text.PAL_TimerMicroSecondsDelay
                0x0000b8e8       0x1c ./lcdGraphics/drivers/displaypalemlib.o
                0x0000b8e8                PAL_TimerMicroSecondsDelay
 .text.PAL_TimerRepeat
                0x0000b904       0x30 ./lcdGraphics/drivers/displaypalemlib.o
                0x0000b904                PAL_TimerRepeat
 .text.PAL_GpioInit
                0x0000b934       0x20 ./lcdGraphics/drivers/displaypalemlib.o
                0x0000b934                PAL_GpioInit
 .text.PAL_GpioPinModeSet
                0x0000b954       0x44 ./lcdGraphics/drivers/displaypalemlib.o
                0x0000b954                PAL_GpioPinModeSet
 .text.PAL_GpioPinOutSet
                0x0000b998       0x24 ./lcdGraphics/drivers/displaypalemlib.o
                0x0000b998                PAL_GpioPinOutSet
 .text.PAL_GpioPinOutClear
                0x0000b9bc       0x24 ./lcdGraphics/drivers/displaypalemlib.o
                0x0000b9bc                PAL_GpioPinOutClear
 .text.GLIB_colorTranslate24bppInl
                0x0000b9e0       0x34 ./lcdGraphics/glib/glib.o
 .text.GLIB_contextInit
                0x0000ba14       0x84 ./lcdGraphics/glib/glib.o
                0x0000ba14                GLIB_contextInit
 .text.GLIB_setClippingRegion
                0x0000ba98       0xa4 ./lcdGraphics/glib/glib.o
                0x0000ba98                GLIB_setClippingRegion
 .text.GLIB_clear
                0x0000bb3c       0x70 ./lcdGraphics/glib/glib.o
                0x0000bb3c                GLIB_clear
 .text.GLIB_resetDisplayClippingArea
                0x0000bbac       0x30 ./lcdGraphics/glib/glib.o
                0x0000bbac                GLIB_resetDisplayClippingArea
 .text.GLIB_applyClippingRegion
                0x0000bbdc       0x58 ./lcdGraphics/glib/glib.o
                0x0000bbdc                GLIB_applyClippingRegion
 .text.GLIB_colorTranslate24bpp
                0x0000bc34       0x20 ./lcdGraphics/glib/glib.o
                0x0000bc34                GLIB_colorTranslate24bpp
 .text.GLIB_drawPixel
                0x0000bc54       0x6c ./lcdGraphics/glib/glib.o
                0x0000bc54                GLIB_drawPixel
 .text.GLIB_drawPixelColor
                0x0000bcc0       0x6c ./lcdGraphics/glib/glib.o
                0x0000bcc0                GLIB_drawPixelColor
 .text.GLIB_rectContainsPoint
                0x0000bd2c       0x4c ./lcdGraphics/glib/glib_rectangle.o
                0x0000bd2c                GLIB_rectContainsPoint
 .text.GLIB_drawChar
                0x0000bd78      0x1d8 ./lcdGraphics/glib/glib_string.o
                0x0000bd78                GLIB_drawChar
 .text.GLIB_drawString
                0x0000bf50       0xd0 ./lcdGraphics/glib/glib_string.o
                0x0000bf50                GLIB_drawString
 .text.GLIB_setFont
                0x0000c020       0x44 ./lcdGraphics/glib/glib_string.o
                0x0000c020                GLIB_setFont
 .text.graphInit
                0x0000c064       0x64 ./lcdGraphics/graphics.o
                0x0000c064                graphInit
 .text.graphWriteString
                0x0000c0c8       0x40 ./lcdGraphics/graphics.o
                0x0000c0c8                graphWriteString
 .text.graphPrintCenter
                0x0000c108       0xc0 ./lcdGraphics/graphics.o
 .text.rtcIntCallbackRegister
                0x0000c1c8       0x1c ./lcdGraphics/lcd_driver.o
                0x0000c1c8                rtcIntCallbackRegister
 .text.LCD_init
                0x0000c1e4       0x30 ./lcdGraphics/lcd_driver.o
                0x0000c1e4                LCD_init
 .text.LCD_write
                0x0000c214       0xac ./lcdGraphics/lcd_driver.o
                0x0000c214                LCD_write
 .text.Reset_Handler
                0x0000c2c0       0x4c ./platform/Device/SiliconLabs/EFR32BG13P/Source/GCC/startup_efr32bg13p.o
                0x0000c2c0                Reset_Handler
 .text.Default_Handler
                0x0000c30c        0x8 ./platform/Device/SiliconLabs/EFR32BG13P/Source/GCC/startup_efr32bg13p.o
                0x0000c30c                DebugMon_Handler
                0x0000c30c                USART0_TX_IRQHandler
                0x0000c30c                I2C0_IRQHandler
                0x0000c30c                HardFault_Handler
                0x0000c30c                SysTick_Handler
                0x0000c30c                USART1_RX_IRQHandler
                0x0000c30c                PendSV_Handler
                0x0000c30c                NMI_Handler
                0x0000c30c                I2C1_IRQHandler
                0x0000c30c                WTIMER0_IRQHandler
                0x0000c30c                CRYPTO0_IRQHandler
                0x0000c30c                WDOG0_IRQHandler
                0x0000c30c                USART1_TX_IRQHandler
                0x0000c30c                SMU_IRQHandler
                0x0000c30c                MSC_IRQHandler
                0x0000c30c                ADC0_IRQHandler
                0x0000c30c                UsageFault_Handler
                0x0000c30c                WDOG1_IRQHandler
                0x0000c30c                LEUART0_IRQHandler
                0x0000c30c                FPUEH_IRQHandler
                0x0000c30c                GPIO_EVEN_IRQHandler
                0x0000c30c                VDAC0_IRQHandler
                0x0000c30c                LDMA_IRQHandler
                0x0000c30c                CSEN_IRQHandler
                0x0000c30c                CRYPTO1_IRQHandler
                0x0000c30c                TIMER1_IRQHandler
                0x0000c30c                TRNG0_IRQHandler
                0x0000c30c                USART2_RX_IRQHandler
                0x0000c30c                Default_Handler
                0x0000c30c                EMU_IRQHandler
                0x0000c30c                CRYOTIMER_IRQHandler
                0x0000c30c                PCNT0_IRQHandler
                0x0000c30c                ACMP0_IRQHandler
                0x0000c30c                USART0_RX_IRQHandler
                0x0000c30c                MemManage_Handler
                0x0000c30c                SVC_Handler
                0x0000c30c                RTCC_IRQHandler
                0x0000c30c                CMU_IRQHandler
                0x0000c30c                LESENSE_IRQHandler
                0x0000c30c                GPIO_ODD_IRQHandler
                0x0000c30c                BusFault_Handler
                0x0000c30c                USART2_TX_IRQHandler
                0x0000c30c                IDAC0_IRQHandler
 .text.SystemCoreClockGet
                0x0000c314       0x44 ./platform/Device/SiliconLabs/EFR32BG13P/Source/system_efr32bg13p.o
                0x0000c314                SystemCoreClockGet
 .text.SystemMaxCoreClockGet
                0x0000c358       0x14 ./platform/Device/SiliconLabs/EFR32BG13P/Source/system_efr32bg13p.o
                0x0000c358                SystemMaxCoreClockGet
 .text.SystemHFClockGet
                0x0000c36c       0x70 ./platform/Device/SiliconLabs/EFR32BG13P/Source/system_efr32bg13p.o
                0x0000c36c                SystemHFClockGet
 .text.SystemHFXOClockGet
                0x0000c3dc       0x18 ./platform/Device/SiliconLabs/EFR32BG13P/Source/system_efr32bg13p.o
                0x0000c3dc                SystemHFXOClockGet
 .text.SystemHFXOClockSet
                0x0000c3f4       0x30 ./platform/Device/SiliconLabs/EFR32BG13P/Source/system_efr32bg13p.o
                0x0000c3f4                SystemHFXOClockSet
 .text.SystemInit
                0x0000c424       0x20 ./platform/Device/SiliconLabs/EFR32BG13P/Source/system_efr32bg13p.o
                0x0000c424                SystemInit
 .text.SystemLFRCOClockGet
                0x0000c444       0x14 ./platform/Device/SiliconLabs/EFR32BG13P/Source/system_efr32bg13p.o
                0x0000c444                SystemLFRCOClockGet
 .text.SystemULFRCOClockGet
                0x0000c458       0x14 ./platform/Device/SiliconLabs/EFR32BG13P/Source/system_efr32bg13p.o
                0x0000c458                SystemULFRCOClockGet
 .text.SystemLFXOClockGet
                0x0000c46c       0x18 ./platform/Device/SiliconLabs/EFR32BG13P/Source/system_efr32bg13p.o
                0x0000c46c                SystemLFXOClockGet
 .text.SystemLFXOClockSet
                0x0000c484       0x30 ./platform/Device/SiliconLabs/EFR32BG13P/Source/system_efr32bg13p.o
                0x0000c484                SystemLFXOClockSet
 .text.BUS_RegBitWrite
                0x0000c4b4       0x2c ./platform/emdrv/sleep/src/sleep.o
 .text.EMU_EnterEM1
                0x0000c4e0       0x20 ./platform/emdrv/sleep/src/sleep.o
 .text.EMU_EM2Block
                0x0000c500       0x14 ./platform/emdrv/sleep/src/sleep.o
 .text.EMU_EM2UnBlock
                0x0000c514       0x14 ./platform/emdrv/sleep/src/sleep.o
 .text.sleepCallbackWrapper
                0x0000c528       0x2c ./platform/emdrv/sleep/src/sleep.o
 .text.SLEEP_Init
                0x0000c554       0x60 ./platform/emdrv/sleep/src/sleep.o
                0x0000c554                SLEEP_Init
 .text.SLEEP_Sleep
                0x0000c5b4       0x90 ./platform/emdrv/sleep/src/sleep.o
                0x0000c5b4                SLEEP_Sleep
 .text.SLEEP_SleepBlockBegin
                0x0000c644       0x48 ./platform/emdrv/sleep/src/sleep.o
                0x0000c644                SLEEP_SleepBlockBegin
 .text.SLEEP_SleepBlockEnd
                0x0000c68c       0x58 ./platform/emdrv/sleep/src/sleep.o
                0x0000c68c                SLEEP_SleepBlockEnd
 .text.SLEEP_LowestEnergyModeGet
                0x0000c6e4       0x40 ./platform/emdrv/sleep/src/sleep.o
                0x0000c6e4                SLEEP_LowestEnergyModeGet
 .text.enterEMx
                0x0000c724       0xa0 ./platform/emdrv/sleep/src/sleep.o
 .text.BUS_RegBitWrite
                0x0000c7c4       0x2c ./platform/emlib/src/em_cmu.o
 .text.BUS_RegBitRead
                0x0000c7f0       0x2c ./platform/emlib/src/em_cmu.o
 .text.BUS_RegMaskedSet
                0x0000c81c       0x24 ./platform/emlib/src/em_cmu.o
 .text.BUS_RegMaskedClear
                0x0000c840       0x24 ./platform/emlib/src/em_cmu.o
 .text.BUS_RegMaskedWrite
                0x0000c864       0x24 ./platform/emlib/src/em_cmu.o
 .text.CMU_Log2ToDiv
                0x0000c888       0x1c ./platform/emlib/src/em_cmu.o
 .text.CMU_PrescToLog2
                0x0000c8a4       0x28 ./platform/emlib/src/em_cmu.o
 .text.EMU_VScaleWait
                0x0000c8cc       0x1c ./platform/emlib/src/em_cmu.o
 .text.EMU_VScaleGet
                0x0000c8e8       0x1c ./platform/emlib/src/em_cmu.o
 .text.setHfLeConfig
                0x0000c904       0x64 ./platform/emlib/src/em_cmu.o
 .text.auxClkGet
                0x0000c968       0x20 ./platform/emlib/src/em_cmu.o
 .text.hfSrcClkGet
                0x0000c988       0x2c ./platform/emlib/src/em_cmu.o
 .text.dbgClkGet
                0x0000c9b4       0x40 ./platform/emlib/src/em_cmu.o
 .text.adcAsyncClkGet
                0x0000c9f4       0x80 ./platform/emlib/src/em_cmu.o
 .text.flashWaitStateControl
                0x0000ca74       0x88 ./platform/emlib/src/em_cmu.o
 .text.flashWaitStateMax
                0x0000cafc       0x40 ./platform/emlib/src/em_cmu.o
 .text.CMU_UpdateWaitStates
                0x0000cb3c       0x40 ./platform/emlib/src/em_cmu.o
                0x0000cb3c                CMU_UpdateWaitStates
 .text.getRegIshUpperVal
                0x0000cb7c       0x38 ./platform/emlib/src/em_cmu.o
 .text.getHfxoTuningMode
                0x0000cbb4       0x1c ./platform/emlib/src/em_cmu.o
 .text.setHfxoTuningMode
                0x0000cbd0       0x28 ./platform/emlib/src/em_cmu.o
 .text.lfClkGet
                0x0000cbf8       0xf4 ./platform/emlib/src/em_cmu.o
 .text.syncReg  0x0000ccec       0x38 ./platform/emlib/src/em_cmu.o
 .text.hfperClkSafePrescaler
                0x0000cd24        0xc ./platform/emlib/src/em_cmu.o
 .text.hfperClkOptimizedPrescaler
                0x0000cd30        0xc ./platform/emlib/src/em_cmu.o
 .text.CMU_ClockDivGet
                0x0000cd3c       0x1c ./platform/emlib/src/em_cmu.o
                0x0000cd3c                CMU_ClockDivGet
 .text.CMU_ClockDivSet
                0x0000cd58       0x1c ./platform/emlib/src/em_cmu.o
                0x0000cd58                CMU_ClockDivSet
 .text.CMU_ClockEnable
                0x0000cd74       0xcc ./platform/emlib/src/em_cmu.o
                0x0000cd74                CMU_ClockEnable
 .text.CMU_ClockFreqGet
                0x0000ce40      0x1f8 ./platform/emlib/src/em_cmu.o
                0x0000ce40                CMU_ClockFreqGet
 .text.CMU_ClockPrescGet
                0x0000d038      0x180 ./platform/emlib/src/em_cmu.o
                0x0000d038                CMU_ClockPrescGet
 .text.CMU_ClockPrescSet
                0x0000d1b8      0x270 ./platform/emlib/src/em_cmu.o
                0x0000d1b8                CMU_ClockPrescSet
 .text.CMU_ClockSelectGet
                0x0000d428      0x19c ./platform/emlib/src/em_cmu.o
                0x0000d428                CMU_ClockSelectGet
 .text.CMU_ClockSelectSet
                0x0000d5c4      0x2d4 ./platform/emlib/src/em_cmu.o
                0x0000d5c4                CMU_ClockSelectSet
 .text.CMU_HFRCOBandGet
                0x0000d898       0x18 ./platform/emlib/src/em_cmu.o
                0x0000d898                CMU_HFRCOBandGet
 .text.CMU_HFXOAutostartEnable
                0x0000d8b0       0x8c ./platform/emlib/src/em_cmu.o
                0x0000d8b0                CMU_HFXOAutostartEnable
 .text.CMU_HFXOInit
                0x0000d93c       0xe4 ./platform/emlib/src/em_cmu.o
                0x0000d93c                CMU_HFXOInit
 .text.CMU_LFXOInit
                0x0000da20       0x50 ./platform/emlib/src/em_cmu.o
                0x0000da20                CMU_LFXOInit
 .text.CMU_OscillatorEnable
                0x0000da70      0x17c ./platform/emlib/src/em_cmu.o
                0x0000da70                CMU_OscillatorEnable
 .text.CMU_OscillatorTuningGet
                0x0000dbec       0x74 ./platform/emlib/src/em_cmu.o
                0x0000dbec                CMU_OscillatorTuningGet
 .text.CMU_OscillatorTuningSet
                0x0000dc60      0x100 ./platform/emlib/src/em_cmu.o
                0x0000dc60                CMU_OscillatorTuningSet
 .text.CMU_OscillatorTuningWait
                0x0000dd60       0x94 ./platform/emlib/src/em_cmu.o
                0x0000dd60                CMU_OscillatorTuningWait
 .text.CMU_OscillatorTuningOptimize
                0x0000ddf4       0x58 ./platform/emlib/src/em_cmu.o
                0x0000ddf4                CMU_OscillatorTuningOptimize
 .text.CORE_EnterCritical
                0x0000de4c       0x20 ./platform/emlib/src/em_core.o
                0x0000de4c                CORE_EnterCritical
 .text.CORE_ExitCritical
                0x0000de6c       0x1c ./platform/emlib/src/em_core.o
                0x0000de6c                CORE_ExitCritical
 .text.CORE_AtomicDisableIrq
                0x0000de88       0x10 ./platform/emlib/src/em_core.o
                0x0000de88                CORE_AtomicDisableIrq
 .text.CORE_AtomicEnableIrq
                0x0000de98       0x10 ./platform/emlib/src/em_core.o
                0x0000de98                CORE_AtomicEnableIrq
 .text.CORE_EnterAtomic
                0x0000dea8       0x20 ./platform/emlib/src/em_core.o
                0x0000dea8                CORE_EnterAtomic
 .text.CORE_ExitAtomic
                0x0000dec8       0x1c ./platform/emlib/src/em_core.o
                0x0000dec8                CORE_ExitAtomic
 .text.CORE_SetNvicRamTableHandler
                0x0000dee4       0x44 ./platform/emlib/src/em_core.o
                0x0000dee4                CORE_SetNvicRamTableHandler
 .text.CORE_InitNvicVectorTable
                0x0000df28       0xc8 ./platform/emlib/src/em_core.o
                0x0000df28                CORE_InitNvicVectorTable
 .text.CRYPTO_BurstFromCrypto
                0x0000dff0       0x40 ./platform/emlib/src/em_crypto.o
 .text.CRYPTO_ModulusSet
                0x0000e030       0x88 ./platform/emlib/src/em_crypto.o
                0x0000e030                CRYPTO_ModulusSet
 .text.CRYPTO_KeyRead
                0x0000e0b8       0x38 ./platform/emlib/src/em_crypto.o
                0x0000e0b8                CRYPTO_KeyRead
 .text.SystemCoreClockUpdate
                0x0000e0f0        0xc ./platform/emlib/src/em_emu.o
 .text.BUS_RegBitWrite
                0x0000e0fc       0x2c ./platform/emlib/src/em_emu.o
 .text.BUS_RegBitRead
                0x0000e128       0x2c ./platform/emlib/src/em_emu.o
 .text.EMU_VScaleWait
                0x0000e154       0x1c ./platform/emlib/src/em_emu.o
 .text.EMU_VScaleGet
                0x0000e170       0x1c ./platform/emlib/src/em_emu.o
 .text.EMU_IntClear
                0x0000e18c       0x1c ./platform/emlib/src/em_emu.o
 .text.EMU_IntGet
                0x0000e1a8       0x18 ./platform/emlib/src/em_emu.o
 .text.EMU_Unlock
                0x0000e1c0       0x18 ./platform/emlib/src/em_emu.o
 .text.CMU_Lock
                0x0000e1d8       0x18 ./platform/emlib/src/em_emu.o
 .text.CMU_Unlock
                0x0000e1f0       0x1c ./platform/emlib/src/em_emu.o
 .text.vScaleEM01Cmd
                0x0000e20c       0x24 ./platform/emlib/src/em_emu.o
 .text.emState  0x0000e230      0x14c ./platform/emlib/src/em_emu.o
 .text.vScaleDownEM23Setup
                0x0000e37c       0x50 ./platform/emlib/src/em_emu.o
 .text.vScaleAfterWakeup
                0x0000e3cc       0x44 ./platform/emlib/src/em_emu.o
 .text.EMU_EnterEM2
                0x0000e410       0x48 ./platform/emlib/src/em_emu.o
                0x0000e410                EMU_EnterEM2
 .text.EMU_EnterEM3
                0x0000e458       0x70 ./platform/emlib/src/em_emu.o
                0x0000e458                EMU_EnterEM3
 .text.EMU_Save
                0x0000e4c8        0xc ./platform/emlib/src/em_emu.o
                0x0000e4c8                EMU_Save
 .text.EMU_Restore
                0x0000e4d4        0xc ./platform/emlib/src/em_emu.o
                0x0000e4d4                EMU_Restore
 .text.EMU_EnterEM4
                0x0000e4e0       0x50 ./platform/emlib/src/em_emu.o
                0x0000e4e0                EMU_EnterEM4
 .text.EMU_VScaleEM01ByClock
                0x0000e530       0x70 ./platform/emlib/src/em_emu.o
                0x0000e530                EMU_VScaleEM01ByClock
 .text.EMU_VScaleEM01
                0x0000e5a0       0x84 ./platform/emlib/src/em_emu.o
                0x0000e5a0                EMU_VScaleEM01
 .text.EMU_EM01Init
                0x0000e624       0x24 ./platform/emlib/src/em_emu.o
                0x0000e624                EMU_EM01Init
 .text.EMU_EM23Init
                0x0000e648       0x2c ./platform/emlib/src/em_emu.o
                0x0000e648                EMU_EM23Init
 .text.dcdcConstCalibrationLoad
                0x0000e674       0x10 ./platform/emlib/src/em_emu.o
 .text.dcdcValidatedConfigSet
                0x0000e684       0x40 ./platform/emlib/src/em_emu.o
 .text.currentLimitersUpdate
                0x0000e6c4       0xe4 ./platform/emlib/src/em_emu.o
 .text.userCurrentLimitsSet
                0x0000e7a8       0x2c ./platform/emlib/src/em_emu.o
 .text.compCtrlSet
                0x0000e7d4       0x3c ./platform/emlib/src/em_emu.o
 .text.lpCmpHystCalibrationLoad
                0x0000e810       0xd4 ./platform/emlib/src/em_emu.o
 .text.lpGetDevinfoVrefLowHigh
                0x0000e8e4      0x164 ./platform/emlib/src/em_emu.o
 .text.EMU_DCDCModeSet
                0x0000ea48       0xf0 ./platform/emlib/src/em_emu.o
                0x0000ea48                EMU_DCDCModeSet
 .text.EMU_DCDCInit
                0x0000eb38      0x120 ./platform/emlib/src/em_emu.o
                0x0000eb38                EMU_DCDCInit
 .text.EMU_DCDCOutputVoltageSet
                0x0000ec58      0x2cc ./platform/emlib/src/em_emu.o
                0x0000ec58                EMU_DCDCOutputVoltageSet
 .text.EMU_DCDCOptimizeSlice
                0x0000ef24       0xd8 ./platform/emlib/src/em_emu.o
                0x0000ef24                EMU_DCDCOptimizeSlice
 .text.EMU_DCDCLnRcoBandSet
                0x0000effc       0x54 ./platform/emlib/src/em_emu.o
                0x0000effc                EMU_DCDCLnRcoBandSet
 .text.BUS_RegMaskedSet
                0x0000f050       0x24 ./platform/emlib/src/em_gpio.o
 .text.BUS_RegMaskedClear
                0x0000f074       0x24 ./platform/emlib/src/em_gpio.o
 .text.BUS_RegMaskedWrite
                0x0000f098       0x24 ./platform/emlib/src/em_gpio.o
 .text.GPIO_PinOutClear
                0x0000f0bc       0x58 ./platform/emlib/src/em_gpio.o
 .text.GPIO_PinOutSet
                0x0000f114       0x58 ./platform/emlib/src/em_gpio.o
 .text.GPIO_DriveStrengthSet
                0x0000f16c       0x60 ./platform/emlib/src/em_gpio.o
                0x0000f16c                GPIO_DriveStrengthSet
 .text.GPIO_PinModeSet
                0x0000f1cc      0x10c ./platform/emlib/src/em_gpio.o
                0x0000f1cc                GPIO_PinModeSet
 .text.BUS_RegBitWrite
                0x0000f2d8       0x2c ./platform/emlib/src/em_i2c.o
 .text.BUS_RegMaskedSet
                0x0000f304       0x24 ./platform/emlib/src/em_i2c.o
 .text.BUS_RegMaskedClear
                0x0000f328       0x24 ./platform/emlib/src/em_i2c.o
 .text.BUS_RegMaskedWrite
                0x0000f34c       0x24 ./platform/emlib/src/em_i2c.o
 .text.I2C_BusFreqSet
                0x0000f370       0xf8 ./platform/emlib/src/em_i2c.o
                0x0000f370                I2C_BusFreqSet
 .text.I2C_Enable
                0x0000f468       0x3c ./platform/emlib/src/em_i2c.o
                0x0000f468                I2C_Enable
 .text.I2C_Init
                0x0000f4a4       0x78 ./platform/emlib/src/em_i2c.o
                0x0000f4a4                I2C_Init
 .text.LETIMER_CompareSet
                0x0000f51c       0x58 ./platform/emlib/src/em_letimer.o
                0x0000f51c                LETIMER_CompareSet
 .text.LETIMER_Enable
                0x0000f574       0x2c ./platform/emlib/src/em_letimer.o
                0x0000f574                LETIMER_Enable
 .text.LETIMER_Init
                0x0000f5a0       0xd0 ./platform/emlib/src/em_letimer.o
                0x0000f5a0                LETIMER_Init
 .text.MSC_Init
                0x0000f670       0x30 ./platform/emlib/src/em_msc.o
                0x0000f670                MSC_Init
 .text.MSC_Deinit
                0x0000f6a0       0x24 ./platform/emlib/src/em_msc.o
                0x0000f6a0                MSC_Deinit
 .text.RMU_ResetCauseClear
                0x0000f6c4       0x18 ./platform/emlib/src/em_rmu.o
                0x0000f6c4                RMU_ResetCauseClear
 .text.RMU_ResetCauseGet
                0x0000f6dc       0xb0 ./platform/emlib/src/em_rmu.o
                0x0000f6dc                RMU_ResetCauseGet
 .text.BUS_RegBitWrite
                0x0000f78c       0x2c ./platform/emlib/src/em_rtcc.o
 .text.RTCC_Enable
                0x0000f7b8       0x20 ./platform/emlib/src/em_rtcc.o
                0x0000f7b8                RTCC_Enable
 .text.RTCC_Init
                0x0000f7d8       0x94 ./platform/emlib/src/em_rtcc.o
                0x0000f7d8                RTCC_Init
 .text.SYSTEM_ChipRevisionGet
                0x0000f86c       0x78 ./platform/emlib/src/em_system.o
                0x0000f86c                SYSTEM_ChipRevisionGet
 .text.TIMER_Valid
                0x0000f8e4       0x44 ./platform/emlib/src/em_timer.o
 .text.TIMER_Init
                0x0000f928       0xdc ./platform/emlib/src/em_timer.o
                0x0000f928                TIMER_Init
 .text.USART_BaudrateSyncSet
                0x0000fa04       0x40 ./platform/emlib/src/em_usart.o
                0x0000fa04                USART_BaudrateSyncSet
 .text.USART_InitSync
                0x0000fa44       0xfc ./platform/emlib/src/em_usart.o
                0x0000fa44                USART_InitSync
 .text.USART_Reset
                0x0000fb40       0xb0 ./platform/emlib/src/em_usart.o
                0x0000fb40                USART_Reset
 .text.USART_SpiTransfer
                0x0000fbf0       0x40 ./platform/emlib/src/em_usart.o
                0x0000fbf0                USART_SpiTransfer
 .text.USART_Tx
                0x0000fc30       0x2c ./platform/emlib/src/em_usart.o
                0x0000fc30                USART_Tx
 .text.USART_TxDouble
                0x0000fc5c       0x2c ./platform/emlib/src/em_usart.o
                0x0000fc5c                USART_TxDouble
 .text.I2C_IntClear
                0x0000fc88       0x1c ./src/I2C.o
 .text.I2C_IntEnable
                0x0000fca4       0x20 ./src/I2C.o
 .text.I2C_setup
                0x0000fcc4       0x80 ./src/I2C.o
                0x0000fcc4                I2C_setup
 .text.I2C_Measure_Temp
                0x0000fd44       0x6c ./src/I2C.o
                0x0000fd44                I2C_Measure_Temp
 .text.Receive_temp_code
                0x0000fdb0       0x70 ./src/I2C.o
                0x0000fdb0                Receive_temp_code
 .text.Temperature_Cal
                0x0000fe20       0x94 ./src/I2C.o
                0x0000fe20                Temperature_Cal
 .text.NVIC_EnableIRQ
                0x0000feb4       0x30 ./src/Timer0.o
 .text.TIMER_MaxCount
                0x0000fee4       0x2c ./src/Timer0.o
 .text.TIMER_IntClear
                0x0000ff10       0x1c ./src/Timer0.o
 .text.TIMER_IntEnable
                0x0000ff2c       0x20 ./src/Timer0.o
 .text.TIMER_IntGet
                0x0000ff4c       0x18 ./src/Timer0.o
 .text.TIMER_TopSet
                0x0000ff64       0x1c ./src/Timer0.o
 .text.TIMER0_IRQHandler
                0x0000ff80       0x44 ./src/Timer0.o
                0x0000ff80                TIMER0_IRQHandler
 .text.TIMER_setup
                0x0000ffc4       0x6c ./src/Timer0.o
                0x0000ffc4                TIMER_setup
 .text.cmu_init
                0x00010030       0x14 ./src/cmu.o
                0x00010030                cmu_init
 .text.gpio_init
                0x00010044       0x58 ./src/gpio.o
                0x00010044                gpio_init
 .text.NVIC_EnableIRQ
                0x0001009c       0x30 ./src/letimer.o
 .text.LETIMER_IntClear
                0x000100cc       0x1c ./src/letimer.o
 .text.LETIMER_IntEnable
                0x000100e8       0x20 ./src/letimer.o
 .text.LETIMER_IntGet
                0x00010108       0x18 ./src/letimer.o
 .text.LETIMER0_IRQHandler
                0x00010120       0x3c ./src/letimer.o
                0x00010120                LETIMER0_IRQHandler
 .text.prescaler_LETIMER
                0x0001015c       0x70 ./src/letimer.o
                0x0001015c                prescaler_LETIMER
 .text.LETIMER_setup
                0x000101cc       0xac ./src/letimer.o
                0x000101cc                LETIMER_setup
 .text.sensor_enable
                0x00010278       0x14 ./src/tempsensor.o
                0x00010278                sensor_enable
 .text.Load_management_on
                0x0001028c       0x54 ./src/tempsensor.o
                0x0001028c                Load_management_on
 .text.eventDefault
                0x000102e0        0x2 F:\MS Embedded Systems\IOT\Practicals\SERVER\BG_SERVER\platform\radio\rail_lib\autogen\librail_release\librail_efr32xg13_gcc_release.a(rail_rf_hal.o)
 *fill*         0x000102e2        0x2 
 .text.RFHAL_NotifyUserOfIrCal
                0x000102e4       0x78 F:\MS Embedded Systems\IOT\Practicals\SERVER\BG_SERVER\platform\radio\rail_lib\autogen\librail_release\librail_efr32xg13_gcc_release.a(rail_rf_hal.o)
 *fill*         0x0001035c        0x4 
 .text.GENERIC_PHY_EventCallback
                0x00010360      0x194 F:\MS Embedded Systems\IOT\Practicals\SERVER\BG_SERVER\platform\radio\rail_lib\autogen\librail_release\librail_efr32xg13_gcc_release.a(rail_rf_hal.o)
                0x00010360                GENERIC_PHY_EventCallback
 .text.RFHAL_IntEnable
                0x000104f4       0x58 F:\MS Embedded Systems\IOT\Practicals\SERVER\BG_SERVER\platform\radio\rail_lib\autogen\librail_release\librail_efr32xg13_gcc_release.a(rail_rf_hal.o)
                0x000104f4                RFHAL_IntEnable
 .text.RFHAL_SetEventCallback
                0x0001054c       0x18 F:\MS Embedded Systems\IOT\Practicals\SERVER\BG_SERVER\platform\radio\rail_lib\autogen\librail_release\librail_efr32xg13_gcc_release.a(rail_rf_hal.o)
                0x0001054c                RFHAL_SetEventCallback
 .text.RFHAL_SetPtiProtocol
                0x00010564       0x20 F:\MS Embedded Systems\IOT\Practicals\SERVER\BG_SERVER\platform\radio\rail_lib\autogen\librail_release\librail_efr32xg13_gcc_release.a(rail_rf_hal.o)
                0x00010564                RFHAL_SetPtiProtocol
 .text.RFHAL_Idle
                0x00010584       0x2a F:\MS Embedded Systems\IOT\Practicals\SERVER\BG_SERVER\platform\radio\rail_lib\autogen\librail_release\librail_efr32xg13_gcc_release.a(rail_rf_hal.o)
                0x00010584                RFHAL_Idle
 *fill*         0x000105ae        0x2 
 .text.RFHAL_GetRadioState
                0x000105b0       0x48 F:\MS Embedded Systems\IOT\Practicals\SERVER\BG_SERVER\platform\radio\rail_lib\autogen\librail_release\librail_efr32xg13_gcc_release.a(rail_rf_hal.o)
                0x000105b0                RFHAL_GetRadioState
 .text.RFHAL_OkToTransmit
                0x000105f8       0x18 F:\MS Embedded Systems\IOT\Practicals\SERVER\BG_SERVER\platform\radio\rail_lib\autogen\librail_release\librail_efr32xg13_gcc_release.a(rail_rf_hal.o)
                0x000105f8                RFHAL_OkToTransmit
 .text.RFHAL_ScheduleRx
                0x00010610       0x5a F:\MS Embedded Systems\IOT\Practicals\SERVER\BG_SERVER\platform\radio\rail_lib\autogen\librail_release\librail_efr32xg13_gcc_release.a(rail_rf_hal.o)
                0x00010610                RFHAL_ScheduleRx
 *fill*         0x0001066a        0x2 
 .text.RFHAL_EnableRxRawCapture
                0x0001066c       0x58 F:\MS Embedded Systems\IOT\Practicals\SERVER\BG_SERVER\platform\radio\rail_lib\autogen\librail_release\librail_efr32xg13_gcc_release.a(rail_rf_hal.o)
                0x0001066c                RFHAL_EnableRxRawCapture
 .text.RFHAL_DisableRxRawCapture
                0x000106c4       0x50 F:\MS Embedded Systems\IOT\Practicals\SERVER\BG_SERVER\platform\radio\rail_lib\autogen\librail_release\librail_efr32xg13_gcc_release.a(rail_rf_hal.o)
                0x000106c4                RFHAL_DisableRxRawCapture
 .text.RFHAL_AcceptCrcErrors
                0x00010714       0x18 F:\MS Embedded Systems\IOT\Practicals\SERVER\BG_SERVER\platform\radio\rail_lib\autogen\librail_release\librail_efr32xg13_gcc_release.a(rail_rf_hal.o)
                0x00010714                RFHAL_AcceptCrcErrors
 .text.RFHAL_ConfigRxOptions
                0x0001072c      0x124 F:\MS Embedded Systems\IOT\Practicals\SERVER\BG_SERVER\platform\radio\rail_lib\autogen\librail_release\librail_efr32xg13_gcc_release.a(rail_rf_hal.o)
                0x0001072c                RFHAL_ConfigRxOptions
 .text.RFHAL_GetTimer
                0x00010850        0xc F:\MS Embedded Systems\IOT\Practicals\SERVER\BG_SERVER\platform\radio\rail_lib\autogen\librail_release\librail_efr32xg13_gcc_release.a(rail_rf_hal.o)
                0x00010850                RFHAL_GetTimer
 .text.RFHAL_CancelTimer
                0x0001085c       0x28 F:\MS Embedded Systems\IOT\Practicals\SERVER\BG_SERVER\platform\radio\rail_lib\autogen\librail_release\librail_efr32xg13_gcc_release.a(rail_rf_hal.o)
                0x0001085c                RFHAL_CancelTimer
 .text.RFHAL_SetTimer
                0x00010884       0x7c F:\MS Embedded Systems\IOT\Practicals\SERVER\BG_SERVER\platform\radio\rail_lib\autogen\librail_release\librail_efr32xg13_gcc_release.a(rail_rf_hal.o)
                0x00010884                RFHAL_SetTimer
 .text.RFHAL_IsTimerExpired
                0x00010900       0x1c F:\MS Embedded Systems\IOT\Practicals\SERVER\BG_SERVER\platform\radio\rail_lib\autogen\librail_release\librail_efr32xg13_gcc_release.a(rail_rf_hal.o)
                0x00010900                RFHAL_IsTimerExpired
 .text.RFHAL_IsTimerRunning
                0x0001091c        0x6 F:\MS Embedded Systems\IOT\Practicals\SERVER\BG_SERVER\platform\radio\rail_lib\autogen\librail_release\librail_efr32xg13_gcc_release.a(rail_rf_hal.o)
                0x0001091c                RFHAL_IsTimerRunning
 *fill*         0x00010922        0x2 
 .text.RFHAL_CalcBitRate
                0x00010924        0xc F:\MS Embedded Systems\IOT\Practicals\SERVER\BG_SERVER\platform\radio\rail_lib\autogen\librail_release\librail_efr32xg13_gcc_release.a(rail_rf_hal.o)
                0x00010924                RFHAL_CalcBitRate
 .text.RFHAL_GetBitRate
                0x00010930       0x22 F:\MS Embedded Systems\IOT\Practicals\SERVER\BG_SERVER\platform\radio\rail_lib\autogen\librail_release\librail_efr32xg13_gcc_release.a(rail_rf_hal.o)
                0x00010930                RFHAL_GetBitRate
 *fill*         0x00010952        0x2 
 .text.RFHAL_SetTxTransitions
                0x00010954       0x1c F:\MS Embedded Systems\IOT\Practicals\SERVER\BG_SERVER\platform\radio\rail_lib\autogen\librail_release\librail_efr32xg13_gcc_release.a(rail_rf_hal.o)
                0x00010954                RFHAL_SetTxTransitions
 .text.RFHAL_SetRxTransitions
                0x00010970       0x1c F:\MS Embedded Systems\IOT\Practicals\SERVER\BG_SERVER\platform\radio\rail_lib\autogen\librail_release\librail_efr32xg13_gcc_release.a(rail_rf_hal.o)
                0x00010970                RFHAL_SetRxTransitions
 .text.RFHAL_SetCRCInitVal
                0x0001098c        0x4 F:\MS Embedded Systems\IOT\Practicals\SERVER\BG_SERVER\platform\radio\rail_lib\autogen\librail_release\librail_efr32xg13_gcc_release.a(rail_rf_hal.o)
                0x0001098c                RFHAL_SetCRCInitVal
 .text.RFHAL_ConfigTxPower
                0x00010990        0xc F:\MS Embedded Systems\IOT\Practicals\SERVER\BG_SERVER\platform\radio\rail_lib\autogen\librail_release\librail_efr32xg13_gcc_release.a(rail_rf_hal.o)
                0x00010990                RFHAL_ConfigTxPower
 .text.RFHAL_SetTxPowerUnchecked
                0x0001099c       0x18 F:\MS Embedded Systems\IOT\Practicals\SERVER\BG_SERVER\platform\radio\rail_lib\autogen\librail_release\librail_efr32xg13_gcc_release.a(rail_rf_hal.o)
                0x0001099c                RFHAL_SetTxPowerUnchecked
 .text.RFHAL_SetTxPower
                0x000109b4       0x40 F:\MS Embedded Systems\IOT\Practicals\SERVER\BG_SERVER\platform\radio\rail_lib\autogen\librail_release\librail_efr32xg13_gcc_release.a(rail_rf_hal.o)
                0x000109b4                RFHAL_SetTxPower
 .text.RFHAL_GetTxPowerConfig
                0x000109f4        0xc F:\MS Embedded Systems\IOT\Practicals\SERVER\BG_SERVER\platform\radio\rail_lib\autogen\librail_release\librail_efr32xg13_gcc_release.a(rail_rf_hal.o)
                0x000109f4                RFHAL_GetTxPowerConfig
 .text.RFHAL_GetTxPower
                0x00010a00        0x4 F:\MS Embedded Systems\IOT\Practicals\SERVER\BG_SERVER\platform\radio\rail_lib\autogen\librail_release\librail_efr32xg13_gcc_release.a(rail_rf_hal.o)
                0x00010a00                RFHAL_GetTxPower
 .text.RFHAL_SetChannel
                0x00010a04       0xc4 F:\MS Embedded Systems\IOT\Practicals\SERVER\BG_SERVER\platform\radio\rail_lib\autogen\librail_release\librail_efr32xg13_gcc_release.a(rail_rf_hal.o)
                0x00010a04                RFHAL_SetChannel
 .text.RFHAL_IsAutoAckEnabled
                0x00010ac8        0x6 F:\MS Embedded Systems\IOT\Practicals\SERVER\BG_SERVER\platform\radio\rail_lib\autogen\librail_release\librail_efr32xg13_gcc_release.a(rail_rf_hal.o)
                0x00010ac8                RFHAL_IsAutoAckEnabled
 *fill*         0x00010ace        0x2 
 .text.RFHAL_AutoAckWaitForAck
                0x00010ad0       0x18 F:\MS Embedded Systems\IOT\Practicals\SERVER\BG_SERVER\platform\radio\rail_lib\autogen\librail_release\librail_efr32xg13_gcc_release.a(rail_rf_hal.o)
                0x00010ad0                RFHAL_AutoAckWaitForAck
 .text.preTxOps
                0x00010ae8       0xf4 F:\MS Embedded Systems\IOT\Practicals\SERVER\BG_SERVER\platform\radio\rail_lib\autogen\librail_release\librail_efr32xg13_gcc_release.a(rail_rf_hal.o)
 .text.RFHAL_StartTx
                0x00010bdc       0x12 F:\MS Embedded Systems\IOT\Practicals\SERVER\BG_SERVER\platform\radio\rail_lib\autogen\librail_release\librail_efr32xg13_gcc_release.a(rail_rf_hal.o)
                0x00010bdc                RFHAL_StartTx
 .text.RFHAL_StartScheduledTx
                0x00010bee       0x3c F:\MS Embedded Systems\IOT\Practicals\SERVER\BG_SERVER\platform\radio\rail_lib\autogen\librail_release\librail_efr32xg13_gcc_release.a(rail_rf_hal.o)
                0x00010bee                RFHAL_StartScheduledTx
 *fill*         0x00010c2a        0x2 
 .text.RFHAL_GetRxPacketInfo
                0x00010c2c       0x48 F:\MS Embedded Systems\IOT\Practicals\SERVER\BG_SERVER\platform\radio\rail_lib\autogen\librail_release\librail_efr32xg13_gcc_release.a(rail_rf_hal.o)
                0x00010c2c                RFHAL_GetRxPacketInfo
 .text.RFHAL_GetRxPacketDetailsAlt
                0x00010c74       0x98 F:\MS Embedded Systems\IOT\Practicals\SERVER\BG_SERVER\platform\radio\rail_lib\autogen\librail_release\librail_efr32xg13_gcc_release.a(rail_rf_hal.o)
                0x00010c74                RFHAL_GetRxPacketDetailsAlt
 .text.RFHAL_GetRxPacketDetails
                0x00010d0c       0x22 F:\MS Embedded Systems\IOT\Practicals\SERVER\BG_SERVER\platform\radio\rail_lib\autogen\librail_release\librail_efr32xg13_gcc_release.a(rail_rf_hal.o)
                0x00010d0c                RFHAL_GetRxPacketDetails
 .text.RFHAL_SetTxBuffer
                0x00010d2e       0x34 F:\MS Embedded Systems\IOT\Practicals\SERVER\BG_SERVER\platform\radio\rail_lib\autogen\librail_release\librail_efr32xg13_gcc_release.a(rail_rf_hal.o)
                0x00010d2e                RFHAL_SetTxBuffer
 .text.RFHAL_SetRxBuffer
                0x00010d62       0x2c F:\MS Embedded Systems\IOT\Practicals\SERVER\BG_SERVER\platform\radio\rail_lib\autogen\librail_release\librail_efr32xg13_gcc_release.a(rail_rf_hal.o)
                0x00010d62                RFHAL_SetRxBuffer
 *fill*         0x00010d8e        0x2 
 .text.RFHAL_ResetTxFifo
                0x00010d90       0x2c F:\MS Embedded Systems\IOT\Practicals\SERVER\BG_SERVER\platform\radio\rail_lib\autogen\librail_release\librail_efr32xg13_gcc_release.a(rail_rf_hal.o)
                0x00010d90                RFHAL_ResetTxFifo
 .text.RFHAL_WriteTxFifo
                0x00010dbc       0x4c F:\MS Embedded Systems\IOT\Practicals\SERVER\BG_SERVER\platform\radio\rail_lib\autogen\librail_release\librail_efr32xg13_gcc_release.a(rail_rf_hal.o)
                0x00010dbc                RFHAL_WriteTxFifo
 .text.RFHAL_ResetRxFifo
                0x00010e08       0x40 F:\MS Embedded Systems\IOT\Practicals\SERVER\BG_SERVER\platform\radio\rail_lib\autogen\librail_release\librail_efr32xg13_gcc_release.a(rail_rf_hal.o)
                0x00010e08                RFHAL_ResetRxFifo
 .text.RFHAL_ConfigData
                0x00010e48       0x7c F:\MS Embedded Systems\IOT\Practicals\SERVER\BG_SERVER\platform\radio\rail_lib\autogen\librail_release\librail_efr32xg13_gcc_release.a(rail_rf_hal.o)
                0x00010e48                RFHAL_ConfigData
 .text.RFHAL_SetAbortScheduledTxDuringRx
                0x00010ec4       0x18 F:\MS Embedded Systems\IOT\Practicals\SERVER\BG_SERVER\platform\radio\rail_lib\autogen\librail_release\librail_efr32xg13_gcc_release.a(rail_rf_hal.o)
                0x00010ec4                RFHAL_SetAbortScheduledTxDuringRx
 .text.RFHAL_ConfigRadio
                0x00010edc       0xac F:\MS Embedded Systems\IOT\Practicals\SERVER\BG_SERVER\platform\radio\rail_lib\autogen\librail_release\librail_efr32xg13_gcc_release.a(rail_rf_hal.o)
                0x00010edc                RFHAL_ConfigRadio
 .text.RFHAL_ConfigFrameTypeLength
                0x00010f88       0x70 F:\MS Embedded Systems\IOT\Practicals\SERVER\BG_SERVER\platform\radio\rail_lib\autogen\librail_release\librail_efr32xg13_gcc_release.a(rail_rf_hal.o)
                0x00010f88                RFHAL_ConfigFrameTypeLength
 .text.RFHAL_GetTime
                0x00010ff8        0x4 F:\MS Embedded Systems\IOT\Practicals\SERVER\BG_SERVER\platform\radio\rail_lib\autogen\librail_release\librail_efr32xg13_gcc_release.a(rail_rf_hal.o)
                0x00010ff8                RFHAL_GetTime
 .text.RFHAL_ResetAddressFilter
                0x00010ffc       0x10 F:\MS Embedded Systems\IOT\Practicals\SERVER\BG_SERVER\platform\radio\rail_lib\autogen\librail_release\librail_efr32xg13_gcc_release.a(rail_rf_hal.o)
                0x00010ffc                RFHAL_ResetAddressFilter
 .text.RFHAL_Init
                0x0001100c       0xa8 F:\MS Embedded Systems\IOT\Practicals\SERVER\BG_SERVER\platform\radio\rail_lib\autogen\librail_release\librail_efr32xg13_gcc_release.a(rail_rf_hal.o)
                0x0001100c                RFHAL_Init
 .text.RFHAL_GetRadioEntropy
                0x000110b4        0x4 F:\MS Embedded Systems\IOT\Practicals\SERVER\BG_SERVER\platform\radio\rail_lib\autogen\librail_release\librail_efr32xg13_gcc_release.a(rail_rf_hal.o)
                0x000110b4                RFHAL_GetRadioEntropy
 .text.RFHAL_SetStateTiming
                0x000110b8       0x56 F:\MS Embedded Systems\IOT\Practicals\SERVER\BG_SERVER\platform\radio\rail_lib\autogen\librail_release\librail_efr32xg13_gcc_release.a(rail_rf_hal.o)
                0x000110b8                RFHAL_SetStateTiming
 .text.RFHAL_IEEE802154IsEnabled
                0x0001110e        0x6 F:\MS Embedded Systems\IOT\Practicals\SERVER\BG_SERVER\platform\radio\rail_lib\autogen\librail_release\librail_efr32xg13_gcc_release.a(rail_ieee802154_rf_hal.o)
                0x0001110e                RFHAL_IEEE802154IsEnabled
 .text.RFHAL_ConfigBle2MbpsViterbi
                0x00011114       0x28 F:\MS Embedded Systems\IOT\Practicals\SERVER\BG_SERVER\platform\radio\rail_lib\autogen\librail_release\librail_efr32xg13_gcc_release.a(rail_ble_rf_hal.o)
                0x00011114                RFHAL_ConfigBle2MbpsViterbi
 .text.RFHAL_ConfigBle1MbpsViterbi
                0x0001113c       0x28 F:\MS Embedded Systems\IOT\Practicals\SERVER\BG_SERVER\platform\radio\rail_lib\autogen\librail_release\librail_efr32xg13_gcc_release.a(rail_ble_rf_hal.o)
                0x0001113c                RFHAL_ConfigBle1MbpsViterbi
 .text.RFHAL_ConfigBleCoded
                0x00011164       0x34 F:\MS Embedded Systems\IOT\Practicals\SERVER\BG_SERVER\platform\radio\rail_lib\autogen\librail_release\librail_efr32xg13_gcc_release.a(rail_ble_rf_hal.o)
                0x00011164                RFHAL_ConfigBleCoded
 .text.RFHAL_BleReinit
                0x00011198       0x1c F:\MS Embedded Systems\IOT\Practicals\SERVER\BG_SERVER\platform\radio\rail_lib\autogen\librail_release\librail_efr32xg13_gcc_release.a(rail_ble_rf_hal.o)
                0x00011198                RFHAL_BleReinit
 .text.RFHAL_BleInit
                0x000111b4       0x12 F:\MS Embedded Systems\IOT\Practicals\SERVER\BG_SERVER\platform\radio\rail_lib\autogen\librail_release\librail_efr32xg13_gcc_release.a(rail_ble_rf_hal.o)
                0x000111b4                RFHAL_BleInit
 *fill*         0x000111c6        0x2 
 .text.RFHAL_IsBleLongRangeEnabled
                0x000111c8       0x18 F:\MS Embedded Systems\IOT\Practicals\SERVER\BG_SERVER\platform\radio\rail_lib\autogen\librail_release\librail_efr32xg13_gcc_release.a(rail_ble_rf_hal.o)
                0x000111c8                RFHAL_IsBleLongRangeEnabled
 .text.RFHAL_BLEPreambleSyncWordSet
                0x000111e0       0x44 F:\MS Embedded Systems\IOT\Practicals\SERVER\BG_SERVER\platform\radio\rail_lib\autogen\librail_release\librail_efr32xg13_gcc_release.a(rail_ble_rf_hal.o)
                0x000111e0                RFHAL_BLEPreambleSyncWordSet
 .text.RFHAL_BLEWhiteningSet
                0x00011224       0x68 F:\MS Embedded Systems\IOT\Practicals\SERVER\BG_SERVER\platform\radio\rail_lib\autogen\librail_release\librail_efr32xg13_gcc_release.a(rail_ble_rf_hal.o)
                0x00011224                RFHAL_BLEWhiteningSet
 .text.setMultiTimer
                0x0001128c        0x4 F:\MS Embedded Systems\IOT\Practicals\SERVER\BG_SERVER\platform\radio\rail_lib\autogen\librail_release\librail_efr32xg13_gcc_release.a(rail_singleprotocol.o)
 .text.cancelMultiTimer
                0x00011290        0x4 F:\MS Embedded Systems\IOT\Practicals\SERVER\BG_SERVER\platform\radio\rail_lib\autogen\librail_release\librail_efr32xg13_gcc_release.a(rail_singleprotocol.o)
 .text.isMultiTimerExpired
                0x00011294        0x4 F:\MS Embedded Systems\IOT\Practicals\SERVER\BG_SERVER\platform\radio\rail_lib\autogen\librail_release\librail_efr32xg13_gcc_release.a(rail_singleprotocol.o)
 .text.getMultiTimer
                0x00011298        0x4 F:\MS Embedded Systems\IOT\Practicals\SERVER\BG_SERVER\platform\radio\rail_lib\autogen\librail_release\librail_efr32xg13_gcc_release.a(rail_singleprotocol.o)
 .text.getActiveTimerCb
                0x0001129c       0x18 F:\MS Embedded Systems\IOT\Practicals\SERVER\BG_SERVER\platform\radio\rail_lib\autogen\librail_release\librail_efr32xg13_gcc_release.a(rail_singleprotocol.o)
 .text.isMultiTimerRunning
                0x000112b4        0x4 F:\MS Embedded Systems\IOT\Practicals\SERVER\BG_SERVER\platform\radio\rail_lib\autogen\librail_release\librail_efr32xg13_gcc_release.a(rail_singleprotocol.o)
 .text.RAIL_Init
                0x000112b8       0x20 F:\MS Embedded Systems\IOT\Practicals\SERVER\BG_SERVER\platform\radio\rail_lib\autogen\librail_release\librail_efr32xg13_gcc_release.a(rail_singleprotocol.o)
                0x000112b8                RAIL_Init
 .text.RAIL_GetSchedulerStatus
                0x000112d8        0x4 F:\MS Embedded Systems\IOT\Practicals\SERVER\BG_SERVER\platform\radio\rail_lib\autogen\librail_release\librail_efr32xg13_gcc_release.a(rail_singleprotocol.o)
                0x000112d8                RAIL_GetSchedulerStatus
 .text.RAIL_Idle
                0x000112dc        0x8 F:\MS Embedded Systems\IOT\Practicals\SERVER\BG_SERVER\platform\radio\rail_lib\autogen\librail_release\librail_efr32xg13_gcc_release.a(rail_singleprotocol.o)
                0x000112dc                RAIL_Idle
 .text.RAIL_YieldRadio
                0x000112e4        0x2 F:\MS Embedded Systems\IOT\Practicals\SERVER\BG_SERVER\platform\radio\rail_lib\autogen\librail_release\librail_efr32xg13_gcc_release.a(rail_singleprotocol.o)
                0x000112e4                RAIL_YieldRadio
 .text.RAIL_GetRadioEntropy
                0x000112e6        0x8 F:\MS Embedded Systems\IOT\Practicals\SERVER\BG_SERVER\platform\radio\rail_lib\autogen\librail_release\librail_efr32xg13_gcc_release.a(rail_singleprotocol.o)
                0x000112e6                RAIL_GetRadioEntropy
 .text.RAIL_SetTimer
                0x000112ee       0x1c F:\MS Embedded Systems\IOT\Practicals\SERVER\BG_SERVER\platform\radio\rail_lib\autogen\librail_release\librail_efr32xg13_gcc_release.a(rail_singleprotocol.o)
                0x000112ee                RAIL_SetTimer
 .text.RAIL_CancelTimer
                0x0001130a        0xe F:\MS Embedded Systems\IOT\Practicals\SERVER\BG_SERVER\platform\radio\rail_lib\autogen\librail_release\librail_efr32xg13_gcc_release.a(rail_singleprotocol.o)
                0x0001130a                RAIL_CancelTimer
 .text.RAIL_StartTx
                0x00011318        0x6 F:\MS Embedded Systems\IOT\Practicals\SERVER\BG_SERVER\platform\radio\rail_lib\autogen\librail_release\librail_efr32xg13_gcc_release.a(rail_singleprotocol.o)
                0x00011318                RAIL_StartTx
 .text.RAIL_StartScheduledTx
                0x0001131e        0x6 F:\MS Embedded Systems\IOT\Practicals\SERVER\BG_SERVER\platform\radio\rail_lib\autogen\librail_release\librail_efr32xg13_gcc_release.a(rail_singleprotocol.o)
                0x0001131e                RAIL_StartScheduledTx
 .text.RAIL_ScheduleRx
                0x00011324        0x6 F:\MS Embedded Systems\IOT\Practicals\SERVER\BG_SERVER\platform\radio\rail_lib\autogen\librail_release\librail_efr32xg13_gcc_release.a(rail_singleprotocol.o)
                0x00011324                RAIL_ScheduleRx
 .text.radioConfigChangedDefault
                0x0001132a        0x2 F:\MS Embedded Systems\IOT\Practicals\SERVER\BG_SERVER\platform\radio\rail_lib\autogen\librail_release\librail_efr32xg13_gcc_release.a(rail_rf.o)
 .text.isTransitionState
                0x0001132c       0x12 F:\MS Embedded Systems\IOT\Practicals\SERVER\BG_SERVER\platform\radio\rail_lib\autogen\librail_release\librail_efr32xg13_gcc_release.a(rail_rf.o)
 .text.RAILCore_Init
                0x0001133e       0x12 F:\MS Embedded Systems\IOT\Practicals\SERVER\BG_SERVER\platform\radio\rail_lib\autogen\librail_release\librail_efr32xg13_gcc_release.a(rail_rf.o)
                0x0001133e                RAILCore_Init
 .text.RAILInt_SetCallbackConfig
                0x00011350       0x20 F:\MS Embedded Systems\IOT\Practicals\SERVER\BG_SERVER\platform\radio\rail_lib\autogen\librail_release\librail_efr32xg13_gcc_release.a(rail_rf.o)
                0x00011350                RAILInt_SetCallbackConfig
 .text.RAILCore_Idle
                0x00011370       0x14 F:\MS Embedded Systems\IOT\Practicals\SERVER\BG_SERVER\platform\radio\rail_lib\autogen\librail_release\librail_efr32xg13_gcc_release.a(rail_rf.o)
                0x00011370                RAILCore_Idle
 .text.RAILCb_CalcBitRate
                0x00011384        0x6 F:\MS Embedded Systems\IOT\Practicals\SERVER\BG_SERVER\platform\radio\rail_lib\autogen\librail_release\librail_efr32xg13_gcc_release.a(rail_rf.o)
                0x00011384                RAILCb_CalcBitRate
 .text.RAIL_SetStateTiming
                0x0001138a        0x6 F:\MS Embedded Systems\IOT\Practicals\SERVER\BG_SERVER\platform\radio\rail_lib\autogen\librail_release\librail_efr32xg13_gcc_release.a(rail_rf.o)
                0x0001138a                RAIL_SetStateTiming
 .text.RAILInt_IsPowerInRange
                0x00011390       0x3c F:\MS Embedded Systems\IOT\Practicals\SERVER\BG_SERVER\platform\radio\rail_lib\autogen\librail_release\librail_efr32xg13_gcc_release.a(rail_rf.o)
                0x00011390                RAILInt_IsPowerInRange
 .text.RAILInt_SetChannel
                0x000113cc      0x1c0 F:\MS Embedded Systems\IOT\Practicals\SERVER\BG_SERVER\platform\radio\rail_lib\autogen\librail_release\librail_efr32xg13_gcc_release.a(rail_rf.o)
                0x000113cc                RAILInt_SetChannel
 .text.RAILCore_ConfigChannels
                0x0001158c       0x60 F:\MS Embedded Systems\IOT\Practicals\SERVER\BG_SERVER\platform\radio\rail_lib\autogen\librail_release\librail_efr32xg13_gcc_release.a(rail_rf.o)
                0x0001158c                RAILCore_ConfigChannels
 .text.RAILInt_GetChannel
                0x000115ec        0x4 F:\MS Embedded Systems\IOT\Practicals\SERVER\BG_SERVER\platform\radio\rail_lib\autogen\librail_release\librail_efr32xg13_gcc_release.a(rail_rf.o)
                0x000115ec                RAILInt_GetChannel
 .text.RAILCore_SetTxTransitions
                0x000115f0       0x3c F:\MS Embedded Systems\IOT\Practicals\SERVER\BG_SERVER\platform\radio\rail_lib\autogen\librail_release\librail_efr32xg13_gcc_release.a(rail_rf.o)
                0x000115f0                RAILCore_SetTxTransitions
 .text.RAIL_SetTxTransitions
                0x0001162c        0x6 F:\MS Embedded Systems\IOT\Practicals\SERVER\BG_SERVER\platform\radio\rail_lib\autogen\librail_release\librail_efr32xg13_gcc_release.a(rail_rf.o)
                0x0001162c                RAIL_SetTxTransitions
 .text.RAILCore_SetRxTransitions
                0x00011632       0x38 F:\MS Embedded Systems\IOT\Practicals\SERVER\BG_SERVER\platform\radio\rail_lib\autogen\librail_release\librail_efr32xg13_gcc_release.a(rail_rf.o)
                0x00011632                RAILCore_SetRxTransitions
 .text.RAIL_SetRxTransitions
                0x0001166a        0x6 F:\MS Embedded Systems\IOT\Practicals\SERVER\BG_SERVER\platform\radio\rail_lib\autogen\librail_release\librail_efr32xg13_gcc_release.a(rail_rf.o)
                0x0001166a                RAIL_SetRxTransitions
 .text.RAIL_ConfigEvents
                0x00011670        0x6 F:\MS Embedded Systems\IOT\Practicals\SERVER\BG_SERVER\platform\radio\rail_lib\autogen\librail_release\librail_efr32xg13_gcc_release.a(rail_rf.o)
                0x00011670                RAIL_ConfigEvents
 .text.RAIL_ConfigRxOptions
                0x00011676        0x6 F:\MS Embedded Systems\IOT\Practicals\SERVER\BG_SERVER\platform\radio\rail_lib\autogen\librail_release\librail_efr32xg13_gcc_release.a(rail_rx.o)
                0x00011676                RAIL_ConfigRxOptions
 .text.RAILCore_ScheduleRx
                0x0001167c       0x2c F:\MS Embedded Systems\IOT\Practicals\SERVER\BG_SERVER\platform\radio\rail_lib\autogen\librail_release\librail_efr32xg13_gcc_release.a(rail_rx.o)
                0x0001167c                RAILCore_ScheduleRx
 .text.RAILCb_ConfigFrameTypeLength
                0x000116a8        0x6 F:\MS Embedded Systems\IOT\Practicals\SERVER\BG_SERVER\platform\radio\rail_lib\autogen\librail_release\librail_efr32xg13_gcc_release.a(rail_rx.o)
                0x000116a8                RAILCb_ConfigFrameTypeLength
 .text.RAIL_SetTxPower
                0x000116ae        0x6 F:\MS Embedded Systems\IOT\Practicals\SERVER\BG_SERVER\platform\radio\rail_lib\autogen\librail_release\librail_efr32xg13_gcc_release.a(rail_tx.o)
                0x000116ae                RAIL_SetTxPower
 .text.RAIL_ConfigTxPower
                0x000116b4       0x1c F:\MS Embedded Systems\IOT\Practicals\SERVER\BG_SERVER\platform\radio\rail_lib\autogen\librail_release\librail_efr32xg13_gcc_release.a(rail_tx.o)
                0x000116b4                RAIL_ConfigTxPower
 .text.RAILInt_PendCal
                0x000116d0       0x24 F:\MS Embedded Systems\IOT\Practicals\SERVER\BG_SERVER\platform\radio\rail_lib\autogen\librail_release\librail_efr32xg13_gcc_release.a(rail_calibration.o)
                0x000116d0                RAILInt_PendCal
 .text.RAIL_WriteTxFifo
                0x000116f4        0x6 F:\MS Embedded Systems\IOT\Practicals\SERVER\BG_SERVER\platform\radio\rail_lib\autogen\librail_release\librail_efr32xg13_gcc_release.a(rail_data.o)
                0x000116f4                RAIL_WriteTxFifo
 .text.RAIL_SetTxFifo
                0x000116fa        0x6 F:\MS Embedded Systems\IOT\Practicals\SERVER\BG_SERVER\platform\radio\rail_lib\autogen\librail_release\librail_efr32xg13_gcc_release.a(rail_data.o)
                0x000116fa                RAIL_SetTxFifo
 .text.RAIL_SetRxFifo
                0x00011700        0x6 F:\MS Embedded Systems\IOT\Practicals\SERVER\BG_SERVER\platform\radio\rail_lib\autogen\librail_release\librail_efr32xg13_gcc_release.a(rail_data.o)
                0x00011700                RAIL_SetRxFifo
 *fill*         0x00011706        0x2 
 .text.RAILCb_SetupRxFifo
                0x00011708       0x30 F:\MS Embedded Systems\IOT\Practicals\SERVER\BG_SERVER\platform\radio\rail_lib\autogen\librail_release\librail_efr32xg13_gcc_release.a(rail_data.o)
                0x00011708                RAILCb_SetupRxFifo
 .text.RAIL_GetRxPacketInfo
                0x00011738        0x8 F:\MS Embedded Systems\IOT\Practicals\SERVER\BG_SERVER\platform\radio\rail_lib\autogen\librail_release\librail_efr32xg13_gcc_release.a(rail_data.o)
                0x00011738                RAIL_GetRxPacketInfo
 .text.RAIL_GetRxPacketDetails
                0x00011740        0x6 F:\MS Embedded Systems\IOT\Practicals\SERVER\BG_SERVER\platform\radio\rail_lib\autogen\librail_release\librail_efr32xg13_gcc_release.a(rail_data.o)
                0x00011740                RAIL_GetRxPacketDetails
 .text.RAIL_ResetFifo
                0x00011746       0x1e F:\MS Embedded Systems\IOT\Practicals\SERVER\BG_SERVER\platform\radio\rail_lib\autogen\librail_release\librail_efr32xg13_gcc_release.a(rail_data.o)
                0x00011746                RAIL_ResetFifo
 .text.RAILCb_AssertFailed
                0x00011764       0x14 F:\MS Embedded Systems\IOT\Practicals\SERVER\BG_SERVER\platform\radio\rail_lib\autogen\librail_release\librail_efr32xg13_gcc_release.a(rail_assert.o)
                0x00011764                RAILCb_AssertFailed
 .text.RAILInt_Assert
                0x00011778       0x1c F:\MS Embedded Systems\IOT\Practicals\SERVER\BG_SERVER\platform\radio\rail_lib\autogen\librail_release\librail_efr32xg13_gcc_release.a(rail_assert.o)
                0x00011778                RAILInt_Assert
 .text.RAIL_GetTime
                0x00011794        0x4 F:\MS Embedded Systems\IOT\Practicals\SERVER\BG_SERVER\platform\radio\rail_lib\autogen\librail_release\librail_efr32xg13_gcc_release.a(rail_timer.o)
                0x00011794                RAIL_GetTime
 .text.checkAndAddRxLenOverflowEntry.part.0
                0x00011798       0x2c F:\MS Embedded Systems\IOT\Practicals\SERVER\BG_SERVER\platform\radio\rail_lib\autogen\librail_release\librail_efr32xg13_gcc_release.a(bufc.o)
 .text.BUFC_ReadHelper
                0x000117c4       0x7a F:\MS Embedded Systems\IOT\Practicals\SERVER\BG_SERVER\platform\radio\rail_lib\autogen\librail_release\librail_efr32xg13_gcc_release.a(bufc.o)
 *fill*         0x0001183e        0x2 
 .text.BUFC_SetTxBuffer
                0x00011840       0x38 F:\MS Embedded Systems\IOT\Practicals\SERVER\BG_SERVER\platform\radio\rail_lib\autogen\librail_release\librail_efr32xg13_gcc_release.a(bufc.o)
                0x00011840                BUFC_SetTxBuffer
 .text.BUFC_SetRxBuffer
                0x00011878       0x1c F:\MS Embedded Systems\IOT\Practicals\SERVER\BG_SERVER\platform\radio\rail_lib\autogen\librail_release\librail_efr32xg13_gcc_release.a(bufc.o)
                0x00011878                BUFC_SetRxBuffer
 .text.BUFC_WriteBuffer
                0x00011894       0xb0 F:\MS Embedded Systems\IOT\Practicals\SERVER\BG_SERVER\platform\radio\rail_lib\autogen\librail_release\librail_efr32xg13_gcc_release.a(bufc.o)
                0x00011894                BUFC_WriteBuffer
 .text.BUFC_Peek
                0x00011944       0x12 F:\MS Embedded Systems\IOT\Practicals\SERVER\BG_SERVER\platform\radio\rail_lib\autogen\librail_release\librail_efr32xg13_gcc_release.a(bufc.o)
                0x00011944                BUFC_Peek
 .text.BUFC_PeekByte
                0x00011956       0x46 F:\MS Embedded Systems\IOT\Practicals\SERVER\BG_SERVER\platform\radio\rail_lib\autogen\librail_release\librail_efr32xg13_gcc_release.a(bufc.o)
                0x00011956                BUFC_PeekByte
 .text.BUFC_GetSpaceAvailable
                0x0001199c       0x24 F:\MS Embedded Systems\IOT\Practicals\SERVER\BG_SERVER\platform\radio\rail_lib\autogen\librail_release\librail_efr32xg13_gcc_release.a(bufc.o)
                0x0001199c                BUFC_GetSpaceAvailable
 .text.BUFC_GetBytesAvailable
                0x000119c0       0x14 F:\MS Embedded Systems\IOT\Practicals\SERVER\BG_SERVER\platform\radio\rail_lib\autogen\librail_release\librail_efr32xg13_gcc_release.a(bufc.o)
                0x000119c0                BUFC_GetBytesAvailable
 .text.BUFC_TxAckBufferSet
                0x000119d4       0x2c F:\MS Embedded Systems\IOT\Practicals\SERVER\BG_SERVER\platform\radio\rail_lib\autogen\librail_release\librail_efr32xg13_gcc_release.a(bufc.o)
                0x000119d4                BUFC_TxAckBufferSet
 .text.BUFC_RxBufferReset
                0x00011a00       0x5c F:\MS Embedded Systems\IOT\Practicals\SERVER\BG_SERVER\platform\radio\rail_lib\autogen\librail_release\librail_efr32xg13_gcc_release.a(bufc.o)
                0x00011a00                BUFC_RxBufferReset
 .text.BUFC_Init
                0x00011a5c       0x50 F:\MS Embedded Systems\IOT\Practicals\SERVER\BG_SERVER\platform\radio\rail_lib\autogen\librail_release\librail_efr32xg13_gcc_release.a(bufc.o)
                0x00011a5c                BUFC_Init
 .text.BUFC_ReleaseRxPacket
                0x00011aac      0x118 F:\MS Embedded Systems\IOT\Practicals\SERVER\BG_SERVER\platform\radio\rail_lib\autogen\librail_release\librail_efr32xg13_gcc_release.a(bufc.o)
                0x00011aac                BUFC_ReleaseRxPacket
 .text.BUFC_StartRxLenThrEvent
                0x00011bc4       0x50 F:\MS Embedded Systems\IOT\Practicals\SERVER\BG_SERVER\platform\radio\rail_lib\autogen\librail_release\librail_efr32xg13_gcc_release.a(bufc.o)
                0x00011bc4                BUFC_StartRxLenThrEvent
 .text.BUFC_EndRxLenThrEvent
                0x00011c14       0x1c F:\MS Embedded Systems\IOT\Practicals\SERVER\BG_SERVER\platform\radio\rail_lib\autogen\librail_release\librail_efr32xg13_gcc_release.a(bufc.o)
                0x00011c14                BUFC_EndRxLenThrEvent
 .text.BUFC_HandleRxLenOvfEvent
                0x00011c30       0x30 F:\MS Embedded Systems\IOT\Practicals\SERVER\BG_SERVER\platform\radio\rail_lib\autogen\librail_release\librail_efr32xg13_gcc_release.a(bufc.o)
                0x00011c30                BUFC_HandleRxLenOvfEvent
 .text.BUFC_GetRxPacketInfo
                0x00011c60      0x168 F:\MS Embedded Systems\IOT\Practicals\SERVER\BG_SERVER\platform\radio\rail_lib\autogen\librail_release\librail_efr32xg13_gcc_release.a(bufc.o)
                0x00011c60                BUFC_GetRxPacketInfo
 .text.IRCAL_Set
                0x00011dc8       0x1c F:\MS Embedded Systems\IOT\Practicals\SERVER\BG_SERVER\platform\radio\rail_lib\autogen\librail_release\librail_efr32xg13_gcc_release.a(ir_cal.o)
                0x00011dc8                IRCAL_Set
 .text.getRampTimeFromLevelAndRate
                0x00011de4       0x20 F:\MS Embedded Systems\IOT\Practicals\SERVER\BG_SERVER\platform\radio\rail_lib\autogen\librail_release\librail_efr32xg13_gcc_release.a(pa.o)
 .text.PA_ProtectPa
                0x00011e04       0xa0 F:\MS Embedded Systems\IOT\Practicals\SERVER\BG_SERVER\platform\radio\rail_lib\autogen\librail_release\librail_efr32xg13_gcc_release.a(pa.o)
 .text.PA_GetTxPowerConfig
                0x00011ea4       0x14 F:\MS Embedded Systems\IOT\Practicals\SERVER\BG_SERVER\platform\radio\rail_lib\autogen\librail_release\librail_efr32xg13_gcc_release.a(pa.o)
                0x00011ea4                PA_GetTxPowerConfig
 .text.PA_GetPowerLevel
                0x00011eb8        0xc F:\MS Embedded Systems\IOT\Practicals\SERVER\BG_SERVER\platform\radio\rail_lib\autogen\librail_release\librail_efr32xg13_gcc_release.a(pa.o)
                0x00011eb8                PA_GetPowerLevel
 .text.PA_SetPowerLevel
                0x00011ec4      0x178 F:\MS Embedded Systems\IOT\Practicals\SERVER\BG_SERVER\platform\radio\rail_lib\autogen\librail_release\librail_efr32xg13_gcc_release.a(pa.o)
                0x00011ec4                PA_SetPowerLevel
 .text.PA_RunPeakDetectorHigh
                0x0001203c       0x40 F:\MS Embedded Systems\IOT\Practicals\SERVER\BG_SERVER\platform\radio\rail_lib\autogen\librail_release\librail_efr32xg13_gcc_release.a(pa.o)
                0x0001203c                PA_RunPeakDetectorHigh
 .text.PA_RunPeakDetectorLow
                0x0001207c        0x2 F:\MS Embedded Systems\IOT\Practicals\SERVER\BG_SERVER\platform\radio\rail_lib\autogen\librail_release\librail_efr32xg13_gcc_release.a(pa.o)
                0x0001207c                PA_RunPeakDetectorLow
 *fill*         0x0001207e        0x2 
 .text.PA_RunBatHigh
                0x00012080       0x2c F:\MS Embedded Systems\IOT\Practicals\SERVER\BG_SERVER\platform\radio\rail_lib\autogen\librail_release\librail_efr32xg13_gcc_release.a(pa.o)
                0x00012080                PA_RunBatHigh
 .text.PA_GetRampTime
                0x000120ac        0xc F:\MS Embedded Systems\IOT\Practicals\SERVER\BG_SERVER\platform\radio\rail_lib\autogen\librail_release\librail_efr32xg13_gcc_release.a(pa.o)
                0x000120ac                PA_GetRampTime
 .text.PA_CalcRampTime
                0x000120b8       0x3c F:\MS Embedded Systems\IOT\Practicals\SERVER\BG_SERVER\platform\radio\rail_lib\autogen\librail_release\librail_efr32xg13_gcc_release.a(pa.o)
                0x000120b8                PA_CalcRampTime
 .text.PA_SetRampTime
                0x000120f4      0x100 F:\MS Embedded Systems\IOT\Practicals\SERVER\BG_SERVER\platform\radio\rail_lib\autogen\librail_release\librail_efr32xg13_gcc_release.a(pa.o)
                0x000120f4                PA_SetRampTime
 .text.PA_SetCTune
                0x000121f4       0x34 F:\MS Embedded Systems\IOT\Practicals\SERVER\BG_SERVER\platform\radio\rail_lib\autogen\librail_release\librail_efr32xg13_gcc_release.a(pa.o)
                0x000121f4                PA_SetCTune
 .text.PA_SelectBand
                0x00012228       0x38 F:\MS Embedded Systems\IOT\Practicals\SERVER\BG_SERVER\platform\radio\rail_lib\autogen\librail_release\librail_efr32xg13_gcc_release.a(pa.o)
                0x00012228                PA_SelectBand
 .text.PA_Config
                0x00012260      0x114 F:\MS Embedded Systems\IOT\Practicals\SERVER\BG_SERVER\platform\radio\rail_lib\autogen\librail_release\librail_efr32xg13_gcc_release.a(pa.o)
                0x00012260                PA_Config
 .text.PA_UpdateConfig
                0x00012374       0x38 F:\MS Embedded Systems\IOT\Practicals\SERVER\BG_SERVER\platform\radio\rail_lib\autogen\librail_release\librail_efr32xg13_gcc_release.a(pa.o)
                0x00012374                PA_UpdateConfig
 .text.PROTIMER_Init
                0x000123ac       0xe4 F:\MS Embedded Systems\IOT\Practicals\SERVER\BG_SERVER\platform\radio\rail_lib\autogen\librail_release\librail_efr32xg13_gcc_release.a(protimer.o)
                0x000123ac                PROTIMER_Init
 .text.PROTIMER_Start
                0x00012490       0x1c F:\MS Embedded Systems\IOT\Practicals\SERVER\BG_SERVER\platform\radio\rail_lib\autogen\librail_release\librail_efr32xg13_gcc_release.a(protimer.o)
                0x00012490                PROTIMER_Start
 .text.PROTIMER_ElapsedTime
                0x000124ac       0x40 F:\MS Embedded Systems\IOT\Practicals\SERVER\BG_SERVER\platform\radio\rail_lib\autogen\librail_release\librail_efr32xg13_gcc_release.a(protimer.o)
                0x000124ac                PROTIMER_ElapsedTime
 .text.PROTIMER_CCTimerStop
                0x000124ec       0x20 F:\MS Embedded Systems\IOT\Practicals\SERVER\BG_SERVER\platform\radio\rail_lib\autogen\librail_release\librail_efr32xg13_gcc_release.a(protimer.o)
                0x000124ec                PROTIMER_CCTimerStop
 .text.PROTIMER_CCTimerIsEnabled
                0x0001250c       0x14 F:\MS Embedded Systems\IOT\Practicals\SERVER\BG_SERVER\platform\radio\rail_lib\autogen\librail_release\librail_efr32xg13_gcc_release.a(protimer.o)
                0x0001250c                PROTIMER_CCTimerIsEnabled
 .text.PROTIMER_CCTimerCapture
                0x00012520       0x18 F:\MS Embedded Systems\IOT\Practicals\SERVER\BG_SERVER\platform\radio\rail_lib\autogen\librail_release\librail_efr32xg13_gcc_release.a(protimer.o)
                0x00012520                PROTIMER_CCTimerCapture
 .text.PROTIMER_ClearRxEnable
                0x00012538       0x10 F:\MS Embedded Systems\IOT\Practicals\SERVER\BG_SERVER\platform\radio\rail_lib\autogen\librail_release\librail_efr32xg13_gcc_release.a(protimer.o)
                0x00012538                PROTIMER_ClearRxEnable
 .text.PROTIMER_GetTime
                0x00012548       0x38 F:\MS Embedded Systems\IOT\Practicals\SERVER\BG_SERVER\platform\radio\rail_lib\autogen\librail_release\librail_efr32xg13_gcc_release.a(protimer.o)
                0x00012548                PROTIMER_GetTime
 .text.PROTIMER_GetCCTime
                0x00012580       0x44 F:\MS Embedded Systems\IOT\Practicals\SERVER\BG_SERVER\platform\radio\rail_lib\autogen\librail_release\librail_efr32xg13_gcc_release.a(protimer.o)
                0x00012580                PROTIMER_GetCCTime
 .text.PROTIMER_LBTStop
                0x000125c4       0x18 F:\MS Embedded Systems\IOT\Practicals\SERVER\BG_SERVER\platform\radio\rail_lib\autogen\librail_release\librail_efr32xg13_gcc_release.a(protimer.o)
                0x000125c4                PROTIMER_LBTStop
 .text.PROTIMER_PrecntOverflowToUs
                0x000125dc       0x34 F:\MS Embedded Systems\IOT\Practicals\SERVER\BG_SERVER\platform\radio\rail_lib\autogen\librail_release\librail_efr32xg13_gcc_release.a(protimer.o)
                0x000125dc                PROTIMER_PrecntOverflowToUs
 .text.PROTIMER_GetUsTime
                0x00012610       0x18 F:\MS Embedded Systems\IOT\Practicals\SERVER\BG_SERVER\platform\radio\rail_lib\autogen\librail_release\librail_efr32xg13_gcc_release.a(protimer.o)
                0x00012610                PROTIMER_GetUsTime
 .text.PROTIMER_GetUsFromRawWrap
                0x00012628       0x2e F:\MS Embedded Systems\IOT\Practicals\SERVER\BG_SERVER\platform\radio\rail_lib\autogen\librail_release\librail_efr32xg13_gcc_release.a(protimer.o)
                0x00012628                PROTIMER_GetUsFromRawWrap
 *fill*         0x00012656        0x2 
 .text.PROTIMER_UsToPrecntOverflow
                0x00012658       0x40 F:\MS Embedded Systems\IOT\Practicals\SERVER\BG_SERVER\platform\radio\rail_lib\autogen\librail_release\librail_efr32xg13_gcc_release.a(protimer.o)
                0x00012658                PROTIMER_UsToPrecntOverflow
 .text.PROTIMER_CCTimerStart
                0x00012698      0x1a8 F:\MS Embedded Systems\IOT\Practicals\SERVER\BG_SERVER\platform\radio\rail_lib\autogen\librail_release\librail_efr32xg13_gcc_release.a(protimer.o)
                0x00012698                PROTIMER_CCTimerStart
 .text.PROTIMER_ScheduleTxEnable
                0x00012840       0x28 F:\MS Embedded Systems\IOT\Practicals\SERVER\BG_SERVER\platform\radio\rail_lib\autogen\librail_release\librail_efr32xg13_gcc_release.a(protimer.o)
                0x00012840                PROTIMER_ScheduleTxEnable
 .text.PROTIMER_ScheduleRxEnable
                0x00012868       0x28 F:\MS Embedded Systems\IOT\Practicals\SERVER\BG_SERVER\platform\radio\rail_lib\autogen\librail_release\librail_efr32xg13_gcc_release.a(protimer.o)
                0x00012868                PROTIMER_ScheduleRxEnable
 .text.PROTIMER_ScheduleRxDisable
                0x00012890       0x34 F:\MS Embedded Systems\IOT\Practicals\SERVER\BG_SERVER\platform\radio\rail_lib\autogen\librail_release\librail_efr32xg13_gcc_release.a(protimer.o)
                0x00012890                PROTIMER_ScheduleRxDisable
 .text.PROTIMER_DelayUs
                0x000128c4       0x16 F:\MS Embedded Systems\IOT\Practicals\SERVER\BG_SERVER\platform\radio\rail_lib\autogen\librail_release\librail_efr32xg13_gcc_release.a(protimer.o)
                0x000128c4                PROTIMER_DelayUs
 *fill*         0x000128da        0x2 
 .text.PTI_EnableAppendedInfo
                0x000128dc       0x18 F:\MS Embedded Systems\IOT\Practicals\SERVER\BG_SERVER\platform\radio\rail_lib\autogen\librail_release\librail_efr32xg13_gcc_release.a(pti.o)
                0x000128dc                PTI_EnableAppendedInfo
 .text.PTI_Enable
                0x000128f4       0x50 F:\MS Embedded Systems\IOT\Practicals\SERVER\BG_SERVER\platform\radio\rail_lib\autogen\librail_release\librail_efr32xg13_gcc_release.a(pti.o)
                0x000128f4                PTI_Enable
 .text.PTI_AuxdataOutput
                0x00012944       0x1c F:\MS Embedded Systems\IOT\Practicals\SERVER\BG_SERVER\platform\radio\rail_lib\autogen\librail_release\librail_efr32xg13_gcc_release.a(pti.o)
                0x00012944                PTI_AuxdataOutput
 .text.PTI_EnableSyncword
                0x00012960       0x18 F:\MS Embedded Systems\IOT\Practicals\SERVER\BG_SERVER\platform\radio\rail_lib\autogen\librail_release\librail_efr32xg13_gcc_release.a(pti.o)
                0x00012960                PTI_EnableSyncword
 .text.RADIO_SetAndForgetWrite
                0x00012978       0x74 F:\MS Embedded Systems\IOT\Practicals\SERVER\BG_SERVER\platform\radio\rail_lib\autogen\librail_release\librail_efr32xg13_gcc_release.a(radio.o)
                0x00012978                RADIO_SetAndForgetWrite
 .text.RADIO_RewriteCcTableData
                0x000129ec       0x34 F:\MS Embedded Systems\IOT\Practicals\SERVER\BG_SERVER\platform\radio\rail_lib\autogen\librail_release\librail_efr32xg13_gcc_release.a(radio.o)
                0x000129ec                RADIO_RewriteCcTableData
 .text.RADIO_SeqInit
                0x00012a20       0x64 F:\MS Embedded Systems\IOT\Practicals\SERVER\BG_SERVER\platform\radio\rail_lib\autogen\librail_release\librail_efr32xg13_gcc_release.a(radio.o)
                0x00012a20                RADIO_SeqInit
 .text.RADIO_ClockEnable
                0x00012a84       0x14 F:\MS Embedded Systems\IOT\Practicals\SERVER\BG_SERVER\platform\radio\rail_lib\autogen\librail_release\librail_efr32xg13_gcc_release.a(radio.o)
                0x00012a84                RADIO_ClockEnable
 .text.RADIO_Init
                0x00012a98       0x5c F:\MS Embedded Systems\IOT\Practicals\SERVER\BG_SERVER\platform\radio\rail_lib\autogen\librail_release\librail_efr32xg13_gcc_release.a(radio.o)
                0x00012a98                RADIO_Init
 .text.RADIO_ClockPrescGet
                0x00012af4       0x10 F:\MS Embedded Systems\IOT\Practicals\SERVER\BG_SERVER\platform\radio\rail_lib\autogen\librail_release\librail_efr32xg13_gcc_release.a(radio.o)
                0x00012af4                RADIO_ClockPrescGet
 .text.RADIO_ClockFreqGet
                0x00012b04       0x14 F:\MS Embedded Systems\IOT\Practicals\SERVER\BG_SERVER\platform\radio\rail_lib\autogen\librail_release\librail_efr32xg13_gcc_release.a(radio.o)
                0x00012b04                RADIO_ClockFreqGet
 .text.RADIO_Config
                0x00012b18       0xb0 F:\MS Embedded Systems\IOT\Practicals\SERVER\BG_SERVER\platform\radio\rail_lib\autogen\librail_release\librail_efr32xg13_gcc_release.a(radio.o)
                0x00012b18                RADIO_Config
 .text.RADIO_IsRxOnForRssi
                0x00012bc8       0x18 F:\MS Embedded Systems\IOT\Practicals\SERVER\BG_SERVER\platform\radio\rail_lib\autogen\librail_release\librail_efr32xg13_gcc_release.a(radio.o)
                0x00012bc8                RADIO_IsRxOnForRssi