Archive member included because of file (symbol)

F:\MS Embedded Systems\IOT\Practicals\I2C_temp\Blinky_SDK_2_9\platform\radio\rail_lib\autogen\librail_release\librail_efr32xg13_gcc_release.a(rail_pti.o)
                              ./pti.o (RAIL_ConfigPti)
F:\MS Embedded Systems\IOT\Practicals\I2C_temp\Blinky_SDK_2_9\platform\radio\rail_lib\autogen\librail_release\librail_efr32xg13_gcc_release.a(rail_rf_hal.o)
                              F:\MS Embedded Systems\IOT\Practicals\I2C_temp\Blinky_SDK_2_9\platform\radio\rail_lib\autogen\librail_release\librail_efr32xg13_gcc_release.a(rail_pti.o) (RFHAL_ConfigPti)
F:\MS Embedded Systems\IOT\Practicals\I2C_temp\Blinky_SDK_2_9\platform\radio\rail_lib\autogen\librail_release\librail_efr32xg13_gcc_release.a(rail_ieee802154_rf_hal.o)
                              F:\MS Embedded Systems\IOT\Practicals\I2C_temp\Blinky_SDK_2_9\platform\radio\rail_lib\autogen\librail_release\librail_efr32xg13_gcc_release.a(rail_rf_hal.o) (RFHAL_IEEE802154IsEnabled)
F:\MS Embedded Systems\IOT\Practicals\I2C_temp\Blinky_SDK_2_9\platform\radio\rail_lib\autogen\librail_release\librail_efr32xg13_gcc_release.a(ieee802154_efr32xg13_configurator_out.o)
                              F:\MS Embedded Systems\IOT\Practicals\I2C_temp\Blinky_SDK_2_9\platform\radio\rail_lib\autogen\librail_release\librail_efr32xg13_gcc_release.a(rail_ieee802154_rf_hal.o) (ieee802154_coherent_min)
F:\MS Embedded Systems\IOT\Practicals\I2C_temp\Blinky_SDK_2_9\platform\radio\rail_lib\autogen\librail_release\librail_efr32xg13_gcc_release.a(ieee802154_gb868_efr32xg13_configurator_out.o)
                              F:\MS Embedded Systems\IOT\Practicals\I2C_temp\Blinky_SDK_2_9\platform\radio\rail_lib\autogen\librail_release\librail_efr32xg13_gcc_release.a(rail_ieee802154_rf_hal.o) (ieee802154_gb868_config_915_min)
F:\MS Embedded Systems\IOT\Practicals\I2C_temp\Blinky_SDK_2_9\platform\radio\rail_lib\autogen\librail_release\librail_efr32xg13_gcc_release.a(rail_ble_rf_hal.o)
                              F:\MS Embedded Systems\IOT\Practicals\I2C_temp\Blinky_SDK_2_9\platform\radio\rail_lib\autogen\librail_release\librail_efr32xg13_gcc_release.a(rail_rf_hal.o) (RFHAL_IsBleLongRangeEnabled)
F:\MS Embedded Systems\IOT\Practicals\I2C_temp\Blinky_SDK_2_9\platform\radio\rail_lib\autogen\librail_release\librail_efr32xg13_gcc_release.a(ble_efr32xg13_configurator_out.o)
                              F:\MS Embedded Systems\IOT\Practicals\I2C_temp\Blinky_SDK_2_9\platform\radio\rail_lib\autogen\librail_release\librail_efr32xg13_gcc_release.a(rail_ble_rf_hal.o) (ble_viterbi2M_min)
F:\MS Embedded Systems\IOT\Practicals\I2C_temp\Blinky_SDK_2_9\platform\radio\rail_lib\autogen\librail_release\librail_efr32xg13_gcc_release.a(rail_singleprotocol.o)
                              F:\MS Embedded Systems\IOT\Practicals\I2C_temp\Blinky_SDK_2_9\platform\radio\rail_lib\autogen\librail_release\librail_efr32xg13_gcc_release.a(rail_rf_hal.o) (RAIL_ActiveHandle)
F:\MS Embedded Systems\IOT\Practicals\I2C_temp\Blinky_SDK_2_9\platform\radio\rail_lib\autogen\librail_release\librail_efr32xg13_gcc_release.a(rail_rf.o)
                              F:\MS Embedded Systems\IOT\Practicals\I2C_temp\Blinky_SDK_2_9\platform\radio\rail_lib\autogen\librail_release\librail_efr32xg13_gcc_release.a(rail_singleprotocol.o) (RAILCore_Init)
F:\MS Embedded Systems\IOT\Practicals\I2C_temp\Blinky_SDK_2_9\platform\radio\rail_lib\autogen\librail_release\librail_efr32xg13_gcc_release.a(rail_rx.o)
                              F:\MS Embedded Systems\IOT\Practicals\I2C_temp\Blinky_SDK_2_9\platform\radio\rail_lib\autogen\librail_release\librail_efr32xg13_gcc_release.a(rail_rf_hal.o) (RAILCore_StartRx)
F:\MS Embedded Systems\IOT\Practicals\I2C_temp\Blinky_SDK_2_9\platform\radio\rail_lib\autogen\librail_release\librail_efr32xg13_gcc_release.a(rail_tx.o)
                              F:\MS Embedded Systems\IOT\Practicals\I2C_temp\Blinky_SDK_2_9\platform\radio\rail_lib\autogen\librail_release\librail_efr32xg13_gcc_release.a(rail_singleprotocol.o) (RAILCore_StartTxStream)
F:\MS Embedded Systems\IOT\Practicals\I2C_temp\Blinky_SDK_2_9\platform\radio\rail_lib\autogen\librail_release\librail_efr32xg13_gcc_release.a(rail_calibration.o)
                              F:\MS Embedded Systems\IOT\Practicals\I2C_temp\Blinky_SDK_2_9\platform\radio\rail_lib\autogen\librail_release\librail_efr32xg13_gcc_release.a(rail_rf_hal.o) (RAILInt_PendCal)
F:\MS Embedded Systems\IOT\Practicals\I2C_temp\Blinky_SDK_2_9\platform\radio\rail_lib\autogen\librail_release\librail_efr32xg13_gcc_release.a(rail_data.o)
                              F:\MS Embedded Systems\IOT\Practicals\I2C_temp\Blinky_SDK_2_9\platform\radio\rail_lib\autogen\librail_release\librail_efr32xg13_gcc_release.a(rail_rf_hal.o) (RAILCb_SetupRxFifo)
F:\MS Embedded Systems\IOT\Practicals\I2C_temp\Blinky_SDK_2_9\platform\radio\rail_lib\autogen\librail_release\librail_efr32xg13_gcc_release.a(rail_assert.o)
[...]
Memory Configuration

Name             Origin             Length             Attributes
FLASH_BOOTLOADER 0x0fe10000         0x00004000         xr
FLASH            0x00000000         0x0007f000         xr
RAM              0x20000000         0x00010000         xrw
*default*        0x00000000         0xffffffff

Linker script and memory map

LOAD h:/simplicity/developer/toolchains/gnu_arm/4.9_2015q3/bin/../lib/gcc/arm-none-eabi/4.9.3/armv7e-m/softfp/crti.o
LOAD h:/simplicity/developer/toolchains/gnu_arm/4.9_2015q3/bin/../lib/gcc/arm-none-eabi/4.9.3/armv7e-m/softfp/crtbegin.o
LOAD h:/simplicity/developer/toolchains/gnu_arm/4.9_2015q3/bin/../lib/gcc/arm-none-eabi/4.9.3/../../../../arm-none-eabi/lib/armv7e-m/softfp/crt0.o
START GROUP
LOAD ./application_properties.o
LOAD ./gatt_db.o
LOAD ./init_app.o
LOAD ./init_board.o
LOAD ./init_mcu.o
LOAD ./main.o
LOAD ./pti.o
LOAD ./hardware/kit/common/bsp/bsp_stk.o
LOAD ./hardware/kit/common/drivers/i2cspm.o
LOAD ./hardware/kit/common/drivers/mx25flash_spi.o
LOAD ./hardware/kit/common/drivers/si7013.o
LOAD ./hardware/kit/common/drivers/tempsens.o
LOAD ./hardware/kit/common/drivers/udelay.o
LOAD ./platform/Device/SiliconLabs/EFR32BG13P/Source/GCC/startup_efr32bg13p.o
LOAD ./platform/Device/SiliconLabs/EFR32BG13P/Source/system_efr32bg13p.o
LOAD ./platform/emdrv/sleep/src/sleep.o
LOAD ./platform/emlib/src/em_acmp.o
LOAD ./platform/emlib/src/em_adc.o
LOAD ./platform/emlib/src/em_aes.o
LOAD ./platform/emlib/src/em_assert.o
LOAD ./platform/emlib/src/em_burtc.o
LOAD ./platform/emlib/src/em_can.o
LOAD ./platform/emlib/src/em_cmu.o
LOAD ./platform/emlib/src/em_core.o
LOAD ./platform/emlib/src/em_cryotimer.o
LOAD ./platform/emlib/src/em_crypto.o
LOAD ./platform/emlib/src/em_csen.o
LOAD ./platform/emlib/src/em_dac.o
LOAD ./platform/emlib/src/em_dbg.o
LOAD ./platform/emlib/src/em_dma.o
LOAD ./platform/emlib/src/em_ebi.o
LOAD ./platform/emlib/src/em_emu.o
LOAD ./platform/emlib/src/em_gpcrc.o
LOAD ./platform/emlib/src/em_gpio.o
LOAD ./platform/emlib/src/em_i2c.o
LOAD ./platform/emlib/src/em_idac.o
LOAD ./platform/emlib/src/em_int.o
LOAD ./platform/emlib/src/em_lcd.o
LOAD ./platform/emlib/src/em_ldma.o
LOAD ./platform/emlib/src/em_lesense.o
LOAD ./platform/emlib/src/em_letimer.o
LOAD ./platform/emlib/src/em_leuart.o
LOAD ./platform/emlib/src/em_mpu.o
LOAD ./platform/emlib/src/em_msc.o
LOAD ./platform/emlib/src/em_opamp.o
LOAD ./platform/emlib/src/em_pcnt.o
LOAD ./platform/emlib/src/em_prs.o
LOAD ./platform/emlib/src/em_qspi.o
LOAD ./platform/emlib/src/em_rmu.o
LOAD ./platform/emlib/src/em_rtc.o
LOAD ./platform/emlib/src/em_rtcc.o
LOAD ./platform/emlib/src/em_system.o
LOAD ./platform/emlib/src/em_timer.o
LOAD ./platform/emlib/src/em_usart.o
LOAD ./platform/emlib/src/em_vcmp.o
LOAD ./platform/emlib/src/em_vdac.o
LOAD ./platform/emlib/src/em_wdog.o
LOAD ./src/I2C.o
LOAD ./src/cmu.o
LOAD ./src/gpio.o
LOAD ./src/letimer.o
LOAD ./src/sleepblock.o
LOAD ./src/tempsensor.o
LOAD F:\MS Embedded Systems\IOT\Practicals\I2C_temp\Blinky_SDK_2_9\platform\radio\rail_lib\autogen\librail_release\librail_efr32xg13_gcc_release.a
LOAD F:\MS Embedded Systems\IOT\Practicals\I2C_temp\Blinky_SDK_2_9\protocol\bluetooth\lib\EFR32BG13P\GCC\binapploader.o
LOAD F:\MS Embedded Systems\IOT\Practicals\I2C_temp\Blinky_SDK_2_9\protocol\bluetooth\lib\EFR32BG13P\GCC\libbluetooth.a
LOAD F:\MS Embedded Systems\IOT\Practicals\I2C_temp\Blinky_SDK_2_9\protocol\bluetooth\lib\EFR32BG13P\GCC\libpsstore.a
LOAD F:\MS Embedded Systems\IOT\Practicals\I2C_temp\Blinky_SDK_2_9\protocol\bluetooth\lib\EFR32BG13P\GCC\libmbedtls.a
LOAD h:/simplicity/developer/toolchains/gnu_arm/4.9_2015q3/bin/../lib/gcc/arm-none-eabi/4.9.3/../../../../arm-none-eabi/lib/armv7e-m/softfp\libm.a
END GROUP
START GROUP
LOAD h:/simplicity/developer/toolchains/gnu_arm/4.9_2015q3/bin/../lib/gcc/arm-none-eabi/4.9.3/armv7e-m/softfp\libgcc.a
LOAD h:/simplicity/developer/toolchains/gnu_arm/4.9_2015q3/bin/../lib/gcc/arm-none-eabi/4.9.3/../../../../arm-none-eabi/lib/armv7e-m/softfp\libc_nano.a
LOAD h:/simplicity/developer/toolchains/gnu_arm/4.9_2015q3/bin/../lib/gcc/arm-none-eabi/4.9.3/../../../../arm-none-eabi/lib/armv7e-m/softfp\libnosys.a
END GROUP
START GROUP
LOAD h:/simplicity/developer/toolchains/gnu_arm/4.9_2015q3/bin/../lib/gcc/arm-none-eabi/4.9.3/armv7e-m/softfp\libgcc.a
LOAD h:/simplicity/developer/toolchains/gnu_arm/4.9_2015q3/bin/../lib/gcc/arm-none-eabi/4.9.3/../../../../arm-none-eabi/lib/armv7e-m/softfp\libg_nano.a
LOAD h:/simplicity/developer/toolchains/gnu_arm/4.9_2015q3/bin/../lib/gcc/arm-none-eabi/4.9.3/../../../../arm-none-eabi/lib/armv7e-m/softfp\libc_nano.a
END GROUP
START GROUP
LOAD h:/simplicity/developer/toolchains/gnu_arm/4.9_2015q3/bin/../lib/gcc/arm-none-eabi/4.9.3/armv7e-m/softfp\libgcc.a
LOAD h:/simplicity/developer/toolchains/gnu_arm/4.9_2015q3/bin/../lib/gcc/arm-none-eabi/4.9.3/../../../../arm-none-eabi/lib/armv7e-m/softfp\libc_nano.a
END GROUP
LOAD h:/simplicity/developer/toolchains/gnu_arm/4.9_2015q3/bin/../lib/gcc/arm-none-eabi/4.9.3/armv7e-m/softfp/crtend.o
LOAD h:/simplicity/developer/toolchains/gnu_arm/4.9_2015q3/bin/../lib/gcc/arm-none-eabi/4.9.3/armv7e-m/softfp/crtn.o

.text_bootloader
                0x0fe10000        0x0
 *(.binbootloader*)
                0x0fe10000                . = ALIGN (0x4000)

.text_apploader
                0x00000000     0x8fc0
 *(.binapploader*)
 .binapploader  0x00000000     0x8fc0 F:\MS Embedded Systems\IOT\Practicals\I2C_temp\Blinky_SDK_2_9\protocol\bluetooth\lib\EFR32BG13P\GCC\binapploader.o

.text_signature
                0x00008fc0       0x40
                0x00009000                . = ALIGN (0x800)
 *fill*         0x00008fc0       0x40 
                0x00009000                __text_start__ = .

.text_application
                0x00009000     0x5a9c
 *(.vectors)
 .vectors       0x00009000       0xfc ./platform/Device/SiliconLabs/EFR32BG13P/Source/GCC/startup_efr32bg13p.o
                0x00009000                __Vectors
                0x000090fc                __Vectors_End = .
                0x000000fc                __Vectors_Size = (__Vectors_End - __Vectors)
                0x000090fc                __end__ = .
 *(.application_properties)
 .application_properties
                0x000090fc       0x38 ./application_properties.o
                0x000090fc                applicationProperties
 *(.gecko_configuration)
 *(.xo_configuration)
 *(.gatt_header)
 .gatt_header   0x00009134       0x34 ./gatt_db.o
                0x00009134                bg_gattdb_data
 *(.gatt_data)
 .gatt_data     0x00009168      0x1c5 ./gatt_db.o
                0x00009168                bg_gattdb_data_uuidtable_16_map
                0x00009184                bg_gattdb_data_uuidtable_128_map
                0x000091a4                bg_gattdb_data_attribute_field_18
                0x000091ac                bg_gattdb_data_attribute_field_17
                0x000091c4                bg_gattdb_data_attribute_field_16
                0x000091d8                bg_gattdb_data_attribute_field_14
                0x000091e0                bg_gattdb_data_attribute_field_13
                0x000091e8                bg_gattdb_data_attribute_field_12
                0x000091ec                bg_gattdb_data_attribute_field_11
                0x000091fc                bg_gattdb_data_attribute_field_10
                0x00009204                bg_gattdb_data_attribute_field_9
                0x00009208                bg_gattdb_data_attribute_field_8
                0x0000920c                bg_gattdb_data_attribute_field_7
                0x00009214                bg_gattdb_data_attribute_field_6
                0x0000921c                bg_gattdb_data_attribute_field_5
                0x00009224                bg_gattdb_data_attribute_field_4
                0x00009228                bg_gattdb_data_attribute_field_2
                0x00009230                bg_gattdb_data_attribute_field_1
                0x00009238                bg_gattdb_data_attribute_field_0
                0x0000923c                bg_gattdb_data_attributes_map
                0x00009320                bg_gattdb_data_attributes_dynamic_mapping_map
                0x00009328                bg_gattdb_data_adv_uuid16_map
                0x0000932c                bg_gattdb_data_adv_uuid128_map
 *(.text*)
 *fill*         0x0000932d        0x3 
 .text          0x00009330       0x5c h:/simplicity/developer/toolchains/gnu_arm/4.9_2015q3/bin/../lib/gcc/arm-none-eabi/4.9.3/armv7e-m/softfp/crtbegin.o
 .text          0x0000938c       0x74 h:/simplicity/developer/toolchains/gnu_arm/4.9_2015q3/bin/../lib/gcc/arm-none-eabi/4.9.3/../../../../arm-none-eabi/lib/armv7e-m/softfp/crt0.o
                0x0000938c                _start
                0x0000938c                _mainCRTStartup
 .text.initBoard
                0x00009400       0x48 ./init_board.o
                0x00009400                initBoard
 .text.CHIP_Init
                0x00009448       0x1c ./init_mcu.o
 .text.initMcu  0x00009464       0x94 ./init_mcu.o
                0x00009464                initMcu
 .text.initMcu_clocks
                0x000094f8       0xb0 ./init_mcu.o
 .text.BUS_RegMaskedSet
                0x000095a8       0x24 ./main.o
 .text.BUS_RegMaskedClear
                0x000095cc       0x24 ./main.o
 .text.GPIO_PinOutClear
                0x000095f0       0x58 ./main.o
 .text.GPIO_PinOutSet
                0x00009648       0x58 ./main.o
 .text.LETIMER_IntSet
                0x000096a0       0x1c ./main.o
 .text.main     0x000096bc       0xe8 ./main.o
                0x000096bc                main
 .text.BUS_RegMaskedSet
                0x000097a4       0x24 ./hardware/kit/common/drivers/mx25flash_spi.o
 .text.BUS_RegMaskedClear
                0x000097c8       0x24 ./hardware/kit/common/drivers/mx25flash_spi.o
 .text.GPIO_PinOutClear
                0x000097ec       0x58 ./hardware/kit/common/drivers/mx25flash_spi.o
 .text.GPIO_PinOutSet
                0x00009844       0x58 ./hardware/kit/common/drivers/mx25flash_spi.o
 .text.MX25_init
                0x0000989c       0x98 ./hardware/kit/common/drivers/mx25flash_spi.o
                0x0000989c                MX25_init
 .text.Wait_Flash_WarmUp
                0x00009934       0x24 ./hardware/kit/common/drivers/mx25flash_spi.o
                0x00009934                Wait_Flash_WarmUp
 .text.Initial_Spi
                0x00009958        0xc ./hardware/kit/common/drivers/mx25flash_spi.o
                0x00009958                Initial_Spi
 .text.CS_Low   0x00009964       0x10 ./hardware/kit/common/drivers/mx25flash_spi.o
                0x00009964                CS_Low
 .text.CS_High  0x00009974       0x10 ./hardware/kit/common/drivers/mx25flash_spi.o
                0x00009974                CS_High
 .text.InsertDummyCycle
                0x00009984       0x38 ./hardware/kit/common/drivers/mx25flash_spi.o
                0x00009984                InsertDummyCycle
 .text.SendByte
                0x000099bc       0x3c ./hardware/kit/common/drivers/mx25flash_spi.o
                0x000099bc                SendByte
 .text.MX25_DP  0x000099f8       0x34 ./hardware/kit/common/drivers/mx25flash_spi.o
                0x000099f8                MX25_DP
 .text.Reset_Handler
                0x00009a2c       0x4c ./platform/Device/SiliconLabs/EFR32BG13P/Source/GCC/startup_efr32bg13p.o
                0x00009a2c                Reset_Handler
 .text.Default_Handler
                0x00009a78        0x8 ./platform/Device/SiliconLabs/EFR32BG13P/Source/GCC/startup_efr32bg13p.o
                0x00009a78                DebugMon_Handler
                0x00009a78                USART0_TX_IRQHandler
                0x00009a78                I2C0_IRQHandler
                0x00009a78                HardFault_Handler
                0x00009a78                SysTick_Handler
                0x00009a78                USART1_RX_IRQHandler
                0x00009a78                PendSV_Handler
                0x00009a78                NMI_Handler
                0x00009a78                I2C1_IRQHandler
                0x00009a78                WTIMER0_IRQHandler
                0x00009a78                CRYPTO0_IRQHandler
                0x00009a78                WDOG0_IRQHandler
                0x00009a78                USART1_TX_IRQHandler
                0x00009a78                SMU_IRQHandler
                0x00009a78                MSC_IRQHandler
                0x00009a78                ADC0_IRQHandler
                0x00009a78                UsageFault_Handler
                0x00009a78                WDOG1_IRQHandler
                0x00009a78                LEUART0_IRQHandler
                0x00009a78                FPUEH_IRQHandler
                0x00009a78                GPIO_EVEN_IRQHandler
                0x00009a78                VDAC0_IRQHandler
                0x00009a78                LDMA_IRQHandler
                0x00009a78                CSEN_IRQHandler
                0x00009a78                CRYPTO1_IRQHandler
                0x00009a78                TIMER0_IRQHandler
                0x00009a78                TIMER1_IRQHandler
                0x00009a78                TRNG0_IRQHandler
                0x00009a78                USART2_RX_IRQHandler
                0x00009a78                Default_Handler
                0x00009a78                EMU_IRQHandler
                0x00009a78                CRYOTIMER_IRQHandler
                0x00009a78                PCNT0_IRQHandler
                0x00009a78                ACMP0_IRQHandler
                0x00009a78                USART0_RX_IRQHandler
                0x00009a78                MemManage_Handler
                0x00009a78                SVC_Handler
                0x00009a78                RTCC_IRQHandler
                0x00009a78                CMU_IRQHandler
                0x00009a78                LESENSE_IRQHandler
                0x00009a78                GPIO_ODD_IRQHandler
                0x00009a78                BusFault_Handler
                0x00009a78                USART2_TX_IRQHandler
                0x00009a78                IDAC0_IRQHandler
 .text.SystemCoreClockGet
                0x00009a80       0x44 ./platform/Device/SiliconLabs/EFR32BG13P/Source/system_efr32bg13p.o
                0x00009a80                SystemCoreClockGet
 .text.SystemMaxCoreClockGet
                0x00009ac4       0x14 ./platform/Device/SiliconLabs/EFR32BG13P/Source/system_efr32bg13p.o
                0x00009ac4                SystemMaxCoreClockGet
 .text.SystemHFClockGet
                0x00009ad8       0x70 ./platform/Device/SiliconLabs/EFR32BG13P/Source/system_efr32bg13p.o
                0x00009ad8                SystemHFClockGet
 .text.SystemHFXOClockGet
                0x00009b48       0x18 ./platform/Device/SiliconLabs/EFR32BG13P/Source/system_efr32bg13p.o
                0x00009b48                SystemHFXOClockGet
 .text.SystemHFXOClockSet
                0x00009b60       0x30 ./platform/Device/SiliconLabs/EFR32BG13P/Source/system_efr32bg13p.o
                0x00009b60                SystemHFXOClockSet
 .text.SystemInit
                0x00009b90       0x20 ./platform/Device/SiliconLabs/EFR32BG13P/Source/system_efr32bg13p.o
                0x00009b90                SystemInit
 .text.SystemLFRCOClockGet
                0x00009bb0       0x14 ./platform/Device/SiliconLabs/EFR32BG13P/Source/system_efr32bg13p.o
                0x00009bb0                SystemLFRCOClockGet
 .text.SystemULFRCOClockGet
                0x00009bc4       0x14 ./platform/Device/SiliconLabs/EFR32BG13P/Source/system_efr32bg13p.o
                0x00009bc4                SystemULFRCOClockGet
 .text.SystemLFXOClockGet
                0x00009bd8       0x18 ./platform/Device/SiliconLabs/EFR32BG13P/Source/system_efr32bg13p.o
                0x00009bd8                SystemLFXOClockGet
 .text.SystemLFXOClockSet
                0x00009bf0       0x30 ./platform/Device/SiliconLabs/EFR32BG13P/Source/system_efr32bg13p.o
                0x00009bf0                SystemLFXOClockSet
 .text.BUS_RegBitWrite
                0x00009c20       0x2c ./platform/emlib/src/em_cmu.o
 .text.BUS_RegBitRead
                0x00009c4c       0x2c ./platform/emlib/src/em_cmu.o
 .text.BUS_RegMaskedSet
                0x00009c78       0x24 ./platform/emlib/src/em_cmu.o
 .text.BUS_RegMaskedClear
                0x00009c9c       0x24 ./platform/emlib/src/em_cmu.o
 .text.BUS_RegMaskedWrite
                0x00009cc0       0x24 ./platform/emlib/src/em_cmu.o
 .text.CMU_Log2ToDiv
                0x00009ce4       0x1c ./platform/emlib/src/em_cmu.o
 .text.EMU_VScaleWait
                0x00009d00       0x1c ./platform/emlib/src/em_cmu.o
 .text.EMU_VScaleGet
                0x00009d1c       0x1c ./platform/emlib/src/em_cmu.o
 .text.setHfLeConfig
                0x00009d38       0x64 ./platform/emlib/src/em_cmu.o
 .text.auxClkGet
                0x00009d9c       0x20 ./platform/emlib/src/em_cmu.o
 .text.hfSrcClkGet
                0x00009dbc       0x2c ./platform/emlib/src/em_cmu.o
 .text.dbgClkGet
                0x00009de8       0x40 ./platform/emlib/src/em_cmu.o
 .text.adcAsyncClkGet
                0x00009e28       0x80 ./platform/emlib/src/em_cmu.o
 .text.flashWaitStateControl
                0x00009ea8       0x88 ./platform/emlib/src/em_cmu.o
 .text.flashWaitStateMax
                0x00009f30       0x40 ./platform/emlib/src/em_cmu.o
 .text.CMU_UpdateWaitStates
                0x00009f70       0x40 ./platform/emlib/src/em_cmu.o
                0x00009f70                CMU_UpdateWaitStates
 .text.getRegIshUpperVal
                0x00009fb0       0x38 ./platform/emlib/src/em_cmu.o
 .text.getHfxoTuningMode
                0x00009fe8       0x1c ./platform/emlib/src/em_cmu.o
 .text.setHfxoTuningMode
                0x0000a004       0x28 ./platform/emlib/src/em_cmu.o
 .text.lfClkGet
                0x0000a02c       0xf4 ./platform/emlib/src/em_cmu.o
 .text.syncReg  0x0000a120       0x38 ./platform/emlib/src/em_cmu.o
 .text.hfperClkSafePrescaler
                0x0000a158        0xc ./platform/emlib/src/em_cmu.o
 .text.hfperClkOptimizedPrescaler
                0x0000a164        0xc ./platform/emlib/src/em_cmu.o
 .text.CMU_ClockEnable
                0x0000a170       0xcc ./platform/emlib/src/em_cmu.o
                0x0000a170                CMU_ClockEnable
 .text.CMU_ClockFreqGet
                0x0000a23c      0x1f8 ./platform/emlib/src/em_cmu.o
                0x0000a23c                CMU_ClockFreqGet
 .text.CMU_ClockSelectGet
                0x0000a434      0x19c ./platform/emlib/src/em_cmu.o
                0x0000a434                CMU_ClockSelectGet
 .text.CMU_ClockSelectSet
                0x0000a5d0      0x2d4 ./platform/emlib/src/em_cmu.o
                0x0000a5d0                CMU_ClockSelectSet
 .text.CMU_HFRCOBandGet
                0x0000a8a4       0x18 ./platform/emlib/src/em_cmu.o
                0x0000a8a4                CMU_HFRCOBandGet
 .text.CMU_HFXOAutostartEnable
                0x0000a8bc       0x8c ./platform/emlib/src/em_cmu.o
                0x0000a8bc                CMU_HFXOAutostartEnable
 .text.CMU_HFXOInit
                0x0000a948       0xe4 ./platform/emlib/src/em_cmu.o
                0x0000a948                CMU_HFXOInit
 .text.CMU_LFXOInit
                0x0000aa2c       0x50 ./platform/emlib/src/em_cmu.o
                0x0000aa2c                CMU_LFXOInit
 .text.CMU_OscillatorEnable
                0x0000aa7c      0x17c ./platform/emlib/src/em_cmu.o
                0x0000aa7c                CMU_OscillatorEnable
 .text.CMU_OscillatorTuningGet
                0x0000abf8       0x74 ./platform/emlib/src/em_cmu.o
                0x0000abf8                CMU_OscillatorTuningGet
 .text.CMU_OscillatorTuningSet
                0x0000ac6c      0x100 ./platform/emlib/src/em_cmu.o
                0x0000ac6c                CMU_OscillatorTuningSet
 .text.CMU_OscillatorTuningWait
                0x0000ad6c       0x94 ./platform/emlib/src/em_cmu.o
                0x0000ad6c                CMU_OscillatorTuningWait
 .text.CMU_OscillatorTuningOptimize
                0x0000ae00       0x58 ./platform/emlib/src/em_cmu.o
                0x0000ae00                CMU_OscillatorTuningOptimize
 .text.CORE_EnterCritical
                0x0000ae58       0x20 ./platform/emlib/src/em_core.o
                0x0000ae58                CORE_EnterCritical
 .text.CORE_ExitCritical
                0x0000ae78       0x1c ./platform/emlib/src/em_core.o
                0x0000ae78                CORE_ExitCritical
 .text.CORE_AtomicDisableIrq
                0x0000ae94       0x10 ./platform/emlib/src/em_core.o
                0x0000ae94                CORE_AtomicDisableIrq
 .text.CORE_AtomicEnableIrq
                0x0000aea4       0x10 ./platform/emlib/src/em_core.o
                0x0000aea4                CORE_AtomicEnableIrq
 .text.CORE_EnterAtomic
                0x0000aeb4       0x20 ./platform/emlib/src/em_core.o
                0x0000aeb4                CORE_EnterAtomic
 .text.CORE_ExitAtomic
                0x0000aed4       0x1c ./platform/emlib/src/em_core.o
                0x0000aed4                CORE_ExitAtomic
 .text.SystemCoreClockUpdate
                0x0000aef0        0xc ./platform/emlib/src/em_emu.o
 .text.BUS_RegBitWrite
                0x0000aefc       0x2c ./platform/emlib/src/em_emu.o
 .text.BUS_RegBitRead
                0x0000af28       0x2c ./platform/emlib/src/em_emu.o
 .text.EMU_VScaleWait
                0x0000af54       0x1c ./platform/emlib/src/em_emu.o
 .text.EMU_VScaleGet
                0x0000af70       0x1c ./platform/emlib/src/em_emu.o
 .text.EMU_IntClear
                0x0000af8c       0x1c ./platform/emlib/src/em_emu.o
 .text.EMU_IntGet
                0x0000afa8       0x18 ./platform/emlib/src/em_emu.o
 .text.CMU_Lock
                0x0000afc0       0x18 ./platform/emlib/src/em_emu.o
 .text.CMU_Unlock
                0x0000afd8       0x1c ./platform/emlib/src/em_emu.o
 .text.vScaleEM01Cmd
                0x0000aff4       0x24 ./platform/emlib/src/em_emu.o
 .text.emState  0x0000b018      0x14c ./platform/emlib/src/em_emu.o
 .text.vScaleDownEM23Setup
                0x0000b164       0x50 ./platform/emlib/src/em_emu.o
 .text.vScaleAfterWakeup
                0x0000b1b4       0x44 ./platform/emlib/src/em_emu.o
 .text.EMU_EnterEM2
                0x0000b1f8       0x48 ./platform/emlib/src/em_emu.o
                0x0000b1f8                EMU_EnterEM2
 .text.EMU_EnterEM3
                0x0000b240       0x70 ./platform/emlib/src/em_emu.o
                0x0000b240                EMU_EnterEM3
 .text.EMU_VScaleEM01ByClock
                0x0000b2b0       0x70 ./platform/emlib/src/em_emu.o
                0x0000b2b0                EMU_VScaleEM01ByClock
 .text.EMU_VScaleEM01
                0x0000b320       0x84 ./platform/emlib/src/em_emu.o
                0x0000b320                EMU_VScaleEM01
 .text.EMU_EM01Init
                0x0000b3a4       0x24 ./platform/emlib/src/em_emu.o
                0x0000b3a4                EMU_EM01Init
 .text.EMU_EM23Init
                0x0000b3c8       0x2c ./platform/emlib/src/em_emu.o
                0x0000b3c8                EMU_EM23Init
 .text.dcdcConstCalibrationLoad
                0x0000b3f4       0x10 ./platform/emlib/src/em_emu.o
 .text.dcdcValidatedConfigSet
                0x0000b404       0x40 ./platform/emlib/src/em_emu.o
 .text.currentLimitersUpdate
                0x0000b444       0xe4 ./platform/emlib/src/em_emu.o
 .text.userCurrentLimitsSet
                0x0000b528       0x2c ./platform/emlib/src/em_emu.o
 .text.compCtrlSet
                0x0000b554       0x3c ./platform/emlib/src/em_emu.o
 .text.lpCmpHystCalibrationLoad
                0x0000b590       0xd4 ./platform/emlib/src/em_emu.o
 .text.lpGetDevinfoVrefLowHigh
                0x0000b664      0x164 ./platform/emlib/src/em_emu.o
 .text.EMU_DCDCModeSet
                0x0000b7c8       0xf0 ./platform/emlib/src/em_emu.o
                0x0000b7c8                EMU_DCDCModeSet
 .text.EMU_DCDCInit
                0x0000b8b8      0x120 ./platform/emlib/src/em_emu.o
                0x0000b8b8                EMU_DCDCInit
 .text.EMU_DCDCOutputVoltageSet
                0x0000b9d8      0x2cc ./platform/emlib/src/em_emu.o
                0x0000b9d8                EMU_DCDCOutputVoltageSet
 .text.EMU_DCDCOptimizeSlice
                0x0000bca4       0xd8 ./platform/emlib/src/em_emu.o
                0x0000bca4                EMU_DCDCOptimizeSlice
 .text.EMU_DCDCLnRcoBandSet
                0x0000bd7c       0x54 ./platform/emlib/src/em_emu.o
                0x0000bd7c                EMU_DCDCLnRcoBandSet
 .text.BUS_RegMaskedSet
                0x0000bdd0       0x24 ./platform/emlib/src/em_gpio.o
 .text.BUS_RegMaskedClear
                0x0000bdf4       0x24 ./platform/emlib/src/em_gpio.o
 .text.BUS_RegMaskedWrite
                0x0000be18       0x24 ./platform/emlib/src/em_gpio.o
 .text.GPIO_PinOutClear
                0x0000be3c       0x58 ./platform/emlib/src/em_gpio.o
 .text.GPIO_PinOutSet
                0x0000be94       0x58 ./platform/emlib/src/em_gpio.o
 .text.GPIO_DriveStrengthSet
                0x0000beec       0x60 ./platform/emlib/src/em_gpio.o
                0x0000beec                GPIO_DriveStrengthSet
 .text.GPIO_PinModeSet
                0x0000bf4c      0x10c ./platform/emlib/src/em_gpio.o
                0x0000bf4c                GPIO_PinModeSet
 .text.BUS_RegBitWrite
                0x0000c058       0x2c ./platform/emlib/src/em_i2c.o
 .text.BUS_RegMaskedSet
                0x0000c084       0x24 ./platform/emlib/src/em_i2c.o
 .text.BUS_RegMaskedClear
                0x0000c0a8       0x24 ./platform/emlib/src/em_i2c.o
 .text.BUS_RegMaskedWrite
                0x0000c0cc       0x24 ./platform/emlib/src/em_i2c.o
 .text.I2C_BusFreqSet
                0x0000c0f0       0xf8 ./platform/emlib/src/em_i2c.o
                0x0000c0f0                I2C_BusFreqSet
 .text.I2C_Enable
                0x0000c1e8       0x3c ./platform/emlib/src/em_i2c.o
                0x0000c1e8                I2C_Enable
 .text.I2C_Init
                0x0000c224       0x78 ./platform/emlib/src/em_i2c.o
                0x0000c224                I2C_Init
 .text.LETIMER_CompareSet
                0x0000c29c       0x58 ./platform/emlib/src/em_letimer.o
                0x0000c29c                LETIMER_CompareSet
 .text.LETIMER_Enable
                0x0000c2f4       0x2c ./platform/emlib/src/em_letimer.o
                0x0000c2f4                LETIMER_Enable
 .text.LETIMER_Init
                0x0000c320       0xd0 ./platform/emlib/src/em_letimer.o
                0x0000c320                LETIMER_Init
 .text.RTCC_Init
                0x0000c3f0       0x94 ./platform/emlib/src/em_rtcc.o
                0x0000c3f0                RTCC_Init
 .text.USART_BaudrateSyncSet
                0x0000c484       0x40 ./platform/emlib/src/em_usart.o
                0x0000c484                USART_BaudrateSyncSet
 .text.USART_InitSync
                0x0000c4c4       0xfc ./platform/emlib/src/em_usart.o
                0x0000c4c4                USART_InitSync
 .text.USART_Reset
                0x0000c5c0       0xb0 ./platform/emlib/src/em_usart.o
                0x0000c5c0                USART_Reset
 .text.USART_SpiTransfer
                0x0000c670       0x40 ./platform/emlib/src/em_usart.o
                0x0000c670                USART_SpiTransfer
 .text.I2C_IntClear
                0x0000c6b0       0x1c ./src/I2C.o
 .text.I2C_IntEnable
                0x0000c6cc       0x20 ./src/I2C.o
 .text.I2C_setup
                0x0000c6ec       0x80 ./src/I2C.o
                0x0000c6ec                I2C_setup
 .text.I2C_Measure_Temp
                0x0000c76c       0x6c ./src/I2C.o
                0x0000c76c                I2C_Measure_Temp
 .text.Receive_temp_code
                0x0000c7d8       0x8c ./src/I2C.o
                0x0000c7d8                Receive_temp_code
 *fill*         0x0000c864        0x4 
 .text.Temperature_Cal
                0x0000c868       0x9c ./src/I2C.o
                0x0000c868                Temperature_Cal
 .text.cmu_init
                0x0000c904       0x14 ./src/cmu.o
                0x0000c904                cmu_init
 .text.gpio_init
                0x0000c918       0x44 ./src/gpio.o
                0x0000c918                gpio_init
 .text.NVIC_EnableIRQ
                0x0000c95c       0x30 ./src/letimer.o
 .text.LETIMER_IntClear
                0x0000c98c       0x1c ./src/letimer.o
 .text.LETIMER_IntEnable
                0x0000c9a8       0x20 ./src/letimer.o
 .text.LETIMER_IntGet
                0x0000c9c8       0x18 ./src/letimer.o
 .text.LETIMER0_IRQHandler
                0x0000c9e0       0x64 ./src/letimer.o
                0x0000c9e0                LETIMER0_IRQHandler
 .text.prescaler_LETIMER
                0x0000ca44       0x88 ./src/letimer.o
                0x0000ca44                prescaler_LETIMER
 .text.LETIMER_setup
                0x0000cacc      0x104 ./src/letimer.o
                0x0000cacc                LETIMER_setup
 .text.EMU_EnterEM1
                0x0000cbd0       0x20 ./src/sleepblock.o
 .text.blockSleepMode
                0x0000cbf0       0x2c ./src/sleepblock.o
                0x0000cbf0                blockSleepMode
 .text.unblockSleepMode
                0x0000cc1c       0x38 ./src/sleepblock.o
                0x0000cc1c                unblockSleepMode
 .text.sleep_mode
                0x0000cc54       0x3c ./src/sleepblock.o
                0x0000cc54                sleep_mode
 .text.sensor_enable
                0x0000cc90       0x14 ./src/tempsensor.o
                0x0000cc90                sensor_enable
 .text.sensor_disable
                0x0000cca4       0x14 ./src/tempsensor.o
                0x0000cca4                sensor_disable
 .text.Load_management_on
                0x0000ccb8       0x6c ./src/tempsensor.o
                0x0000ccb8                Load_management_on
 .text.Load_management_off
                0x0000cd24       0x24 ./src/tempsensor.o
                0x0000cd24                Load_management_off
 .text.eventDefault
                0x0000cd48        0x2 F:\MS Embedded Systems\IOT\Practicals\I2C_temp\Blinky_SDK_2_9\platform\radio\rail_lib\autogen\librail_release\librail_efr32xg13_gcc_release.a(rail_rf_hal.o)
 *fill*         0x0000cd4a        0x6 
 .text.GENERIC_PHY_EventCallback
                0x0000cd50      0x194 F:\MS Embedded Systems\IOT\Practicals\I2C_temp\Blinky_SDK_2_9\platform\radio\rail_lib\autogen\librail_release\librail_efr32xg13_gcc_release.a(rail_rf_hal.o)
                0x0000cd50                GENERIC_PHY_EventCallback
 .text.RFHAL_Idle
                0x0000cee4       0x2a F:\MS Embedded Systems\IOT\Practicals\I2C_temp\Blinky_SDK_2_9\platform\radio\rail_lib\autogen\librail_release\librail_efr32xg13_gcc_release.a(rail_rf_hal.o)
                0x0000cee4                RFHAL_Idle
 *fill*         0x0000cf0e        0x2 
 .text.RFHAL_GetRadioState
                0x0000cf10       0x48 F:\MS Embedded Systems\IOT\Practicals\I2C_temp\Blinky_SDK_2_9\platform\radio\rail_lib\autogen\librail_release\librail_efr32xg13_gcc_release.a(rail_rf_hal.o)
                0x0000cf10                RFHAL_GetRadioState
 .text.RAILCore_Idle
                0x0000cf58       0x14 F:\MS Embedded Systems\IOT\Practicals\I2C_temp\Blinky_SDK_2_9\platform\radio\rail_lib\autogen\librail_release\librail_efr32xg13_gcc_release.a(rail_rf.o)
                0x0000cf58                RAILCore_Idle
 .text.RAILInt_PendCal
                0x0000cf6c       0x24 F:\MS Embedded Systems\IOT\Practicals\I2C_temp\Blinky_SDK_2_9\platform\radio\rail_lib\autogen\librail_release\librail_efr32xg13_gcc_release.a(rail_calibration.o)
                0x0000cf6c                RAILInt_PendCal
 .text.RAILCb_AssertFailed
                0x0000cf90       0x14 F:\MS Embedded Systems\IOT\Practicals\I2C_temp\Blinky_SDK_2_9\platform\radio\rail_lib\autogen\librail_release\librail_efr32xg13_gcc_release.a(rail_assert.o)
                0x0000cf90                RAILCb_AssertFailed
 .text.RAILInt_Assert
                0x0000cfa4       0x1c F:\MS Embedded Systems\IOT\Practicals\I2C_temp\Blinky_SDK_2_9\platform\radio\rail_lib\autogen\librail_release\librail_efr32xg13_gcc_release.a(rail_assert.o)
                0x0000cfa4                RAILInt_Assert
 .text.checkAndAddRxLenOverflowEntry.part.0
                0x0000cfc0       0x2c F:\MS Embedded Systems\IOT\Practicals\I2C_temp\Blinky_SDK_2_9\platform\radio\rail_lib\autogen\librail_release\librail_efr32xg13_gcc_release.a(bufc.o)
 .text.BUFC_WriteBuffer
                0x0000cfec       0xb0 F:\MS Embedded Systems\IOT\Practicals\I2C_temp\Blinky_SDK_2_9\platform\radio\rail_lib\autogen\librail_release\librail_efr32xg13_gcc_release.a(bufc.o)
                0x0000cfec                BUFC_WriteBuffer
 .text.BUFC_GetBytesAvailable
                0x0000d09c       0x14 F:\MS Embedded Systems\IOT\Practicals\I2C_temp\Blinky_SDK_2_9\platform\radio\rail_lib\autogen\librail_release\librail_efr32xg13_gcc_release.a(bufc.o)
                0x0000d09c                BUFC_GetBytesAvailable
 .text.BUFC_TxAckBufferSet
                0x0000d0b0       0x2c F:\MS Embedded Systems\IOT\Practicals\I2C_temp\Blinky_SDK_2_9\platform\radio\rail_lib\autogen\librail_release\librail_efr32xg13_gcc_release.a(bufc.o)
                0x0000d0b0                BUFC_TxAckBufferSet
 .text.BUFC_RxBufferReset
                0x0000d0dc       0x5c F:\MS Embedded Systems\IOT\Practicals\I2C_temp\Blinky_SDK_2_9\platform\radio\rail_lib\autogen\librail_release\librail_efr32xg13_gcc_release.a(bufc.o)
                0x0000d0dc                BUFC_RxBufferReset
 .text.BUFC_ReleaseRxPacket
                0x0000d138      0x118 F:\MS Embedded Systems\IOT\Practicals\I2C_temp\Blinky_SDK_2_9\platform\radio\rail_lib\autogen\librail_release\librail_efr32xg13_gcc_release.a(bufc.o)
                0x0000d138                BUFC_ReleaseRxPacket
 .text.BUFC_StartRxLenThrEvent
                0x0000d250       0x50 F:\MS Embedded Systems\IOT\Practicals\I2C_temp\Blinky_SDK_2_9\platform\radio\rail_lib\autogen\librail_release\librail_efr32xg13_gcc_release.a(bufc.o)
                0x0000d250                BUFC_StartRxLenThrEvent
 .text.BUFC_EndRxLenThrEvent
                0x0000d2a0       0x1c F:\MS Embedded Systems\IOT\Practicals\I2C_temp\Blinky_SDK_2_9\platform\radio\rail_lib\autogen\librail_release\librail_efr32xg13_gcc_release.a(bufc.o)
                0x0000d2a0                BUFC_EndRxLenThrEvent
 .text.BUFC_HandleRxLenOvfEvent
                0x0000d2bc       0x30 F:\MS Embedded Systems\IOT\Practicals\I2C_temp\Blinky_SDK_2_9\platform\radio\rail_lib\autogen\librail_release\librail_efr32xg13_gcc_release.a(bufc.o)
                0x0000d2bc                BUFC_HandleRxLenOvfEvent
 .text.PA_RunPeakDetectorHigh
                0x0000d2ec       0x40 F:\MS Embedded Systems\IOT\Practicals\I2C_temp\Blinky_SDK_2_9\platform\radio\rail_lib\autogen\librail_release\librail_efr32xg13_gcc_release.a(pa.o)
                0x0000d2ec                PA_RunPeakDetectorHigh
 .text.PA_RunPeakDetectorLow
                0x0000d32c        0x2 F:\MS Embedded Systems\IOT\Practicals\I2C_temp\Blinky_SDK_2_9\platform\radio\rail_lib\autogen\librail_release\librail_efr32xg13_gcc_release.a(pa.o)
                0x0000d32c                PA_RunPeakDetectorLow
 *fill*         0x0000d32e        0x2 
 .text.PA_RunBatHigh
                0x0000d330       0x2c F:\MS Embedded Systems\IOT\Practicals\I2C_temp\Blinky_SDK_2_9\platform\radio\rail_lib\autogen\librail_release\librail_efr32xg13_gcc_release.a(pa.o)
                0x0000d330                PA_RunBatHigh
 .text.PROTIMER_CCTimerStop
                0x0000d35c       0x20 F:\MS Embedded Systems\IOT\Practicals\I2C_temp\Blinky_SDK_2_9\platform\radio\rail_lib\autogen\librail_release\librail_efr32xg13_gcc_release.a(protimer.o)
                0x0000d35c                PROTIMER_CCTimerStop
 .text.PROTIMER_CCTimerIsEnabled
                0x0000d37c       0x14 F:\MS Embedded Systems\IOT\Practicals\I2C_temp\Blinky_SDK_2_9\platform\radio\rail_lib\autogen\librail_release\librail_efr32xg13_gcc_release.a(protimer.o)
                0x0000d37c                PROTIMER_CCTimerIsEnabled
 .text.PROTIMER_ClearRxEnable
                0x0000d390       0x10 F:\MS Embedded Systems\IOT\Practicals\I2C_temp\Blinky_SDK_2_9\platform\radio\rail_lib\autogen\librail_release\librail_efr32xg13_gcc_release.a(protimer.o)
                0x0000d390                PROTIMER_ClearRxEnable
 .text.PROTIMER_GetTime
                0x0000d3a0       0x38 F:\MS Embedded Systems\IOT\Practicals\I2C_temp\Blinky_SDK_2_9\platform\radio\rail_lib\autogen\librail_release\librail_efr32xg13_gcc_release.a(protimer.o)
                0x0000d3a0                PROTIMER_GetTime
 .text.PROTIMER_LBTStop
                0x0000d3d8       0x18 F:\MS Embedded Systems\IOT\Practicals\I2C_temp\Blinky_SDK_2_9\platform\radio\rail_lib\autogen\librail_release\librail_efr32xg13_gcc_release.a(protimer.o)
                0x0000d3d8                PROTIMER_LBTStop
 .text.PROTIMER_PrecntOverflowToUs
                0x0000d3f0       0x34 F:\MS Embedded Systems\IOT\Practicals\I2C_temp\Blinky_SDK_2_9\platform\radio\rail_lib\autogen\librail_release\librail_efr32xg13_gcc_release.a(protimer.o)
                0x0000d3f0                PROTIMER_PrecntOverflowToUs
 .text.PROTIMER_GetUsTime
                0x0000d424       0x18 F:\MS Embedded Systems\IOT\Practicals\I2C_temp\Blinky_SDK_2_9\platform\radio\rail_lib\autogen\librail_release\librail_efr32xg13_gcc_release.a(protimer.o)
                0x0000d424                PROTIMER_GetUsTime
 .text.PROTIMER_DelayUs
                0x0000d43c       0x16 F:\MS Embedded Systems\IOT\Practicals\I2C_temp\Blinky_SDK_2_9\platform\radio\rail_lib\autogen\librail_release\librail_efr32xg13_gcc_release.a(protimer.o)
                0x0000d43c                PROTIMER_DelayUs
 *fill*         0x0000d452        0x2 
 .text.PTI_AuxdataOutput
                0x0000d454       0x1c F:\MS Embedded Systems\IOT\Practicals\I2C_temp\Blinky_SDK_2_9\platform\radio\rail_lib\autogen\librail_release\librail_efr32xg13_gcc_release.a(pti.o)
                0x0000d454                PTI_AuxdataOutput
 .text.RADIO_IsRxOnForRssi
                0x0000d470       0x18 F:\MS Embedded Systems\IOT\Practicals\I2C_temp\Blinky_SDK_2_9\platform\radio\rail_lib\autogen\librail_release\librail_efr32xg13_gcc_release.a(radio.o)
                0x0000d470                RADIO_IsRxOnForRssi
 .text.RADIO_GetRssi
                0x0000d488       0x64 F:\MS Embedded Systems\IOT\Practicals\I2C_temp\Blinky_SDK_2_9\platform\radio\rail_lib\autogen\librail_release\librail_efr32xg13_gcc_release.a(radio.o)
                0x0000d488                RADIO_GetRssi
 .text.RADIO_RACClearRxOverflow
                0x0000d4ec       0x20 F:\MS Embedded Systems\IOT\Practicals\I2C_temp\Blinky_SDK_2_9\platform\radio\rail_lib\autogen\librail_release\librail_efr32xg13_gcc_release.a(radio.o)
                0x0000d4ec                RADIO_RACClearRxOverflow
 .text.RFSENSE_IRQHandler
                0x0000d50c       0x10 F:\MS Embedded Systems\IOT\Practicals\I2C_temp\Blinky_SDK_2_9\platform\radio\rail_lib\autogen\librail_release\librail_efr32xg13_gcc_release.a(rfsense.o)
                0x0000d50c                RFSENSE_IRQHandler
 .text.PRORTC_IRQHandler
                0x0000d51c       0x10 F:\MS Embedded Systems\IOT\Practicals\I2C_temp\Blinky_SDK_2_9\platform\radio\rail_lib\autogen\librail_release\librail_efr32xg13_gcc_release.a(rtccsync.o)
                0x0000d51c                PRORTC_IRQHandler
 .text.SYNTH_Is2p4GHz
                0x0000d52c       0x14 F:\MS Embedded Systems\IOT\Practicals\I2C_temp\Blinky_SDK_2_9\platform\radio\rail_lib\autogen\librail_release\librail_efr32xg13_gcc_release.a(synth.o)
                0x0000d52c                SYNTH_Is2p4GHz
 .text.GENERIC_PHY_EnableDisableInt
                0x0000d540       0x22 F:\MS Embedded Systems\IOT\Practicals\I2C_temp\Blinky_SDK_2_9\platform\radio\rail_lib\autogen\librail_release\librail_efr32xg13_gcc_release.a(generic_phy.o)
 *fill*         0x0000d562        0x2 
 .text.GENERIC_PHY_DisableRadioIrqs
                0x0000d564       0x50 F:\MS Embedded Systems\IOT\Practicals\I2C_temp\Blinky_SDK_2_9\platform\radio\rail_lib\autogen\librail_release\librail_efr32xg13_gcc_release.a(generic_phy.o)
 .text.GENERIC_PHY_ConfigureRollbackReporting
                0x0000d5b4       0x68 F:\MS Embedded Systems\IOT\Practicals\I2C_temp\Blinky_SDK_2_9\platform\radio\rail_lib\autogen\librail_release\librail_efr32xg13_gcc_release.a(generic_phy.o)
 .text.GENERIC_PHY_ClearPendedRxWindowEnd
                0x0000d61c       0x1c F:\MS Embedded Systems\IOT\Practicals\I2C_temp\Blinky_SDK_2_9\platform\radio\rail_lib\autogen\librail_release\librail_efr32xg13_gcc_release.a(generic_phy.o)
 .text.RADIO_RACRxAbort
                0x0000d638       0x3c F:\MS Embedded Systems\IOT\Practicals\I2C_temp\Blinky_SDK_2_9\platform\radio\rail_lib\autogen\librail_release\librail_efr32xg13_gcc_release.a(generic_phy.o)
 .text.GENERIC_PHY_CheckPendedRxWindowEnd
                0x0000d674       0x44 F:\MS Embedded Systems\IOT\Practicals\I2C_temp\Blinky_SDK_2_9\platform\radio\rail_lib\autogen\librail_release\librail_efr32xg13_gcc_release.a(generic_phy.o)
 .text.GENERIC_PHY_ConfigureEvents
                0x0000d6b8      0x2c8 F:\MS Embedded Systems\IOT\Practicals\I2C_temp\Blinky_SDK_2_9\platform\radio\rail_lib\autogen\librail_release\librail_efr32xg13_gcc_release.a(generic_phy.o)
                0x0000d6b8                GENERIC_PHY_ConfigureEvents
 .text.GENERIC_PHY_SeqAtomicLock
                0x0000d980       0x30 F:\MS Embedded Systems\IOT\Practicals\I2C_temp\Blinky_SDK_2_9\platform\radio\rail_lib\autogen\librail_release\librail_efr32xg13_gcc_release.a(generic_phy.o)
                0x0000d980                GENERIC_PHY_SeqAtomicLock
 .text.GENERIC_PHY_ResetRxFifo
                0x0000d9b0       0x30 F:\MS Embedded Systems\IOT\Practicals\I2C_temp\Blinky_SDK_2_9\platform\radio\rail_lib\autogen\librail_release\librail_efr32xg13_gcc_release.a(generic_phy.o)
                0x0000d9b0                GENERIC_PHY_ResetRxFifo
 .text.GENERIC_PHY_RadioIdle
                0x0000d9e0      0x154 F:\MS Embedded Systems\IOT\Practicals\I2C_temp\Blinky_SDK_2_9\platform\radio\rail_lib\autogen\librail_release\librail_efr32xg13_gcc_release.a(generic_phy.o)
                0x0000d9e0                GENERIC_PHY_RadioIdle
 .text.FRC_IRQHandler
                0x0000db34      0x528 F:\MS Embedded Systems\IOT\Practicals\I2C_temp\Blinky_SDK_2_9\platform\radio\rail_lib\autogen\librail_release\librail_efr32xg13_gcc_release.a(generic_phy.o)
                0x0000db34                FRC_IRQHandler
 .text.FRC_PRI_IRQHandler
                0x0000e05c        0x4 F:\MS Embedded Systems\IOT\Practicals\I2C_temp\Blinky_SDK_2_9\platform\radio\rail_lib\autogen\librail_release\librail_efr32xg13_gcc_release.a(generic_phy.o)
                0x0000e05c                FRC_PRI_IRQHandler
 .text.BUFC_IRQHandler
                0x0000e060        0x4 F:\MS Embedded Systems\IOT\Practicals\I2C_temp\Blinky_SDK_2_9\platform\radio\rail_lib\autogen\librail_release\librail_efr32xg13_gcc_release.a(generic_phy.o)
                0x0000e060                BUFC_IRQHandler
 .text.PROTIMER_IRQHandler
                0x0000e064        0x4 F:\MS Embedded Systems\IOT\Practicals\I2C_temp\Blinky_SDK_2_9\platform\radio\rail_lib\autogen\librail_release\librail_efr32xg13_gcc_release.a(generic_phy.o)
                0x0000e064                PROTIMER_IRQHandler
 .text.RAC_SEQ_IRQHandler
                0x0000e068        0x4 F:\MS Embedded Systems\IOT\Practicals\I2C_temp\Blinky_SDK_2_9\platform\radio\rail_lib\autogen\librail_release\librail_efr32xg13_gcc_release.a(generic_phy.o)
                0x0000e068                RAC_SEQ_IRQHandler
 .text.RAILCb_RadioStateChanged
                0x0000e06c       0x14 F:\MS Embedded Systems\IOT\Practicals\I2C_temp\Blinky_SDK_2_9\platform\radio\rail_lib\autogen\librail_release\librail_efr32xg13_gcc_release.a(generic_phy.o)
                0x0000e06c                RAILCb_RadioStateChanged
 .text.RAC_RSM_IRQHandler
                0x0000e080       0x48 F:\MS Embedded Systems\IOT\Practicals\I2C_temp\Blinky_SDK_2_9\platform\radio\rail_lib\autogen\librail_release\librail_efr32xg13_gcc_release.a(generic_phy.o)
                0x0000e080                RAC_RSM_IRQHandler
 .text.MODEM_IRQHandler
                0x0000e0c8        0x4 F:\MS Embedded Systems\IOT\Practicals\I2C_temp\Blinky_SDK_2_9\platform\radio\rail_lib\autogen\librail_release\librail_efr32xg13_gcc_release.a(generic_phy.o)
                0x0000e0c8                MODEM_IRQHandler
 .text.AGC_IRQHandler
                0x0000e0cc       0x40 F:\MS Embedded Systems\IOT\Practicals\I2C_temp\Blinky_SDK_2_9\platform\radio\rail_lib\autogen\librail_release\librail_efr32xg13_gcc_release.a(generic_phy.o)
                0x0000e0cc                AGC_IRQHandler
 .text.SYNTH_IRQHandler
                0x0000e10c       0x10 F:\MS Embedded Systems\IOT\Practicals\I2C_temp\Blinky_SDK_2_9\platform\radio\rail_lib\autogen\librail_release\librail_efr32xg13_gcc_release.a(generic_phy.o)
                0x0000e10c                SYNTH_IRQHandler
 .text          0x0000e11c      0x370 h:/simplicity/developer/toolchains/gnu_arm/4.9_2015q3/bin/../lib/gcc/arm-none-eabi/4.9.3/armv7e-m/softfp\libgcc.a(_arm_addsubdf3.o)
                0x0000e11c                __aeabi_drsub
                0x0000e124                __aeabi_dsub
                0x0000e124                __subdf3
                0x0000e128                __aeabi_dadd
                0x0000e128                __adddf3
                0x0000e3a0                __floatunsidf
                0x0000e3a0                __aeabi_ui2d
                0x0000e3c0                __floatsidf
                0x0000e3c0                __aeabi_i2d
                0x0000e3e4                __aeabi_f2d
                0x0000e3e4                __extendsfdf2
                0x0000e420                __floatundidf
                0x0000e420                __aeabi_ul2d
                0x0000e430                __floatdidf
                0x0000e430                __aeabi_l2d
 .text          0x0000e48c      0x424 h:/simplicity/developer/toolchains/gnu_arm/4.9_2015q3/bin/../lib/gcc/arm-none-eabi/4.9.3/armv7e-m/softfp\libgcc.a(_arm_muldivdf3.o)
                0x0000e48c                __aeabi_dmul
                0x0000e48c                __muldf3
                0x0000e6e0                __divdf3
                0x0000e6e0                __aeabi_ddiv
 .text          0x0000e8b0       0xa0 h:/simplicity/developer/toolchains/gnu_arm/4.9_2015q3/bin/../lib/gcc/arm-none-eabi/4.9.3/armv7e-m/softfp\libgcc.a(_arm_truncdfsf2.o)
                0x0000e8b0                __truncdfsf2
                0x0000e8b0                __aeabi_d2f
 .text.exit     0x0000e950       0x28 h:/simplicity/developer/toolchains/gnu_arm/4.9_2015q3/bin/../lib/gcc/arm-none-eabi/4.9.3/../../../../arm-none-eabi/lib/armv7e-m/softfp\libc_nano.a(lib_a-exit.o)
                0x0000e950                exit
 .text.__libc_init_array
                0x0000e978       0x4c h:/simplicity/developer/toolchains/gnu_arm/4.9_2015q3/bin/../lib/gcc/arm-none-eabi/4.9.3/../../../../arm-none-eabi/lib/armv7e-m/softfp\libc_nano.a(lib_a-init.o)
                0x0000e978                __libc_init_array
 .text.memcpy   0x0000e9c4       0x16 h:/simplicity/developer/toolchains/gnu_arm/4.9_2015q3/bin/../lib/gcc/arm-none-eabi/4.9.3/../../../../arm-none-eabi/lib/armv7e-m/softfp\libc_nano.a(lib_a-memcpy.o)
                0x0000e9c4                memcpy
 .text.memset   0x0000e9da       0x10 h:/simplicity/developer/toolchains/gnu_arm/4.9_2015q3/bin/../lib/gcc/arm-none-eabi/4.9.3/../../../../arm-none-eabi/lib/armv7e-m/softfp\libc_nano.a(lib_a-memset.o)
                0x0000e9da                memset
 *fill*         0x0000e9ea        0x2 
 .text._exit    0x0000e9ec        0x4 h:/simplicity/developer/toolchains/gnu_arm/4.9_2015q3/bin/../lib/gcc/arm-none-eabi/4.9.3/../../../../arm-none-eabi/lib/armv7e-m/softfp\libnosys.a(_exit.o)
                0x0000e9ec                _exit
 *(.init)
 .init          0x0000e9f0        0x4 h:/simplicity/developer/toolchains/gnu_arm/4.9_2015q3/bin/../lib/gcc/arm-none-eabi/4.9.3/armv7e-m/softfp/crti.o
                0x0000e9f0                _init
 .init          0x0000e9f4        0x8 h:/simplicity/developer/toolchains/gnu_arm/4.9_2015q3/bin/../lib/gcc/arm-none-eabi/4.9.3/armv7e-m/softfp/crtn.o
 *(.fini)
 .fini          0x0000e9fc        0x4 h:/simplicity/developer/toolchains/gnu_arm/4.9_2015q3/bin/../lib/gcc/arm-none-eabi/4.9.3/armv7e-m/softfp/crti.o
                0x0000e9fc                _fini
 .fini          0x0000ea00        0x8 h:/simplicity/developer/toolchains/gnu_arm/4.9_2015q3/bin/../lib/gcc/arm-none-eabi/4.9.3/armv7e-m/softfp/crtn.o
 *crtbegin.o(.ctors)
 *crtbegin?.o(.ctors)
 *(EXCLUDE_FILE(*crtend.o *crtend?.o) .ctors)
 *(SORT(.ctors.*))
 *(.ctors)
 *crtbegin.o(.dtors)
 *crtbegin?.o(.dtors)
 *(EXCLUDE_FILE(*crtend.o *crtend?.o) .dtors)
 *(SORT(.dtors.*))
 *(.dtors)
 *(.rodata*)
 .rodata        0x0000ea08       0x34 ./init_mcu.o
 .rodata        0x0000ea3c       0x18 ./hardware/kit/common/drivers/mx25flash_spi.o
 .rodata.flashWsTable
                0x0000ea54       0x28 ./platform/emlib/src/em_cmu.o
 .rodata.i2cNSum
                0x0000ea7c        0x4 ./platform/emlib/src/em_i2c.o
 .rodata        0x0000ea80       0x10 ./src/I2C.o
 .rodata.str1.1
                0x0000ea90        0x2 h:/simplicity/developer/toolchains/gnu_arm/4.9_2015q3/bin/../lib/gcc/arm-none-eabi/4.9.3/../../../../arm-none-eabi/lib/armv7e-m/softfp\libc_nano.a(lib_a-impure.o)
 *fill*         0x0000ea92        0x2 
 .rodata._global_impure_ptr
                0x0000ea94        0x4 h:/simplicity/developer/toolchains/gnu_arm/4.9_2015q3/bin/../lib/gcc/arm-none-eabi/4.9.3/../../../../arm-none-eabi/lib/armv7e-m/softfp\libc_nano.a(lib_a-impure.o)
                0x0000ea94                _global_impure_ptr
 *(.eh_frame*)
 .eh_frame      0x0000ea98        0x0 h:/simplicity/developer/toolchains/gnu_arm/4.9_2015q3/bin/../lib/gcc/arm-none-eabi/4.9.3/armv7e-m/softfp/crtbegin.o
 .eh_frame      0x0000ea98        0x4 h:/simplicity/developer/toolchains/gnu_arm/4.9_2015q3/bin/../lib/gcc/arm-none-eabi/4.9.3/armv7e-m/softfp/crtend.o
                0x0000ea9c                . = ALIGN (0x4)

.glue_7         0x0000ea9c        0x0
 .glue_7        0x00000000        0x0 linker stubs

.glue_7t        0x0000ea9c        0x0
 .glue_7t       0x00000000        0x0 linker stubs

.vfp11_veneer   0x0000ea9c        0x0
 .vfp11_veneer  0x00000000        0x0 linker stubs

.v4_bx          0x0000ea9c        0x0
 .v4_bx         0x00000000        0x0 linker stubs

.iplt           0x0000ea9c        0x0
 .iplt          0x00000000        0x0 h:/simplicity/developer/toolchains/gnu_arm/4.9_2015q3/bin/../lib/gcc/arm-none-eabi/4.9.3/armv7e-m/softfp/crtbegin.o

.igot.plt       0x0000ea9c        0x0
 .igot.plt      0x00000000        0x0 h:/simplicity/developer/toolchains/gnu_arm/4.9_2015q3/bin/../lib/gcc/arm-none-eabi/4.9.3/armv7e-m/softfp/crtbegin.o

.text_application_ARM.extab
 *(.ARM.extab* .gnu.linkonce.armextab.*)
                0x0000ea9c                __exidx_start = .

.text_application_ARM.exidx
                0x0000ea9c        0x8
 *(.ARM.exidx* .gnu.linkonce.armexidx.*)
 .ARM.exidx     0x0000ea9c        0x8 h:/simplicity/developer/toolchains/gnu_arm/4.9_2015q3/bin/../lib/gcc/arm-none-eabi/4.9.3/../../../../arm-none-eabi/lib/armv7e-m/softfp/crt0.o
                0x0000eaa4                __exidx_end = .
                0x0000eaa4                __etext = .

.rel.dyn        0x0000eaa4        0x0
 .rel.iplt      0x00000000        0x0 h:/simplicity/developer/toolchains/gnu_arm/4.9_2015q3/bin/../lib/gcc/arm-none-eabi/4.9.3/armv7e-m/softfp/crtbegin.o

.stack_dummy    0x20000000      0x800
 *(.stack*)
 .stack         0x20000000      0x800 ./platform/Device/SiliconLabs/EFR32BG13P/Source/GCC/startup_efr32bg13p.o
                0x20000800                __StackTop = (ORIGIN (RAM) + SIZEOF (.stack_dummy))
                0x20000000                __StackLimit = ORIGIN (RAM)
                0x20000800                PROVIDE (__stack, __StackTop)

.text_application_data
                0x20000800       0xa8 load address 0x0000eaa4
                0x20000800                __data_start__ = .
 *(vtable)
 *(.data*)
 .data.bg_gattdb_data_attribute_field_6_data
                0x20000800       0x13 ./gatt_db.o
                0x20000800                bg_gattdb_data_attribute_field_6_data
 *fill*         0x20000813        0x1 
 .data.SystemHFXOClock
                0x20000814        0x4 ./platform/Device/SiliconLabs/EFR32BG13P/Source/system_efr32bg13p.o
 .data.SystemLFXOClock
                0x20000818        0x4 ./platform/Device/SiliconLabs/EFR32BG13P/Source/system_efr32bg13p.o
 .data.SystemCoreClock
                0x2000081c        0x4 ./platform/Device/SiliconLabs/EFR32BG13P/Source/system_efr32bg13p.o
                0x2000081c                SystemCoreClock
 .data.SystemHfrcoFreq
                0x20000820        0x4 ./platform/Device/SiliconLabs/EFR32BG13P/Source/system_efr32bg13p.o
                0x20000820                SystemHfrcoFreq
 .data.auxHfrcoFreq
                0x20000824        0x4 ./platform/emlib/src/em_cmu.o
 .data.eventCb  0x20000828        0x4 F:\MS Embedded Systems\IOT\Practicals\I2C_temp\Blinky_SDK_2_9\platform\radio\rail_lib\autogen\librail_release\librail_efr32xg13_gcc_release.a(rail_rf_hal.o)
 .data.lastTxAckPacketTimeTicks
                0x2000082c        0x4 F:\MS Embedded Systems\IOT\Practicals\I2C_temp\Blinky_SDK_2_9\platform\radio\rail_lib\autogen\librail_release\librail_efr32xg13_gcc_release.a(rail_rf_hal.o)
 .data.lastTxPacketTimeTicks
                0x20000830        0x4 F:\MS Embedded Systems\IOT\Practicals\I2C_temp\Blinky_SDK_2_9\platform\radio\rail_lib\autogen\librail_release\librail_efr32xg13_gcc_release.a(rail_rf_hal.o)
 .data.errorCodeEncountered
                0x20000834        0x4 F:\MS Embedded Systems\IOT\Practicals\I2C_temp\Blinky_SDK_2_9\platform\radio\rail_lib\autogen\librail_release\librail_efr32xg13_gcc_release.a(rail_assert.o)
 .data.errorRailHandle
                0x20000838        0x4 F:\MS Embedded Systems\IOT\Practicals\I2C_temp\Blinky_SDK_2_9\platform\radio\rail_lib\autogen\librail_release\librail_efr32xg13_gcc_release.a(rail_assert.o)
 .data.impure_data
                0x2000083c       0x60 h:/simplicity/developer/toolchains/gnu_arm/4.9_2015q3/bin/../lib/gcc/arm-none-eabi/4.9.3/../../../../arm-none-eabi/lib/armv7e-m/softfp\libc_nano.a(lib_a-impure.o)
                0x2000089c                . = ALIGN (0x4)
 *(.ram)
                0x2000089c                . = ALIGN (0x4)
                0x2000089c                PROVIDE (__preinit_array_start, .)
 *(.preinit_array)
                0x2000089c                PROVIDE (__preinit_array_end, .)
                0x2000089c                . = ALIGN (0x4)
                0x2000089c                PROVIDE (__init_array_start, .)
 *(SORT(.init_array.*))
 *(.init_array)
 .init_array    0x2000089c        0x4 h:/simplicity/developer/toolchains/gnu_arm/4.9_2015q3/bin/../lib/gcc/arm-none-eabi/4.9.3/armv7e-m/softfp/crtbegin.o
                0x200008a0                PROVIDE (__init_array_end, .)
                0x200008a0                . = ALIGN (0x4)
                0x200008a0                PROVIDE (__fini_array_start, .)
 *(SORT(.fini_array.*))
 *(.fini_array)
 .fini_array    0x200008a0        0x4 h:/simplicity/developer/toolchains/gnu_arm/4.9_2015q3/bin/../lib/gcc/arm-none-eabi/4.9.3/armv7e-m/softfp/crtbegin.o
                0x200008a4                PROVIDE (__fini_array_end, .)
 *(.jcr*)
 .jcr           0x200008a4        0x0 h:/simplicity/developer/toolchains/gnu_arm/4.9_2015q3/bin/../lib/gcc/arm-none-eabi/4.9.3/armv7e-m/softfp/crtbegin.o
 .jcr           0x200008a4        0x4 h:/simplicity/developer/toolchains/gnu_arm/4.9_2015q3/bin/../lib/gcc/arm-none-eabi/4.9.3/armv7e-m/softfp/crtend.o
                0x200008a8                . = ALIGN (0x4)
                0x200008a8                __data_end__ = .

.bss            0x200008a8     0x1ac0 load address 0x0000eb50
                0x200008a8                . = ALIGN (0x4)
                0x200008a8                __bss_start__ = .
 *(.bss*)
 .bss           0x200008a8       0x1c h:/simplicity/developer/toolchains/gnu_arm/4.9_2015q3/bin/../lib/gcc/arm-none-eabi/4.9.3/armv7e-m/softfp/crtbegin.o
 .bss.bg_gattdb_data_attribute_field_14_data
                0x200008c4        0x5 ./gatt_db.o
                0x200008c4                bg_gattdb_data_attribute_field_14_data
 *fill*         0x200008c9        0x3 
 .bss.bg_gattdb_data_attribute_field_2_data
                0x200008cc        0x4 ./gatt_db.o
                0x200008cc                bg_gattdb_data_attribute_field_2_data
 .bss.Temperature_code
                0x200008d0        0x2 ./main.o
                0x200008d0                Temperature_code
 *fill*         0x200008d2        0x2 
 .bss.Temperature
                0x200008d4        0x4 ./main.o
                0x200008d4                Temperature
 .bss.dcdcMaxCurrent_mA
                0x200008d8        0x2 ./platform/emlib/src/em_emu.o
 .bss.dcdcEm01LoadCurrent_mA
                0x200008da        0x2 ./platform/emlib/src/em_emu.o
 .bss.dcdcReverseCurrentControl
                0x200008dc        0x2 ./platform/emlib/src/em_emu.o
 *fill*         0x200008de        0x2 
 .bss.vScaleEM01Config
                0x200008e0        0x1 ./platform/emlib/src/em_emu.o
 *fill*         0x200008e1        0x3 
 .bss.cmuStatus.6560
                0x200008e4        0x4 ./platform/emlib/src/em_emu.o
 .bss.hfClock.6561
                0x200008e8        0x1 ./platform/emlib/src/em_emu.o
 .bss.vScaleStatus.6562
                0x200008e9        0x1 ./platform/emlib/src/em_emu.o
 *fill*         0x200008ea        0x2 
 .bss.hfrcoCtrl.6563
                0x200008ec        0x4 ./platform/emlib/src/em_emu.o
 .bss.cachedPacketHandle
                0x200008f0        0x4 F:\MS Embedded Systems\IOT\Practicals\I2C_temp\Blinky_SDK_2_9\platform\radio\rail_lib\autogen\librail_release\librail_efr32xg13_gcc_release.a(rail_rf_hal.o)
 .bss.saveRssiPeriod
                0x200008f4        0x4 F:\MS Embedded Systems\IOT\Practicals\I2C_temp\Blinky_SDK_2_9\platform\radio\rail_lib\autogen\librail_release\librail_efr32xg13_gcc_release.a(rail_rf_hal.o)
 .bss.timerExpired
                0x200008f8        0x1 F:\MS Embedded Systems\IOT\Practicals\I2C_temp\Blinky_SDK_2_9\platform\radio\rail_lib\autogen\librail_release\librail_efr32xg13_gcc_release.a(rail_rf_hal.o)
 *fill*         0x200008f9        0x3 
 .bss.timerExpiredCb
                0x200008fc        0x4 F:\MS Embedded Systems\IOT\Practicals\I2C_temp\Blinky_SDK_2_9\platform\radio\rail_lib\autogen\librail_release\librail_efr32xg13_gcc_release.a(rail_rf_hal.o)
 .bss.timerExpiredCbArg
                0x20000900        0x4 F:\MS Embedded Systems\IOT\Practicals\I2C_temp\Blinky_SDK_2_9\platform\radio\rail_lib\autogen\librail_release\librail_efr32xg13_gcc_release.a(rail_rf_hal.o)
 .bss.RAIL_ActiveHandle
                0x20000904        0x4 F:\MS Embedded Systems\IOT\Practicals\I2C_temp\Blinky_SDK_2_9\platform\radio\rail_lib\autogen\librail_release\librail_efr32xg13_gcc_release.a(rail_singleprotocol.o)
                0x20000904                RAIL_ActiveHandle
 .bss.BUFC_RxLenBufferAligned
                0x20000908       0x40 F:\MS Embedded Systems\IOT\Practicals\I2C_temp\Blinky_SDK_2_9\platform\radio\rail_lib\autogen\librail_release\librail_efr32xg13_gcc_release.a(bufc.o)
 .bss.BUFC_RxLenBufferReadOffset
                0x20000948        0x2 F:\MS Embedded Systems\IOT\Practicals\I2C_temp\Blinky_SDK_2_9\platform\radio\rail_lib\autogen\librail_release\librail_efr32xg13_gcc_release.a(bufc.o)
 .bss.BUFC_RxLenBufferThreshold
                0x2000094a        0x2 F:\MS Embedded Systems\IOT\Practicals\I2C_temp\Blinky_SDK_2_9\platform\radio\rail_lib\autogen\librail_release\librail_efr32xg13_gcc_release.a(bufc.o)
 .bss.callbackRxLenEntry
                0x2000094c        0x4 F:\MS Embedded Systems\IOT\Practicals\I2C_temp\Blinky_SDK_2_9\platform\radio\rail_lib\autogen\librail_release\librail_efr32xg13_gcc_release.a(bufc.o)
 .bss.protocolRxOverflowHook
                0x20000950        0x4 F:\MS Embedded Systems\IOT\Practicals\I2C_temp\Blinky_SDK_2_9\platform\radio\rail_lib\autogen\librail_release\librail_efr32xg13_gcc_release.a(bufc.o)
 .bss.precntRatioFrac
                0x20000954        0x4 F:\MS Embedded Systems\IOT\Practicals\I2C_temp\Blinky_SDK_2_9\platform\radio\rail_lib\autogen\librail_release\librail_efr32xg13_gcc_release.a(protimer.o)
 .bss.precntRatioInt
                0x20000958        0x4 F:\MS Embedded Systems\IOT\Practicals\I2C_temp\Blinky_SDK_2_9\platform\radio\rail_lib\autogen\librail_release\librail_efr32xg13_gcc_release.a(protimer.o)
 .bss.wrapCntOverflows
                0x2000095c        0x1 F:\MS Embedded Systems\IOT\Practicals\I2C_temp\Blinky_SDK_2_9\platform\radio\rail_lib\autogen\librail_release\librail_efr32xg13_gcc_release.a(protimer.o)
                0x2000095c                wrapCntOverflows
 *fill*         0x2000095d        0x3 
 .bss.RFSENSE_Handler
                0x20000960        0x4 F:\MS Embedded Systems\IOT\Practicals\I2C_temp\Blinky_SDK_2_9\platform\radio\rail_lib\autogen\librail_release\librail_efr32xg13_gcc_release.a(rfsense.o)
 .bss.enabledPhyEvents
                0x20000964        0x4 F:\MS Embedded Systems\IOT\Practicals\I2C_temp\Blinky_SDK_2_9\platform\radio\rail_lib\autogen\librail_release\librail_efr32xg13_gcc_release.a(generic_phy.o)
 .bss.enabledRailEvents
                0x20000968        0x8 F:\MS Embedded Systems\IOT\Practicals\I2C_temp\Blinky_SDK_2_9\platform\radio\rail_lib\autogen\librail_release\librail_efr32xg13_gcc_release.a(generic_phy.o)
 .bss.inCallback
                0x20000970        0x1 F:\MS Embedded Systems\IOT\Practicals\I2C_temp\Blinky_SDK_2_9\platform\radio\rail_lib\autogen\librail_release\librail_efr32xg13_gcc_release.a(generic_phy.o)
 .bss.overrideRxRollback
                0x20000971        0x1 F:\MS Embedded Systems\IOT\Practicals\I2C_temp\Blinky_SDK_2_9\platform\radio\rail_lib\autogen\librail_release\librail_efr32xg13_gcc_release.a(generic_phy.o)
 .bss.pendedRxWindowEnd
                0x20000972        0x1 F:\MS Embedded Systems\IOT\Practicals\I2C_temp\Blinky_SDK_2_9\platform\radio\rail_lib\autogen\librail_release\librail_efr32xg13_gcc_release.a(generic_phy.o)
 .bss.scheduledRx
                0x20000973        0x1 F:\MS Embedded Systems\IOT\Practicals\I2C_temp\Blinky_SDK_2_9\platform\radio\rail_lib\autogen\librail_release\librail_efr32xg13_gcc_release.a(generic_phy.o)
 .bss.scheduledRxHardEnd
                0x20000974        0x1 F:\MS Embedded Systems\IOT\Practicals\I2C_temp\Blinky_SDK_2_9\platform\radio\rail_lib\autogen\librail_release\librail_efr32xg13_gcc_release.a(generic_phy.o)
 .bss.scheduledRxLoop
                0x20000975        0x1 F:\MS Embedded Systems\IOT\Practicals\I2C_temp\Blinky_SDK_2_9\platform\radio\rail_lib\autogen\librail_release\librail_efr32xg13_gcc_release.a(generic_phy.o)
 *(COMMON)
 *fill*         0x20000976        0x2 
 COMMON         0x20000978     0x19d4 ./main.o
                0x20000978                sleep_block
                0x2000098c                Scheduler
                0x20000990                LetimerMode
                0x20000994                bluetooth_stack_heap
 COMMON         0x2000234c        0xc ./src/letimer.o
                0x2000234c                COMP0
                0x20002350                osc_freq
                0x20002354                COMP1
 COMMON         0x20002358        0xd F:\MS Embedded Systems\IOT\Practicals\I2C_temp\Blinky_SDK_2_9\platform\radio\rail_lib\autogen\librail_release\librail_efr32xg13_gcc_release.a(protimer.o)
                0x20002358                PROTIMER_scheduledRxEnable
                0x2000235c                PROTIMER_softwareTimerTimeout
                0x20002360                PROTIMER_scheduledOverflows
                0x20002368                . = ALIGN (0x4)
 *fill*         0x20002365        0x3 
                0x20002368                __bss_end__ = .

.heap           0x20002368      0xd00
                0x20002368                __HeapBase = .
                0x20002368                __end__ = .
                0x20002368                end = __end__
                0x20002368                _end = __end__
 *(.heap*)
 .heap          0x20002368      0xd00 ./platform/Device/SiliconLabs/EFR32BG13P/Source/GCC/startup_efr32bg13p.o
                0x20003068                __HeapLimit = .

.nvm_dummy      0x0000eaa4        0x0
 *(.simee)
                0x0007f000                __nvm3Base = ((ORIGIN (FLASH) + 0x7f000) - SIZEOF (.nvm_dummy))
OUTPUT(Blinky_SDK_2_9.axf elf32-littlearm)

.ARM.attributes
                0x00000000       0x2e
 .ARM.attributes
                0x00000000       0x22 h:/simplicity/developer/toolchains/gnu_arm/4.9_2015q3/bin/../lib/gcc/arm-none-eabi/4.9.3/armv7e-m/softfp/crti.o
 .ARM.attributes
                0x00000022       0x32 h:/simplicity/developer/toolchains/gnu_arm/4.9_2015q3/bin/../lib/gcc/arm-none-eabi/4.9.3/armv7e-m/softfp/crtbegin.o
 .ARM.attributes
                0x00000054       0x20 h:/simplicity/developer/toolchains/gnu_arm/4.9_2015q3/bin/../lib/gcc/arm-none-eabi/4.9.3/../../../../arm-none-eabi/lib/armv7e-m/softfp/crt0.o
 .ARM.attributes
                0x00000074       0x37 ./application_properties.o
 .ARM.attributes
                0x000000ab       0x37 ./gatt_db.o
 .ARM.attributes
                0x000000e2       0x37 ./init_board.o
 .ARM.attributes
                0x00000119       0x37 ./init_mcu.o
 .ARM.attributes
                0x00000150       0x37 ./main.o
 .ARM.attributes
                0x00000187       0x37 ./hardware/kit/common/drivers/mx25flash_spi.o
 .ARM.attributes
                0x000001be       0x37 ./platform/Device/SiliconLabs/EFR32BG13P/Source/GCC/startup_efr32bg13p.o
 .ARM.attributes
                0x000001f5       0x37 ./platform/Device/SiliconLabs/EFR32BG13P/Source/system_efr32bg13p.o
 .ARM.attributes
                0x0000022c       0x37 ./platform/emlib/src/em_cmu.o
 .ARM.attributes
                0x00000263       0x37 ./platform/emlib/src/em_core.o
 .ARM.attributes
                0x0000029a       0x37 ./platform/emlib/src/em_emu.o
 .ARM.attributes
                0x000002d1       0x37 ./platform/emlib/src/em_gpio.o
 .ARM.attributes
                0x00000308       0x37 ./platform/emlib/src/em_i2c.o
 .ARM.attributes
                0x0000033f       0x37 ./platform/emlib/src/em_letimer.o
 .ARM.attributes
                0x00000376       0x37 ./platform/emlib/src/em_rtcc.o
 .ARM.attributes
                0x000003ad       0x37 ./platform/emlib/src/em_usart.o
 .ARM.attributes
                0x000003e4       0x37 ./src/I2C.o
 .ARM.attributes
                0x0000041b       0x37 ./src/cmu.o
 .ARM.attributes
                0x00000452       0x37 ./src/gpio.o
 .ARM.attributes
                0x00000489       0x37 ./src/letimer.o
 .ARM.attributes
                0x000004c0       0x37 ./src/sleepblock.o
 .ARM.attributes
                0x000004f7       0x37 ./src/tempsensor.o
 .ARM.attributes
                0x0000052e       0x37 F:\MS Embedded Systems\IOT\Practicals\I2C_temp\Blinky_SDK_2_9\platform\radio\rail_lib\autogen\librail_release\librail_efr32xg13_gcc_release.a(rail_rf_hal.o)
 .ARM.attributes
                0x00000565       0x37 F:\MS Embedded Systems\IOT\Practicals\I2C_temp\Blinky_SDK_2_9\platform\radio\rail_lib\autogen\librail_release\librail_efr32xg13_gcc_release.a(rail_singleprotocol.o)
 .ARM.attributes
                0x0000059c       0x37 F:\MS Embedded Systems\IOT\Practicals\I2C_temp\Blinky_SDK_2_9\platform\radio\rail_lib\autogen\librail_release\librail_efr32xg13_gcc_release.a(rail_rf.o)
 .ARM.attributes
                0x000005d3       0x37 F:\MS Embedded Systems\IOT\Practicals\I2C_temp\Blinky_SDK_2_9\platform\radio\rail_lib\autogen\librail_release\librail_efr32xg13_gcc_release.a(rail_calibration.o)
 .ARM.attributes
                0x0000060a       0x37 F:\MS Embedded Systems\IOT\Practicals\I2C_temp\Blinky_SDK_2_9\platform\radio\rail_lib\autogen\librail_release\librail_efr32xg13_gcc_release.a(rail_assert.o)
 .ARM.attributes
                0x00000641       0x37 F:\MS Embedded Systems\IOT\Practicals\I2C_temp\Blinky_SDK_2_9\platform\radio\rail_lib\autogen\librail_release\librail_efr32xg13_gcc_release.a(bufc.o)
 .ARM.attributes
                0x00000678       0x37 F:\MS Embedded Systems\IOT\Practicals\I2C_temp\Blinky_SDK_2_9\platform\radio\rail_lib\autogen\librail_release\librail_efr32xg13_gcc_release.a(pa.o)
 .ARM.attributes
                0x000006af       0x37 F:\MS Embedded Systems\IOT\Practicals\I2C_temp\Blinky_SDK_2_9\platform\radio\rail_lib\autogen\librail_release\librail_efr32xg13_gcc_release.a(protimer.o)
 .ARM.attributes
                0x000006e6       0x37 F:\MS Embedded Systems\IOT\Practicals\I2C_temp\Blinky_SDK_2_9\platform\radio\rail_lib\autogen\librail_release\librail_efr32xg13_gcc_release.a(pti.o)
 .ARM.attributes
                0x0000071d       0x37 F:\MS Embedded Systems\IOT\Practicals\I2C_temp\Blinky_SDK_2_9\platform\radio\rail_lib\autogen\librail_release\librail_efr32xg13_gcc_release.a(radio.o)
 .ARM.attributes
                0x00000754       0x37 F:\MS Embedded Systems\IOT\Practicals\I2C_temp\Blinky_SDK_2_9\platform\radio\rail_lib\autogen\librail_release\librail_efr32xg13_gcc_release.a(rfsense.o)
 .ARM.attributes
                0x0000078b       0x37 F:\MS Embedded Systems\IOT\Practicals\I2C_temp\Blinky_SDK_2_9\platform\radio\rail_lib\autogen\librail_release\librail_efr32xg13_gcc_release.a(rtccsync.o)
 .ARM.attributes
                0x000007c2       0x37 F:\MS Embedded Systems\IOT\Practicals\I2C_temp\Blinky_SDK_2_9\platform\radio\rail_lib\autogen\librail_release\librail_efr32xg13_gcc_release.a(synth.o)
 .ARM.attributes
                0x000007f9       0x37 F:\MS Embedded Systems\IOT\Practicals\I2C_temp\Blinky_SDK_2_9\platform\radio\rail_lib\autogen\librail_release\librail_efr32xg13_gcc_release.a(generic_phy.o)
 .ARM.attributes
                0x00000830       0x1c F:\MS Embedded Systems\IOT\Practicals\I2C_temp\Blinky_SDK_2_9\protocol\bluetooth\lib\EFR32BG13P\GCC\binapploader.o
 .ARM.attributes
                0x0000084c       0x22 h:/simplicity/developer/toolchains/gnu_arm/4.9_2015q3/bin/../lib/gcc/arm-none-eabi/4.9.3/armv7e-m/softfp\libgcc.a(_arm_addsubdf3.o)
 .ARM.attributes
                0x0000086e       0x22 h:/simplicity/developer/toolchains/gnu_arm/4.9_2015q3/bin/../lib/gcc/arm-none-eabi/4.9.3/armv7e-m/softfp\libgcc.a(_arm_muldivdf3.o)
 .ARM.attributes
                0x00000890       0x22 h:/simplicity/developer/toolchains/gnu_arm/4.9_2015q3/bin/../lib/gcc/arm-none-eabi/4.9.3/armv7e-m/softfp\libgcc.a(_arm_truncdfsf2.o)
 .ARM.attributes
                0x000008b2       0x32 h:/simplicity/developer/toolchains/gnu_arm/4.9_2015q3/bin/../lib/gcc/arm-none-eabi/4.9.3/../../../../arm-none-eabi/lib/armv7e-m/softfp\libc_nano.a(lib_a-exit.o)
 .ARM.attributes
                0x000008e4       0x32 h:/simplicity/developer/toolchains/gnu_arm/4.9_2015q3/bin/../lib/gcc/arm-none-eabi/4.9.3/../../../../arm-none-eabi/lib/armv7e-m/softfp\libc_nano.a(lib_a-impure.o)
 .ARM.attributes
                0x00000916       0x32 h:/simplicity/developer/toolchains/gnu_arm/4.9_2015q3/bin/../lib/gcc/arm-none-eabi/4.9.3/../../../../arm-none-eabi/lib/armv7e-m/softfp\libc_nano.a(lib_a-init.o)
 .ARM.attributes
                0x00000948       0x32 h:/simplicity/developer/toolchains/gnu_arm/4.9_2015q3/bin/../lib/gcc/arm-none-eabi/4.9.3/../../../../arm-none-eabi/lib/armv7e-m/softfp\libc_nano.a(lib_a-memcpy.o)
 .ARM.attributes
                0x0000097a       0x32 h:/simplicity/developer/toolchains/gnu_arm/4.9_2015q3/bin/../lib/gcc/arm-none-eabi/4.9.3/../../../../arm-none-eabi/lib/armv7e-m/softfp\libc_nano.a(lib_a-memset.o)
 .ARM.attributes
                0x000009ac       0x32 h:/simplicity/developer/toolchains/gnu_arm/4.9_2015q3/bin/../lib/gcc/arm-none-eabi/4.9.3/../../../../arm-none-eabi/lib/armv7e-m/softfp\libnosys.a(_exit.o)
 .ARM.attributes
                0x000009de       0x32 h:/simplicity/developer/toolchains/gnu_arm/4.9_2015q3/bin/../lib/gcc/arm-none-eabi/4.9.3/armv7e-m/softfp/crtend.o
 .ARM.attributes
                0x00000a10       0x22 h:/simplicity/developer/toolchains/gnu_arm/4.9_2015q3/bin/../lib/gcc/arm-none-eabi/4.9.3/armv7e-m/softfp/crtn.o

.comment        0x00000000       0xee
 .comment       0x00000000       0x70 ./application_properties.o
                                 0x71 (size before relaxing)
 .comment       0x00000000       0x71 ./gatt_db.o
 .comment       0x00000000       0x71 ./init_board.o
 .comment       0x00000000       0x71 ./init_mcu.o
 .comment       0x00000000       0x71 ./main.o
 .comment       0x00000000       0x71 ./hardware/kit/common/drivers/mx25flash_spi.o
 .comment       0x00000000       0x71 ./platform/Device/SiliconLabs/EFR32BG13P/Source/GCC/startup_efr32bg13p.o
 .comment       0x00000000       0x71 ./platform/Device/SiliconLabs/EFR32BG13P/Source/system_efr32bg13p.o
 .comment       0x00000000       0x71 ./platform/emlib/src/em_cmu.o
 .comment       0x00000000       0x71 ./platform/emlib/src/em_core.o
 .comment       0x00000000       0x71 ./platform/emlib/src/em_emu.o
 .comment       0x00000000       0x71 ./platform/emlib/src/em_gpio.o
 .comment       0x00000000       0x71 ./platform/emlib/src/em_i2c.o
 .comment       0x00000000       0x71 ./platform/emlib/src/em_letimer.o
 .comment       0x00000000       0x71 ./platform/emlib/src/em_rtcc.o
 .comment       0x00000000       0x71 ./platform/emlib/src/em_usart.o
 .comment       0x00000000       0x71 ./src/I2C.o
 .comment       0x00000000       0x71 ./src/cmu.o
 .comment       0x00000000       0x71 ./src/gpio.o
 .comment       0x00000000       0x71 ./src/letimer.o
 .comment       0x00000000       0x71 ./src/sleepblock.o
 .comment       0x00000000       0x71 ./src/tempsensor.o
 .comment       0x00000070       0x7e F:\MS Embedded Systems\IOT\Practicals\I2C_temp\Blinky_SDK_2_9\platform\radio\rail_lib\autogen\librail_release\librail_efr32xg13_gcc_release.a(rail_rf_hal.o)
                                 0x7f (size before relaxing)
 .comment       0x00000000       0x7f F:\MS Embedded Systems\IOT\Practicals\I2C_temp\Blinky_SDK_2_9\platform\radio\rail_lib\autogen\librail_release\librail_efr32xg13_gcc_release.a(rail_singleprotocol.o)
 .comment       0x00000000       0x7f F:\MS Embedded Systems\IOT\Practicals\I2C_temp\Blinky_SDK_2_9\platform\radio\rail_lib\autogen\librail_release\librail_efr32xg13_gcc_release.a(rail_rf.o)
 .comment       0x00000000       0x7f F:\MS Embedded Systems\IOT\Practicals\I2C_temp\Blinky_SDK_2_9\platform\radio\rail_lib\autogen\librail_release\librail_efr32xg13_gcc_release.a(rail_calibration.o)
 .comment       0x00000000       0x7f F:\MS Embedded Systems\IOT\Practicals\I2C_temp\Blinky_SDK_2_9\platform\radio\rail_lib\autogen\librail_release\librail_efr32xg13_gcc_release.a(rail_assert.o)
 .comment       0x00000000       0x7f F:\MS Embedded Systems\IOT\Practicals\I2C_temp\Blinky_SDK_2_9\platform\radio\rail_lib\autogen\librail_release\librail_efr32xg13_gcc_release.a(bufc.o)
 .comment       0x00000000       0x7f F:\MS Embedded Systems\IOT\Practicals\I2C_temp\Blinky_SDK_2_9\platform\radio\rail_lib\autogen\librail_release\librail_efr32xg13_gcc_release.a(pa.o)
 .comment       0x00000000       0x7f F:\MS Embedded Systems\IOT\Practicals\I2C_temp\Blinky_SDK_2_9\platform\radio\rail_lib\autogen\librail_release\librail_efr32xg13_gcc_release.a(protimer.o)
 .comment       0x00000000       0x7f F:\MS Embedded Systems\IOT\Practicals\I2C_temp\Blinky_SDK_2_9\platform\radio\rail_lib\autogen\librail_release\librail_efr32xg13_gcc_release.a(pti.o)
 .comment       0x00000000       0x7f F:\MS Embedded Systems\IOT\Practicals\I2C_temp\Blinky_SDK_2_9\platform\radio\rail_lib\autogen\librail_release\librail_efr32xg13_gcc_release.a(radio.o)
 .comment       0x00000000       0x7f F:\MS Embedded Systems\IOT\Practicals\I2C_temp\Blinky_SDK_2_9\platform\radio\rail_lib\autogen\librail_release\librail_efr32xg13_gcc_release.a(rfsense.o)
 .comment       0x00000000       0x7f F:\MS Embedded Systems\IOT\Practicals\I2C_temp\Blinky_SDK_2_9\platform\radio\rail_lib\autogen\librail_release\librail_efr32xg13_gcc_release.a(rtccsync.o)
 .comment       0x00000000       0x7f F:\MS Embedded Systems\IOT\Practicals\I2C_temp\Blinky_SDK_2_9\platform\radio\rail_lib\autogen\librail_release\librail_efr32xg13_gcc_release.a(synth.o)
 .comment       0x00000000       0x7f F:\MS Embedded Systems\IOT\Practicals\I2C_temp\Blinky_SDK_2_9\platform\radio\rail_lib\autogen\librail_release\librail_efr32xg13_gcc_release.a(generic_phy.o)

.debug_info     0x00000000     0xe244
 .debug_info    0x00000000      0x168 ./application_properties.o
 .debug_info    0x00000168      0x5ae ./gatt_db.o
 .debug_info    0x00000716      0x424 ./init_board.o
 .debug_info    0x00000b3a      0x9af ./init_mcu.o
 .debug_info    0x000014e9      0x6fe ./main.o
 .debug_info    0x00001be7     0x1623 ./hardware/kit/common/drivers/mx25flash_spi.o
 .debug_info    0x0000320a      0x1fc ./platform/Device/SiliconLabs/EFR32BG13P/Source/GCC/startup_efr32bg13p.o
 .debug_info    0x00003406      0x8ab ./platform/Device/SiliconLabs/EFR32BG13P/Source/system_efr32bg13p.o
 .debug_info    0x00003cb1     0x23e9 ./platform/emlib/src/em_cmu.o
 .debug_info    0x0000609a      0xd28 ./platform/emlib/src/em_core.o
 .debug_info    0x00006dc2     0x2370 ./platform/emlib/src/em_emu.o
 .debug_info    0x00009132      0xa40 ./platform/emlib/src/em_gpio.o
 .debug_info    0x00009b72      0x933 ./platform/emlib/src/em_i2c.o
 .debug_info    0x0000a4a5      0x507 ./platform/emlib/src/em_letimer.o
 .debug_info    0x0000a9ac      0xb7b ./platform/emlib/src/em_rtcc.o
 .debug_info    0x0000b527      0xfee ./platform/emlib/src/em_usart.o
 .debug_info    0x0000c515      0x58c ./src/I2C.o
 .debug_info    0x0000caa1      0x25b ./src/cmu.o
 .debug_info    0x0000ccfc      0x1a8 ./src/gpio.o
 .debug_info    0x0000cea4      0xe2c ./src/letimer.o
 .debug_info    0x0000dcd0      0x35b ./src/sleepblock.o
 .debug_info    0x0000e02b      0x219 ./src/tempsensor.o

.debug_abbrev   0x00000000     0x229a
 .debug_abbrev  0x00000000       0x97 ./application_properties.o
 .debug_abbrev  0x00000097       0xbd ./gatt_db.o
 .debug_abbrev  0x00000154       0xc3 ./init_board.o
 .debug_abbrev  0x00000217      0x138 ./init_mcu.o
 .debug_abbrev  0x0000034f      0x19c ./main.o
 .debug_abbrev  0x000004eb      0x29a ./hardware/kit/common/drivers/mx25flash_spi.o
 .debug_abbrev  0x00000785      0x10b ./platform/Device/SiliconLabs/EFR32BG13P/Source/GCC/startup_efr32bg13p.o
 .debug_abbrev  0x00000890      0x1a9 ./platform/Device/SiliconLabs/EFR32BG13P/Source/system_efr32bg13p.o
 .debug_abbrev  0x00000a39      0x32a ./platform/emlib/src/em_cmu.o
 .debug_abbrev  0x00000d63      0x239 ./platform/emlib/src/em_core.o
 .debug_abbrev  0x00000f9c      0x32f ./platform/emlib/src/em_emu.o
 .debug_abbrev  0x000012cb      0x1e9 ./platform/emlib/src/em_gpio.o
 .debug_abbrev  0x000014b4      0x259 ./platform/emlib/src/em_i2c.o
 .debug_abbrev  0x0000170d      0x189 ./platform/emlib/src/em_letimer.o
 .debug_abbrev  0x00001896      0x188 ./platform/emlib/src/em_rtcc.o
 .debug_abbrev  0x00001a1e      0x1d9 ./platform/emlib/src/em_usart.o
 .debug_abbrev  0x00001bf7      0x19d ./src/I2C.o
 .debug_abbrev  0x00001d94       0x90 ./src/cmu.o
 .debug_abbrev  0x00001e24       0x90 ./src/gpio.o
 .debug_abbrev  0x00001eb4      0x1e1 ./src/letimer.o
 .debug_abbrev  0x00002095      0x128 ./src/sleepblock.o
 .debug_abbrev  0x000021bd       0xdd ./src/tempsensor.o

.debug_aranges  0x00000000      0xb10
 .debug_aranges
                0x00000000       0x18 ./application_properties.o
 .debug_aranges
                0x00000018       0x18 ./gatt_db.o
 .debug_aranges
                0x00000030       0x20 ./init_board.o
 .debug_aranges
                0x00000050       0x30 ./init_mcu.o
 .debug_aranges
                0x00000080       0x48 ./main.o
 .debug_aranges
                0x000000c8      0x1c0 ./hardware/kit/common/drivers/mx25flash_spi.o
 .debug_aranges
                0x00000288       0x28 ./platform/Device/SiliconLabs/EFR32BG13P/Source/GCC/startup_efr32bg13p.o
 .debug_aranges
                0x000002b0       0x68 ./platform/Device/SiliconLabs/EFR32BG13P/Source/system_efr32bg13p.o
 .debug_aranges
                0x00000318      0x1d0 ./platform/emlib/src/em_cmu.o
 .debug_aranges
                0x000004e8       0xe8 ./platform/emlib/src/em_core.o
 .debug_aranges
                0x000005d0      0x1a8 ./platform/emlib/src/em_emu.o
 .debug_aranges
                0x00000778       0x88 ./platform/emlib/src/em_gpio.o
 .debug_aranges
                0x00000800       0x70 ./platform/emlib/src/em_i2c.o
 .debug_aranges
                0x00000870       0x50 ./platform/emlib/src/em_letimer.o
 .debug_aranges
                0x000008c0       0x50 ./platform/emlib/src/em_rtcc.o
 .debug_aranges
                0x00000910       0xb8 ./platform/emlib/src/em_usart.o
 .debug_aranges
                0x000009c8       0x48 ./src/I2C.o
 .debug_aranges
                0x00000a10       0x20 ./src/cmu.o
 .debug_aranges
                0x00000a30       0x20 ./src/gpio.o
 .debug_aranges
                0x00000a50       0x50 ./src/letimer.o
 .debug_aranges
                0x00000aa0       0x38 ./src/sleepblock.o
 .debug_aranges
                0x00000ad8       0x38 ./src/tempsensor.o

.debug_line     0x00000000     0x6050
 .debug_line    0x00000000      0x173 ./application_properties.o
 .debug_line    0x00000173      0x16b ./gatt_db.o
 .debug_line    0x000002de      0x24f ./init_board.o
 .debug_line    0x0000052d      0x2b8 ./init_mcu.o
 .debug_line    0x000007e5      0x465 ./main.o
 .debug_line    0x00000c4a      0x9e6 ./hardware/kit/common/drivers/mx25flash_spi.o
 .debug_line    0x00001630      0x170 ./platform/Device/SiliconLabs/EFR32BG13P/Source/GCC/startup_efr32bg13p.o
 .debug_line    0x000017a0      0x2d5 ./platform/Device/SiliconLabs/EFR32BG13P/Source/system_efr32bg13p.o
 .debug_line    0x00001a75      0xc2b ./platform/emlib/src/em_cmu.o
 .debug_line    0x000026a0      0x5bf ./platform/emlib/src/em_core.o
 .debug_line    0x00002c5f      0xc4a ./platform/emlib/src/em_emu.o
 .debug_line    0x000038a9      0x4a3 ./platform/emlib/src/em_gpio.o
 .debug_line    0x00003d4c      0x475 ./platform/emlib/src/em_i2c.o
 .debug_line    0x000041c1      0x34e ./platform/emlib/src/em_letimer.o
 .debug_line    0x0000450f      0x3fa ./platform/emlib/src/em_rtcc.o
 .debug_line    0x00004909      0x5bf ./platform/emlib/src/em_usart.o
 .debug_line    0x00004ec8      0x367 ./src/I2C.o
 .debug_line    0x0000522f      0x20f ./src/cmu.o
 .debug_line    0x0000543e      0x216 ./src/gpio.o
 .debug_line    0x00005654      0x486 ./src/letimer.o
 .debug_line    0x00005ada      0x2f4 ./src/sleepblock.o
 .debug_line    0x00005dce      0x282 ./src/tempsensor.o

.debug_str      0x00000000     0x56f5
 .debug_str     0x00000000      0x25b ./application_properties.o
                                0x2a5 (size before relaxing)
 .debug_str     0x0000025b      0x574 ./gatt_db.o
                                0x75a (size before relaxing)
 .debug_str     0x000007cf      0x396 ./init_board.o
                                0x579 (size before relaxing)
 .debug_str     0x00000b65      0x873 ./init_mcu.o
                                0xd3b (size before relaxing)
 .debug_str     0x000013d8      0x2c5 ./main.o
                                0x53b (size before relaxing)
 .debug_str     0x0000169d      0x83c ./hardware/kit/common/drivers/mx25flash_spi.o
                                0xf45 (size before relaxing)
 .debug_str     0x00001ed9       0xea ./platform/Device/SiliconLabs/EFR32BG13P/Source/GCC/startup_efr32bg13p.o
                                0x2d0 (size before relaxing)
 .debug_str     0x00001fc3      0x3e9 ./platform/Device/SiliconLabs/EFR32BG13P/Source/system_efr32bg13p.o
                                0x671 (size before relaxing)
 .debug_str     0x000023ac      0xe38 ./platform/emlib/src/em_cmu.o
                               0x19ba (size before relaxing)
 .debug_str     0x000031e4      0x60f ./platform/emlib/src/em_core.o
                                0x8c0 (size before relaxing)
 .debug_str     0x000037f3      0xbfa ./platform/emlib/src/em_emu.o
                               0x1c4e (size before relaxing)
 .debug_str     0x000043ed      0x1bf ./platform/emlib/src/em_gpio.o
                                0x87a (size before relaxing)
 .debug_str     0x000045ac      0x327 ./platform/emlib/src/em_i2c.o
                                0x89b (size before relaxing)
 .debug_str     0x000048d3      0x1b2 ./platform/emlib/src/em_letimer.o
                                0x453 (size before relaxing)
 .debug_str     0x00004a85      0x394 ./platform/emlib/src/em_rtcc.o
                                0xab8 (size before relaxing)
 .debug_str     0x00004e19      0x6c8 ./platform/emlib/src/em_usart.o
                                0xf3a (size before relaxing)
 .debug_str     0x000054e1       0x92 ./src/I2C.o
                                0x657 (size before relaxing)
 .debug_str     0x00005573       0x16 ./src/cmu.o
                                0x49f (size before relaxing)
 .debug_str     0x00005589       0x18 ./src/gpio.o
                                0x45a (size before relaxing)
 .debug_str     0x000055a1       0xad ./src/letimer.o
                                0xe00 (size before relaxing)
 .debug_str     0x0000564e       0x4f ./src/sleepblock.o
                                0x2d4 (size before relaxing)
 .debug_str     0x0000569d       0x58 ./src/tempsensor.o
                                0x418 (size before relaxing)

.debug_loc      0x00000000     0x589c
 .debug_loc     0x00000000       0x2c ./init_board.o
 .debug_loc     0x0000002c       0xe4 ./init_mcu.o
 .debug_loc     0x00000110      0x1e0 ./main.o
 .debug_loc     0x000002f0      0xeec ./hardware/kit/common/drivers/mx25flash_spi.o
 .debug_loc     0x000011dc       0x64 ./platform/Device/SiliconLabs/EFR32BG13P/Source/GCC/startup_efr32bg13p.o
 .debug_loc     0x00001240      0x2e4 ./platform/Device/SiliconLabs/EFR32BG13P/Source/system_efr32bg13p.o
 .debug_loc     0x00001524     0x1154 ./platform/emlib/src/em_cmu.o
 .debug_loc     0x00002678      0x88c ./platform/emlib/src/em_core.o
 .debug_loc     0x00002f04      0xf06 ./platform/emlib/src/em_emu.o
 .debug_loc     0x00003e0a      0x4b4 ./platform/emlib/src/em_gpio.o
 .debug_loc     0x000042be      0x3ac ./platform/emlib/src/em_i2c.o
 .debug_loc     0x0000466a      0x284 ./platform/emlib/src/em_letimer.o
 .debug_loc     0x000048ee      0x254 ./platform/emlib/src/em_rtcc.o
 .debug_loc     0x00004b42      0x6d2 ./platform/emlib/src/em_usart.o
 .debug_loc     0x00005214      0x1e0 ./src/I2C.o
 .debug_loc     0x000053f4       0x2c ./src/cmu.o
 .debug_loc     0x00005420       0x2c ./src/gpio.o
 .debug_loc     0x0000544c      0x26c ./src/letimer.o
 .debug_loc     0x000056b8      0x110 ./src/sleepblock.o
 .debug_loc     0x000057c8       0xd4 ./src/tempsensor.o

.debug_ranges   0x00000000      0x9a0
 .debug_ranges  0x00000000       0x10 ./init_board.o
 .debug_ranges  0x00000010       0x20 ./init_mcu.o
 .debug_ranges  0x00000030       0x38 ./main.o
 .debug_ranges  0x00000068      0x1b0 ./hardware/kit/common/drivers/mx25flash_spi.o
 .debug_ranges  0x00000218       0x18 ./platform/Device/SiliconLabs/EFR32BG13P/Source/GCC/startup_efr32bg13p.o
 .debug_ranges  0x00000230       0x58 ./platform/Device/SiliconLabs/EFR32BG13P/Source/system_efr32bg13p.o
 .debug_ranges  0x00000288      0x1c0 ./platform/emlib/src/em_cmu.o
 .debug_ranges  0x00000448       0xd8 ./platform/emlib/src/em_core.o
 .debug_ranges  0x00000520      0x198 ./platform/emlib/src/em_emu.o
 .debug_ranges  0x000006b8       0x78 ./platform/emlib/src/em_gpio.o
 .debug_ranges  0x00000730       0x60 ./platform/emlib/src/em_i2c.o
 .debug_ranges  0x00000790       0x40 ./platform/emlib/src/em_letimer.o
 .debug_ranges  0x000007d0       0x40 ./platform/emlib/src/em_rtcc.o
 .debug_ranges  0x00000810       0xa8 ./platform/emlib/src/em_usart.o
 .debug_ranges  0x000008b8       0x38 ./src/I2C.o
 .debug_ranges  0x000008f0       0x10 ./src/cmu.o
 .debug_ranges  0x00000900       0x10 ./src/gpio.o
 .debug_ranges  0x00000910       0x40 ./src/letimer.o
 .debug_ranges  0x00000950       0x28 ./src/sleepblock.o
 .debug_ranges  0x00000978       0x28 ./src/tempsensor.o

.debug_frame    0x00000000     0x2adc
 .debug_frame   0x00000000       0x2c ./init_board.o
 .debug_frame   0x0000002c       0x80 ./init_mcu.o
 .debug_frame   0x000000ac       0xec ./main.o
 .debug_frame   0x00000198      0x74c ./hardware/kit/common/drivers/mx25flash_spi.o
 .debug_frame   0x000008e4       0x48 ./platform/Device/SiliconLabs/EFR32BG13P/Source/GCC/startup_efr32bg13p.o
 .debug_frame   0x0000092c      0x164 ./platform/Device/SiliconLabs/EFR32BG13P/Source/system_efr32bg13p.o
 .debug_frame   0x00000a90      0x7f4 ./platform/emlib/src/em_cmu.o
 .debug_frame   0x00001284      0x3dc ./platform/emlib/src/em_core.o
 .debug_frame   0x00001660      0x714 ./platform/emlib/src/em_emu.o
 .debug_frame   0x00001d74      0x228 ./platform/emlib/src/em_gpio.o
 .debug_frame   0x00001f9c      0x1b0 ./platform/emlib/src/em_i2c.o
 .debug_frame   0x0000214c      0x128 ./platform/emlib/src/em_letimer.o
 .debug_frame   0x00002274      0x118 ./platform/emlib/src/em_rtcc.o
 .debug_frame   0x0000238c      0x310 ./platform/emlib/src/em_usart.o
 .debug_frame   0x0000269c       0xf0 ./src/I2C.o
 .debug_frame   0x0000278c       0x2c ./src/cmu.o
 .debug_frame   0x000027b8       0x2c ./src/gpio.o
 .debug_frame   0x000027e4      0x120 ./src/letimer.o
 .debug_frame   0x00002904       0x94 ./src/sleepblock.o
 .debug_frame   0x00002998       0x88 ./src/tempsensor.o
 .debug_frame   0x00002a20       0x28 h:/simplicity/developer/toolchains/gnu_arm/4.9_2015q3/bin/../lib/gcc/arm-none-eabi/4.9.3/../../../../arm-none-eabi/lib/armv7e-m/softfp\libc_nano.a(lib_a-exit.o)
 .debug_frame   0x00002a48       0x2c h:/simplicity/developer/toolchains/gnu_arm/4.9_2015q3/bin/../lib/gcc/arm-none-eabi/4.9.3/../../../../arm-none-eabi/lib/armv7e-m/softfp\libc_nano.a(lib_a-init.o)
 .debug_frame   0x00002a74       0x28 h:/simplicity/developer/toolchains/gnu_arm/4.9_2015q3/bin/../lib/gcc/arm-none-eabi/4.9.3/../../../../arm-none-eabi/lib/armv7e-m/softfp\libc_nano.a(lib_a-memcpy.o)
 .debug_frame   0x00002a9c       0x20 h:/simplicity/developer/toolchains/gnu_arm/4.9_2015q3/bin/../lib/gcc/arm-none-eabi/4.9.3/../../../../arm-none-eabi/lib/armv7e-m/softfp\libc_nano.a(lib_a-memset.o)
 .debug_frame   0x00002abc       0x20 h:/simplicity/developer/toolchains/gnu_arm/4.9_2015q3/bin/../lib/gcc/arm-none-eabi/4.9.3/../../../../arm-none-eabi/lib/armv7e-m/softfp\libnosys.a(_exit.o)
